ARM Linker, 5.03 [Build 76] [MDK-ARM Lite]

==============================================================================

Section Cross References

    startup_stm32l1xx_md.o(RESET) refers to startup_stm32l1xx_md.o(STACK) for __initial_sp
    startup_stm32l1xx_md.o(RESET) refers to startup_stm32l1xx_md.o(.text) for Reset_Handler
    startup_stm32l1xx_md.o(RESET) refers to main.o(.text) for SysTick_Handler
    startup_stm32l1xx_md.o(.text) refers to system_stm32l1xx.o(.text) for SystemInit
    startup_stm32l1xx_md.o(.text) refers to entry.o(.ARM.Collect$$$$00000000) for __main
    main.o(.text) refers to stm32l1xx_exti.o(.text) for EXTI_ClearITPendingBit
    main.o(.text) refers to stm32l1xx_tim.o(.text) for TIM_ClearITPendingBit
    main.o(.text) refers to stm32l1xx_dma.o(.text) for DMA_ClearFlag
    main.o(.text) refers to dfltui.o(.text) for __aeabi_ui2d
    main.o(.text) refers to ddiv.o(.text) for __aeabi_ddiv
    main.o(.text) refers to dmul.o(.text) for __aeabi_dmul
    main.o(.text) refers to d2f.o(.text) for __aeabi_d2f
    main.o(.text) refers to stm32l1xx_adc.o(.text) for ADC_DMACmd
    main.o(.text) refers to stm32l1xx_flash.o(.text) for DATA_EEPROM_Unlock
    main.o(.text) refers to main.o(.data) for TimingDelay
    main.o(.text) refers to main.o(.bss) for ADC_ConvertedValueBuff
    main.o(.text) refers to misc.o(.text) for NVIC_Init
    main.o(.text) refers to stm32l1xx_gpio.o(.text) for GPIO_Init
    main.o(.text) refers to stm32l1xx_syscfg.o(.text) for SYSCFG_EXTILineConfig
    main.o(.text) refers to uart.o(.text) for USART_open
    main.o(.text) refers to stm32l1xx_rcc.o(.text) for RCC_GetClocksFreq
    main.o(.text) refers to stm32l1xx_pwr.o(.text) for PWR_RTCAccessCmd
    main.o(.text) refers to i2c.o(.text) for I2C_LowLevel_Init
    main.o(.text) refers to bmp085.o(.text) for BMP085_RawCalibData
    main.o(.text) refers to printfa.o(i.__0sprintf) for __2sprintf
    main.o(.text) refers to strlen.o(.text) for strlen
    main.o(.text) refers to dht11.o(.text) for DHT11_RawRead
    main.o(.text) refers to stm32l1xx_usart.o(.text) for USART_GetFlagStatus
    main.o(.text) refers to f2d.o(.text) for __aeabi_f2d
    main.o(.text) refers to stm32l1xx_dac.o(.text) for DAC_Init
    main.o(.text) refers to main.o(.constdata) for .constdata
    system_stm32l1xx.o(.text) refers to system_stm32l1xx.o(.data) for SystemCoreClock
    dht11.o(.text) refers to stm32l1xx_gpio.o(.text) for GPIO_ReadInputDataBit
    dht11.o(.text) refers to main.o(.text) for Delay
    dht11.o(.text) refers to fflti.o(.text) for __aeabi_i2f
    dht11.o(.text) refers to f2d.o(.text) for __aeabi_f2d
    dht11.o(.text) refers to ddiv.o(.text) for __aeabi_ddiv
    dht11.o(.text) refers to d2f.o(.text) for __aeabi_d2f
    dht11.o(.text) refers to fmul.o(.text) for __aeabi_fmul
    uart.o(.text) refers to stm32l1xx_rcc.o(.text) for RCC_AHBPeriphClockCmd
    uart.o(.text) refers to stm32l1xx_gpio.o(.text) for GPIO_Init
    uart.o(.text) refers to stm32l1xx_usart.o(.text) for USART_Init
    uart.o(.text) refers to stm32l1xx_dma.o(.text) for DMA_DeInit
    uart.o(.text) refers to main.o(.text) for Delay
    i2c.o(.text) refers to stm32l1xx_i2c.o(.text) for I2C_GetFlagStatus
    i2c.o(.text) refers to stm32l1xx_rcc.o(.text) for RCC_AHBPeriphClockCmd
    i2c.o(.text) refers to stm32l1xx_gpio.o(.text) for GPIO_StructInit
    bmp085.o(.text) refers to i2c.o(.text) for I2C_Write
    bmp085.o(.text) refers to main.o(.text) for Delay
    bmp085.o(.text) refers to fflti.o(.text) for __aeabi_i2f
    bmp085.o(.text) refers to fdiv.o(.text) for __aeabi_fdiv
    bmp085.o(.text) refers to fmul.o(.text) for __aeabi_fmul
    stm32l1xx_gpio.o(.text) refers to stm32l1xx_rcc.o(.text) for RCC_AHBPeriphResetCmd
    stm32l1xx_rcc.o(.text) refers to stm32l1xx_rcc.o(.data) for PLLMulTable
    stm32l1xx_syscfg.o(.text) refers to stm32l1xx_rcc.o(.text) for RCC_APB2PeriphResetCmd
    stm32l1xx_tim.o(.text) refers to stm32l1xx_rcc.o(.text) for RCC_APB1PeriphResetCmd
    stm32l1xx_usart.o(.text) refers to stm32l1xx_rcc.o(.text) for RCC_APB2PeriphResetCmd
    stm32l1xx_adc.o(.text) refers to stm32l1xx_rcc.o(.text) for RCC_APB2PeriphResetCmd
    stm32l1xx_pwr.o(.text) refers to stm32l1xx_rcc.o(.text) for RCC_APB1PeriphResetCmd
    stm32l1xx_dac.o(.text) refers to stm32l1xx_rcc.o(.text) for RCC_APB1PeriphResetCmd
    stm32l1xx_i2c.o(.text) refers to stm32l1xx_rcc.o(.text) for RCC_APB1PeriphResetCmd
    entry.o(.ARM.Collect$$$$00000000) refers (Special) to entry10a.o(.ARM.Collect$$$$0000000D) for __rt_final_cpp
    entry.o(.ARM.Collect$$$$00000000) refers (Special) to entry11a.o(.ARM.Collect$$$$0000000F) for __rt_final_exit
    entry.o(.ARM.Collect$$$$00000000) refers (Special) to entry7b.o(.ARM.Collect$$$$00000008) for _main_clock
    entry.o(.ARM.Collect$$$$00000000) refers (Special) to entry8b.o(.ARM.Collect$$$$0000000A) for _main_cpp_init
    entry.o(.ARM.Collect$$$$00000000) refers (Special) to entry9a.o(.ARM.Collect$$$$0000000B) for _main_init
[...]
    printf8.o(i.__0printf$8) refers to stdout.o(.data) for __stdout
    printf8.o(i.__0snprintf$8) refers to printf8.o(i._printf_core) for _printf_core
    printf8.o(i.__0snprintf$8) refers to printf8.o(i._snputc) for _snputc
    printf8.o(i.__0sprintf$8) refers to printf8.o(i._printf_core) for _printf_core
    printf8.o(i.__0sprintf$8) refers to printf8.o(i._sputc) for _sputc
    printf8.o(i.__0vfprintf$8) refers to printf8.o(i._printf_core) for _printf_core
    printf8.o(i.__0vfprintf$8) refers to fputc.o(i.fputc) for fputc
    printf8.o(i.__0vprintf$8) refers to printf8.o(i._printf_core) for _printf_core
    printf8.o(i.__0vprintf$8) refers to fputc.o(i.fputc) for fputc
    printf8.o(i.__0vprintf$8) refers to stdout.o(.data) for __stdout
    printf8.o(i.__0vsnprintf$8) refers to printf8.o(i._printf_core) for _printf_core
    printf8.o(i.__0vsnprintf$8) refers to printf8.o(i._snputc) for _snputc
    printf8.o(i.__0vsprintf$8) refers to printf8.o(i._printf_core) for _printf_core
    printf8.o(i.__0vsprintf$8) refers to printf8.o(i._sputc) for _sputc
    printf8.o(i._printf_core) refers to printf8.o(i._printf_pre_padding) for _printf_pre_padding
    printf8.o(i._printf_core) refers to uldiv.o(.text) for __aeabi_uldivmod
    printf8.o(i._printf_core) refers to printf8.o(i._printf_post_padding) for _printf_post_padding
    printfa.o(i.__0fprintf) refers (Special) to iusefp.o(.text) for __I$use$fp
    printfa.o(i.__0fprintf) refers to printfa.o(i._printf_core) for _printf_core
    printfa.o(i.__0fprintf) refers to fputc.o(i.fputc) for fputc
    printfa.o(i.__0printf) refers (Special) to iusefp.o(.text) for __I$use$fp
    printfa.o(i.__0printf) refers to printfa.o(i._printf_core) for _printf_core
    printfa.o(i.__0printf) refers to fputc.o(i.fputc) for fputc
    printfa.o(i.__0printf) refers to stdout.o(.data) for __stdout
    printfa.o(i.__0snprintf) refers (Special) to iusefp.o(.text) for __I$use$fp
    printfa.o(i.__0snprintf) refers to printfa.o(i._printf_core) for _printf_core
    printfa.o(i.__0snprintf) refers to printfa.o(i._snputc) for _snputc
    printfa.o(i.__0sprintf) refers (Special) to iusefp.o(.text) for __I$use$fp
    printfa.o(i.__0sprintf) refers to printfa.o(i._printf_core) for _printf_core
    printfa.o(i.__0sprintf) refers to printfa.o(i._sputc) for _sputc
    printfa.o(i.__0vfprintf) refers (Special) to iusefp.o(.text) for __I$use$fp
    printfa.o(i.__0vfprintf) refers to printfa.o(i._printf_core) for _printf_core
    printfa.o(i.__0vfprintf) refers to fputc.o(i.fputc) for fputc
    printfa.o(i.__0vprintf) refers (Special) to iusefp.o(.text) for __I$use$fp
    printfa.o(i.__0vprintf) refers to printfa.o(i._printf_core) for _printf_core
    printfa.o(i.__0vprintf) refers to fputc.o(i.fputc) for fputc
    printfa.o(i.__0vprintf) refers to stdout.o(.data) for __stdout
    printfa.o(i.__0vsnprintf) refers (Special) to iusefp.o(.text) for __I$use$fp
    printfa.o(i.__0vsnprintf) refers to printfa.o(i._printf_core) for _printf_core
    printfa.o(i.__0vsnprintf) refers to printfa.o(i._snputc) for _snputc
    printfa.o(i.__0vsprintf) refers (Special) to iusefp.o(.text) for __I$use$fp
    printfa.o(i.__0vsprintf) refers to printfa.o(i._printf_core) for _printf_core
    printfa.o(i.__0vsprintf) refers to printfa.o(i._sputc) for _sputc
    printfa.o(i._fp_digits) refers (Special) to iusefp.o(.text) for __I$use$fp
    printfa.o(i._fp_digits) refers to dmul.o(.text) for __aeabi_dmul
    printfa.o(i._fp_digits) refers to ddiv.o(.text) for __aeabi_ddiv
    printfa.o(i._fp_digits) refers to cdrcmple.o(.text) for __aeabi_cdrcmple
    printfa.o(i._fp_digits) refers to dadd.o(.text) for __aeabi_dadd
    printfa.o(i._fp_digits) refers to dfixul.o(.text) for __aeabi_d2ulz
    printfa.o(i._fp_digits) refers to uldiv.o(.text) for __aeabi_uldivmod
    printfa.o(i._printf_core) refers (Special) to iusefp.o(.text) for __I$use$fp
    printfa.o(i._printf_core) refers to printfa.o(i._printf_pre_padding) for _printf_pre_padding
    printfa.o(i._printf_core) refers to uldiv.o(.text) for __aeabi_uldivmod
    printfa.o(i._printf_core) refers to printfa.o(i._printf_post_padding) for _printf_post_padding
    printfa.o(i._printf_core) refers to printfa.o(i._fp_digits) for _fp_digits
    printfa.o(i._printf_core) refers to uidiv.o(.text) for __aeabi_uidivmod
    printfa.o(i._printf_post_padding) refers (Special) to iusefp.o(.text) for __I$use$fp
    printfa.o(i._printf_pre_padding) refers (Special) to iusefp.o(.text) for __I$use$fp
    printfa.o(i._snputc) refers (Special) to iusefp.o(.text) for __I$use$fp
    printfa.o(i._sputc) refers (Special) to iusefp.o(.text) for __I$use$fp
    fmul.o(.text) refers (Special) to iusefp.o(.text) for __I$use$fp
    fdiv.o(.text) refers (Special) to iusefp.o(.text) for __I$use$fp
    fdiv.o(.text) refers to fepilogue.o(.text) for _float_round
    dmul.o(.text) refers (Special) to iusefp.o(.text) for __I$use$fp
    dmul.o(.text) refers to depilogue.o(.text) for _double_epilogue
    ddiv.o(.text) refers (Special) to iusefp.o(.text) for __I$use$fp
    ddiv.o(.text) refers to depilogue.o(.text) for _double_round
    fflti.o(.text) refers (Special) to iusefp.o(.text) for __I$use$fp
    fflti.o(.text) refers to fepilogue.o(.text) for _float_epilogue
    dfltui.o(.text) refers (Special) to iusefp.o(.text) for __I$use$fp
    dfltui.o(.text) refers to depilogue.o(.text) for _double_epilogue
    f2d.o(.text) refers (Special) to iusefp.o(.text) for __I$use$fp
    d2f.o(.text) refers (Special) to iusefp.o(.text) for __I$use$fp
    d2f.o(.text) refers to fepilogue.o(.text) for _float_round
    entry2.o(.ARM.Collect$$$$00000001) refers to entry2.o(.ARM.Collect$$$$00002712) for __lit__00000000
    entry2.o(.ARM.Collect$$$$00002712) refers to startup_stm32l1xx_md.o(STACK) for __initial_sp
    entry2.o(__vectab_stack_and_reset_area) refers to startup_stm32l1xx_md.o(STACK) for __initial_sp
    entry2.o(__vectab_stack_and_reset_area) refers to entry.o(.ARM.Collect$$$$00000000) for __main
    entry5.o(.ARM.Collect$$$$00000004) refers to init.o(.text) for __scatterload
    entry9a.o(.ARM.Collect$$$$0000000B) refers to main.o(.text) for main
    entry9b.o(.ARM.Collect$$$$0000000C) refers to main.o(.text) for main
    fputc.o(i.fputc) refers (Special) to iusesemip.o(.text) for __I$use$semihosting$fputc
    fputc.o(i.fputc) refers (Special) to semi.o(.text) for __semihosting_library_function
    uldiv.o(.text) refers to llushr.o(.text) for __aeabi_llsr
    uldiv.o(.text) refers to llshl.o(.text) for __aeabi_llsl
    depilogue.o(.text) refers to llshl.o(.text) for __aeabi_llsl
    depilogue.o(.text) refers to llushr.o(.text) for __aeabi_llsr
    dadd.o(.text) refers to llshl.o(.text) for __aeabi_llsl
    dadd.o(.text) refers to llsshr.o(.text) for __aeabi_lasr
    dadd.o(.text) refers to depilogue.o(.text) for _double_epilogue
    dfixul.o(.text) refers to llushr.o(.text) for __aeabi_llsr
    dfixul.o(.text) refers to llshl.o(.text) for __aeabi_llsl
    init.o(.text) refers to entry5.o(.ARM.Collect$$$$00000004) for __main_after_scatterload


==============================================================================

Removing Unused input sections from the image.

    Removing startup_stm32l1xx_md.o(HEAP), (512 bytes).
    Removing main.o(.rev16_text), (4 bytes).
    Removing main.o(.revsh_text), (4 bytes).
    Removing system_stm32l1xx.o(.rev16_text), (4 bytes).
    Removing system_stm32l1xx.o(.revsh_text), (4 bytes).
    Removing dht11.o(.rev16_text), (4 bytes).
    Removing dht11.o(.revsh_text), (4 bytes).
    Removing uart.o(.rev16_text), (4 bytes).
    Removing uart.o(.revsh_text), (4 bytes).
    Removing i2c.o(.rev16_text), (4 bytes).
    Removing i2c.o(.revsh_text), (4 bytes).
    Removing bmp085.o(.rev16_text), (4 bytes).
    Removing bmp085.o(.revsh_text), (4 bytes).
    Removing stm32l1xx_gpio.o(.rev16_text), (4 bytes).
    Removing stm32l1xx_gpio.o(.revsh_text), (4 bytes).
    Removing stm32l1xx_rcc.o(.rev16_text), (4 bytes).
    Removing stm32l1xx_rcc.o(.revsh_text), (4 bytes).
    Removing stm32l1xx_rtc.o(.rev16_text), (4 bytes).
    Removing stm32l1xx_rtc.o(.revsh_text), (4 bytes).
    Removing stm32l1xx_rtc.o(.text), (2792 bytes).
    Removing stm32l1xx_syscfg.o(.rev16_text), (4 bytes).
    Removing stm32l1xx_syscfg.o(.revsh_text), (4 bytes).
    Removing stm32l1xx_tim.o(.rev16_text), (4 bytes).
    Removing stm32l1xx_tim.o(.revsh_text), (4 bytes).
    Removing stm32l1xx_usart.o(.rev16_text), (4 bytes).
    Removing stm32l1xx_usart.o(.revsh_text), (4 bytes).
    Removing misc.o(.rev16_text), (4 bytes).
    Removing misc.o(.revsh_text), (4 bytes).
    Removing stm32l1xx_exti.o(.rev16_text), (4 bytes).
    Removing stm32l1xx_exti.o(.revsh_text), (4 bytes).
    Removing stm32l1xx_dma.o(.rev16_text), (4 bytes).
    Removing stm32l1xx_dma.o(.revsh_text), (4 bytes).
    Removing stm32l1xx_adc.o(.rev16_text), (4 bytes).
    Removing stm32l1xx_adc.o(.revsh_text), (4 bytes).
    Removing stm32l1xx_flash.o(.rev16_text), (4 bytes).
    Removing stm32l1xx_flash.o(.revsh_text), (4 bytes).
    Removing stm32l1xx_pwr.o(.rev16_text), (4 bytes).
    Removing stm32l1xx_pwr.o(.revsh_text), (4 bytes).
    Removing stm32l1xx_dac.o(.rev16_text), (4 bytes).
    Removing stm32l1xx_dac.o(.revsh_text), (4 bytes).
    Removing stm32l1xx_i2c.o(.rev16_text), (4 bytes).
    Removing stm32l1xx_i2c.o(.revsh_text), (4 bytes).

42 unused section(s) (total 3464 bytes) removed from the image.

==============================================================================

Image Symbol Table

    Local Symbols

    Symbol Name                              Value     Ov Type        Size  Object(Section)

    ../clib/microlib/division.c              0x00000000   Number         0  uidiv.o ABSOLUTE
    ../clib/microlib/division.c              0x00000000   Number         0  uldiv.o ABSOLUTE
    ../clib/microlib/init/entry.s            0x00000000   Number         0  entry8b.o ABSOLUTE
    ../clib/microlib/init/entry.s            0x00000000   Number         0  entry8a.o ABSOLUTE
    ../clib/microlib/init/entry.s            0x00000000   Number         0  entry11b.o ABSOLUTE
    ../clib/microlib/init/entry.s            0x00000000   Number         0  entry7b.o ABSOLUTE
    ../clib/microlib/init/entry.s            0x00000000   Number         0  entry7a.o ABSOLUTE
    ../clib/microlib/init/entry.s            0x00000000   Number         0  entry5.o ABSOLUTE
    ../clib/microlib/init/entry.s            0x00000000   Number         0  entry2.o ABSOLUTE
    ../clib/microlib/init/entry.s            0x00000000   Number         0  entry9a.o ABSOLUTE
    ../clib/microlib/init/entry.s            0x00000000   Number         0  entry.o ABSOLUTE
    ../clib/microlib/init/entry.s            0x00000000   Number         0  entry11a.o ABSOLUTE
    ../clib/microlib/init/entry.s            0x00000000   Number         0  entry10b.o ABSOLUTE
    ../clib/microlib/init/entry.s            0x00000000   Number         0  entry10a.o ABSOLUTE
    ../clib/microlib/init/entry.s            0x00000000   Number         0  entry9b.o ABSOLUTE
    ../clib/microlib/longlong.c              0x00000000   Number         0  llshl.o ABSOLUTE
    ../clib/microlib/longlong.c              0x00000000   Number         0  llushr.o ABSOLUTE
    ../clib/microlib/longlong.c              0x00000000   Number         0  llsshr.o ABSOLUTE
    ../clib/microlib/printf/printf.c         0x00000000   Number         0  printf4.o ABSOLUTE
    ../clib/microlib/printf/printf.c         0x00000000   Number         0  printf2.o ABSOLUTE
    ../clib/microlib/printf/printf.c         0x00000000   Number         0  printf3.o ABSOLUTE
    ../clib/microlib/printf/printf.c         0x00000000   Number         0  printf1.o ABSOLUTE
    ../clib/microlib/printf/printf.c         0x00000000   Number         0  printf0.o ABSOLUTE
    ../clib/microlib/printf/printf.c         0x00000000   Number         0  printfb.o ABSOLUTE
    ../clib/microlib/printf/printf.c         0x00000000   Number         0  printf6.o ABSOLUTE
    ../clib/microlib/printf/printf.c         0x00000000   Number         0  printf5.o ABSOLUTE
    ../clib/microlib/printf/printf.c         0x00000000   Number         0  printfa.o ABSOLUTE
    ../clib/microlib/printf/printf.c         0x00000000   Number         0  printf8.o ABSOLUTE
    ../clib/microlib/printf/printf.c         0x00000000   Number         0  printf7.o ABSOLUTE
    ../clib/microlib/printf/stubs.s          0x00000000   Number         0  stubs.o ABSOLUTE
    ../clib/microlib/stdio/fputc.c           0x00000000   Number         0  fputc.o ABSOLUTE
    ../clib/microlib/stdio/semi.s            0x00000000   Number         0  semi.o ABSOLUTE
    ../clib/microlib/stdio/streams.c         0x00000000   Number         0  stdout.o ABSOLUTE
    ../clib/microlib/string/strlen.c         0x00000000   Number         0  strlen.o ABSOLUTE
    ../clib/microlib/stubs.s                 0x00000000   Number         0  iusesemip.o ABSOLUTE
    ../clib/microlib/stubs.s                 0x00000000   Number         0  iusefp.o ABSOLUTE
    ../fplib/microlib/d2f.c                  0x00000000   Number         0  d2f.o ABSOLUTE
    ../fplib/microlib/f2d.c                  0x00000000   Number         0  f2d.o ABSOLUTE
    ../fplib/microlib/fpadd.c                0x00000000   Number         0  dadd.o ABSOLUTE
    ../fplib/microlib/fpdiv.c                0x00000000   Number         0  fdiv.o ABSOLUTE
    ../fplib/microlib/fpdiv.c                0x00000000   Number         0  ddiv.o ABSOLUTE
    ../fplib/microlib/fpepilogue.c           0x00000000   Number         0  fepilogue.o ABSOLUTE
    ../fplib/microlib/fpepilogue.c           0x00000000   Number         0  depilogue.o ABSOLUTE
    ../fplib/microlib/fpfix.c                0x00000000   Number         0  dfixul.o ABSOLUTE
    ../fplib/microlib/fpflt.c                0x00000000   Number         0  fflti.o ABSOLUTE
    ../fplib/microlib/fpflt.c                0x00000000   Number         0  dfltui.o ABSOLUTE
    ../fplib/microlib/fpmul.c                0x00000000   Number         0  dmul.o ABSOLUTE
    ../fplib/microlib/fpmul.c                0x00000000   Number         0  fmul.o ABSOLUTE
    ..\STM32L1xx_StdPeriph_Driver\src\misc.c 0x00000000   Number         0  misc.o ABSOLUTE
    ..\STM32L1xx_StdPeriph_Driver\src\stm32l1xx_adc.c 0x00000000   Number         0  stm32l1xx_adc.o ABSOLUTE
    ..\STM32L1xx_StdPeriph_Driver\src\stm32l1xx_dac.c 0x00000000   Number         0  stm32l1xx_dac.o ABSOLUTE
    ..\STM32L1xx_StdPeriph_Driver\src\stm32l1xx_dma.c 0x00000000   Number         0  stm32l1xx_dma.o ABSOLUTE
    ..\STM32L1xx_StdPeriph_Driver\src\stm32l1xx_exti.c 0x00000000   Number         0  stm32l1xx_exti.o ABSOLUTE
    ..\STM32L1xx_StdPeriph_Driver\src\stm32l1xx_flash.c 0x00000000   Number         0  stm32l1xx_flash.o ABSOLUTE
    ..\STM32L1xx_StdPeriph_Driver\src\stm32l1xx_gpio.c 0x00000000   Number         0  stm32l1xx_gpio.o ABSOLUTE
    ..\STM32L1xx_StdPeriph_Driver\src\stm32l1xx_i2c.c 0x00000000   Number         0  stm32l1xx_i2c.o ABSOLUTE
    ..\STM32L1xx_StdPeriph_Driver\src\stm32l1xx_pwr.c 0x00000000   Number         0  stm32l1xx_pwr.o ABSOLUTE
    ..\STM32L1xx_StdPeriph_Driver\src\stm32l1xx_rcc.c 0x00000000   Number         0  stm32l1xx_rcc.o ABSOLUTE
    ..\STM32L1xx_StdPeriph_Driver\src\stm32l1xx_rtc.c 0x00000000   Number         0  stm32l1xx_rtc.o ABSOLUTE
    ..\STM32L1xx_StdPeriph_Driver\src\stm32l1xx_syscfg.c 0x00000000   Number         0  stm32l1xx_syscfg.o ABSOLUTE
    ..\STM32L1xx_StdPeriph_Driver\src\stm32l1xx_tim.c 0x00000000   Number         0  stm32l1xx_tim.o ABSOLUTE
    ..\STM32L1xx_StdPeriph_Driver\src\stm32l1xx_usart.c 0x00000000   Number         0  stm32l1xx_usart.o ABSOLUTE
    ..\\STM32L1xx_StdPeriph_Driver\\src\\misc.c 0x00000000   Number         0  misc.o ABSOLUTE
    ..\\STM32L1xx_StdPeriph_Driver\\src\\stm32l1xx_adc.c 0x00000000   Number         0  stm32l1xx_adc.o ABSOLUTE
    ..\\STM32L1xx_StdPeriph_Driver\\src\\stm32l1xx_dac.c 0x00000000   Number         0  stm32l1xx_dac.o ABSOLUTE
    ..\\STM32L1xx_StdPeriph_Driver\\src\\stm32l1xx_dma.c 0x00000000   Number         0  stm32l1xx_dma.o ABSOLUTE
    ..\\STM32L1xx_StdPeriph_Driver\\src\\stm32l1xx_exti.c 0x00000000   Number         0  stm32l1xx_exti.o ABSOLUTE
    ..\\STM32L1xx_StdPeriph_Driver\\src\\stm32l1xx_flash.c 0x00000000   Number         0  stm32l1xx_flash.o ABSOLUTE
    ..\\STM32L1xx_StdPeriph_Driver\\src\\stm32l1xx_gpio.c 0x00000000   Number         0  stm32l1xx_gpio.o ABSOLUTE
    ..\\STM32L1xx_StdPeriph_Driver\\src\\stm32l1xx_i2c.c 0x00000000   Number         0  stm32l1xx_i2c.o ABSOLUTE
    ..\\STM32L1xx_StdPeriph_Driver\\src\\stm32l1xx_pwr.c 0x00000000   Number         0  stm32l1xx_pwr.o ABSOLUTE
    ..\\STM32L1xx_StdPeriph_Driver\\src\\stm32l1xx_rcc.c 0x00000000   Number         0  stm32l1xx_rcc.o ABSOLUTE
    ..\\STM32L1xx_StdPeriph_Driver\\src\\stm32l1xx_rtc.c 0x00000000   Number         0  stm32l1xx_rtc.o ABSOLUTE
    ..\\STM32L1xx_StdPeriph_Driver\\src\\stm32l1xx_syscfg.c 0x00000000   Number         0  stm32l1xx_syscfg.o ABSOLUTE
    ..\\STM32L1xx_StdPeriph_Driver\\src\\stm32l1xx_tim.c 0x00000000   Number         0  stm32l1xx_tim.o ABSOLUTE
    ..\\STM32L1xx_StdPeriph_Driver\\src\\stm32l1xx_usart.c 0x00000000   Number         0  stm32l1xx_usart.o ABSOLUTE
    bmp085.c                                 0x00000000   Number         0  bmp085.o ABSOLUTE
    bmp085.c                                 0x00000000   Number         0  bmp085.o ABSOLUTE
    cdrcmple.s                               0x00000000   Number         0  cdrcmple.o ABSOLUTE
    dc.s                                     0x00000000   Number         0  dc.o ABSOLUTE
    dht11.c                                  0x00000000   Number         0  dht11.o ABSOLUTE
    dht11.c                                  0x00000000   Number         0  dht11.o ABSOLUTE
    handlers.s                               0x00000000   Number         0  handlers.o ABSOLUTE
    i2c.c                                    0x00000000   Number         0  i2c.o ABSOLUTE
    i2c.c                                    0x00000000   Number         0  i2c.o ABSOLUTE
    init.s                                   0x00000000   Number         0  init.o ABSOLUTE
    main.c                                   0x00000000   Number         0  main.o ABSOLUTE
    main.c                                   0x00000000   Number         0  main.o ABSOLUTE
    startup_stm32l1xx_md.s                   0x00000000   Number         0  startup_stm32l1xx_md.o ABSOLUTE
    system_stm32l1xx.c                       0x00000000   Number         0  system_stm32l1xx.o ABSOLUTE
    system_stm32l1xx.c                       0x00000000   Number         0  system_stm32l1xx.o ABSOLUTE
    uart.c                                   0x00000000   Number         0  uart.o ABSOLUTE
    uart.c                                   0x00000000   Number         0  uart.o ABSOLUTE
    RESET                                    0x08000000   Section      244  startup_stm32l1xx_md.o(RESET)
    .ARM.Collect$$$$00000000                 0x080000f4   Section        0  entry.o(.ARM.Collect$$$$00000000)
    .ARM.Collect$$$$00000001                 0x080000f4   Section        4  entry2.o(.ARM.Collect$$$$00000001)
    .ARM.Collect$$$$00000004                 0x080000f8   Section        4  entry5.o(.ARM.Collect$$$$00000004)
    .ARM.Collect$$$$00000008                 0x080000fc   Section        0  entry7b.o(.ARM.Collect$$$$00000008)
    .ARM.Collect$$$$0000000A                 0x080000fc   Section        0  entry8b.o(.ARM.Collect$$$$0000000A)
    .ARM.Collect$$$$0000000B                 0x080000fc   Section        8  entry9a.o(.ARM.Collect$$$$0000000B)
    .ARM.Collect$$$$0000000D                 0x08000104   Section        0  entry10a.o(.ARM.Collect$$$$0000000D)
    .ARM.Collect$$$$0000000F                 0x08000104   Section        0  entry11a.o(.ARM.Collect$$$$0000000F)
    .ARM.Collect$$$$00002712                 0x08000104   Section        4  entry2.o(.ARM.Collect$$$$00002712)
    __lit__00000000                          0x08000104   Data           4  entry2.o(.ARM.Collect$$$$00002712)
    .text                                    0x08000108   Section       36  startup_stm32l1xx_md.o(.text)
    .text                                    0x0800012c   Section        0  main.o(.text)
    .text                                    0x08000d1c   Section        0  system_stm32l1xx.o(.text)
    SetSysClock                              0x08000d1d   Thumb Code   198  system_stm32l1xx.o(.text)
    .text                                    0x08000f34   Section        0  dht11.o(.text)
    .text                                    0x08001118   Section        0  uart.o(.text)
    .text                                    0x08001300   Section        0  i2c.o(.text)
    .text                                    0x080016e0   Section        0  bmp085.o(.text)
    .text                                    0x080019bc   Section        0  stm32l1xx_gpio.o(.text)
    .text                                    0x08001ba8   Section        0  stm32l1xx_rcc.o(.text)
    .text                                    0x08002030   Section        0  stm32l1xx_syscfg.o(.text)
    .text                                    0x08002298   Section        0  stm32l1xx_tim.o(.text)
    TI4_Config                               0x080027f9   Thumb Code    80  stm32l1xx_tim.o(.text)
    TI3_Config                               0x0800285b   Thumb Code    72  stm32l1xx_tim.o(.text)
    TI2_Config                               0x080028bd   Thumb Code    80  stm32l1xx_tim.o(.text)
    TI1_Config                               0x0800291f   Thumb Code    58  stm32l1xx_tim.o(.text)
    .text                                    0x08002c74   Section        0  stm32l1xx_usart.o(.text)
    .text                                    0x08002ffc   Section        0  misc.o(.text)
    .text                                    0x080030d8   Section        0  stm32l1xx_exti.o(.text)
    .text                                    0x080031f4   Section        0  stm32l1xx_dma.o(.text)
    .text                                    0x080033a4   Section        0  stm32l1xx_adc.o(.text)
    .text                                    0x08003868   Section        0  stm32l1xx_flash.o(.text)
    .text                                    0x08003e90   Section        0  stm32l1xx_pwr.o(.text)
    .text                                    0x08003fe8   Section        0  stm32l1xx_dac.o(.text)
    .text                                    0x080041f8   Section        0  stm32l1xx_i2c.o(.text)
    .text                                    0x080045dc   Section        0  strlen.o(.text)
    .text                                    0x080045ea   Section        0  fmul.o(.text)
    .text                                    0x08004656   Section        0  fdiv.o(.text)
    .text                                    0x080046d6   Section        0  dmul.o(.text)
    .text                                    0x080047ba   Section        0  ddiv.o(.text)
    .text                                    0x08004898   Section        0  fflti.o(.text)
    .text                                    0x080048aa   Section        0  dfltui.o(.text)
    .text                                    0x080048c4   Section        0  f2d.o(.text)
    .text                                    0x080048ea   Section        0  d2f.o(.text)
    .text                                    0x08004922   Section        0  uidiv.o(.text)
    .text                                    0x0800494e   Section        0  uldiv.o(.text)
    .text                                    0x080049b0   Section        0  iusefp.o(.text)
    .text                                    0x080049b0   Section        0  fepilogue.o(.text)
    .text                                    0x08004a1c   Section        0  depilogue.o(.text)
    .text                                    0x08004ada   Section        0  dadd.o(.text)
    .text                                    0x08004c28   Section        0  dfixul.o(.text)
    .text                                    0x08004c58   Section       40  cdrcmple.o(.text)
    .text                                    0x08004c80   Section       36  init.o(.text)
    .text                                    0x08004ca4   Section        0  llshl.o(.text)
    .text                                    0x08004cc2   Section        0  llushr.o(.text)
    .text                                    0x08004ce2   Section        0  llsshr.o(.text)
    i.__0sprintf                             0x08004d08   Section        0  printfa.o(i.__0sprintf)
    i.__scatterload_copy                     0x08004d30   Section       14  handlers.o(i.__scatterload_copy)
    i.__scatterload_null                     0x08004d3e   Section        2  handlers.o(i.__scatterload_null)
    i.__scatterload_zeroinit                 0x08004d40   Section       14  handlers.o(i.__scatterload_zeroinit)
    i._fp_digits                             0x08004d50   Section        0  printfa.o(i._fp_digits)
    _fp_digits                               0x08004d51   Thumb Code   326  printfa.o(i._fp_digits)
    i._printf_core                           0x08004eac   Section        0  printfa.o(i._printf_core)
    _printf_core                             0x08004ead   Thumb Code  1762  printfa.o(i._printf_core)
    i._printf_post_padding                   0x0800559c   Section        0  printfa.o(i._printf_post_padding)
    _printf_post_padding                     0x0800559d   Thumb Code    38  printfa.o(i._printf_post_padding)
    i._printf_pre_padding                    0x080055c2   Section        0  printfa.o(i._printf_pre_padding)
    _printf_pre_padding                      0x080055c3   Thumb Code    48  printfa.o(i._printf_pre_padding)
    i._sputc                                 0x080055f2   Section        0  printfa.o(i._sputc)
    _sputc                                   0x080055f3   Thumb Code    10  printfa.o(i._sputc)
    .constdata                               0x080055fc   Section       71  main.o(.constdata)
    .data                                    0x20000000   Section       80  main.o(.data)
    TimingDelay                              0x2000000c   Data           4  main.o(.data)
    .data                                    0x20000050   Section       29  system_stm32l1xx.o(.data)
    .data                                    0x2000006d   Section       25  stm32l1xx_rcc.o(.data)
    PLLMulTable                              0x2000006d   Data           9  stm32l1xx_rcc.o(.data)
    APBAHBPrescTable                         0x20000076   Data          16  stm32l1xx_rcc.o(.data)
    .bss                                     0x20000088   Section      124  main.o(.bss)
    STACK                                    0x20000108   Section     1024  startup_stm32l1xx_md.o(STACK)

    Global Symbols

    Symbol Name                              Value     Ov Type        Size  Object(Section)

    BuildAttributes$$THM_ISAv4$P$D$K$B$S$PE$A:L22UL41UL21$X:L11$S22US41US21$IEEE1$IW$USESV6$~STKCKD$USESV7$~SHL$OTIME$ROPI$EBA8$MICROLIB$REQ8$PRES8$EABIv2 0x00000000   Number         0  anon$$obj.o ABSOLUTE
    __ARM_use_no_argv                        0x00000000   Number         0  main.o ABSOLUTE
    _printf_a                                0x00000000   Number         0  stubs.o ABSOLUTE
    _printf_c                                0x00000000   Number         0  stubs.o ABSOLUTE
    _printf_charcount                        0x00000000   Number         0  stubs.o ABSOLUTE
    _printf_d                                0x00000000   Number         0  stubs.o ABSOLUTE
    _printf_e                                0x00000000   Number         0  stubs.o ABSOLUTE
    _printf_f                                0x00000000   Number         0  stubs.o ABSOLUTE
    _printf_flags                            0x00000000   Number         0  stubs.o ABSOLUTE
    _printf_fp_dec                           0x00000000   Number         0  stubs.o ABSOLUTE
    _printf_fp_hex                           0x00000000   Number         0  stubs.o ABSOLUTE
    _printf_g                                0x00000000   Number         0  stubs.o ABSOLUTE
    _printf_i                                0x00000000   Number         0  stubs.o ABSOLUTE
    _printf_int_dec                          0x00000000   Number         0  stubs.o ABSOLUTE
    _printf_l                                0x00000000   Number         0  stubs.o ABSOLUTE
    _printf_lc                               0x00000000   Number         0  stubs.o ABSOLUTE
    _printf_ll                               0x00000000   Number         0  stubs.o ABSOLUTE
    _printf_lld                              0x00000000   Number         0  stubs.o ABSOLUTE
    _printf_lli                              0x00000000   Number         0  stubs.o ABSOLUTE
    _printf_llo                              0x00000000   Number         0  stubs.o ABSOLUTE
    _printf_llu                              0x00000000   Number         0  stubs.o ABSOLUTE
    _printf_llx                              0x00000000   Number         0  stubs.o ABSOLUTE
    _printf_longlong_dec                     0x00000000   Number         0  stubs.o ABSOLUTE
    _printf_longlong_hex                     0x00000000   Number         0  stubs.o ABSOLUTE
    _printf_longlong_oct                     0x00000000   Number         0  stubs.o ABSOLUTE
    _printf_ls                               0x00000000   Number         0  stubs.o ABSOLUTE
    _printf_mbtowc                           0x00000000   Number         0  stubs.o ABSOLUTE
    _printf_n                                0x00000000   Number         0  stubs.o ABSOLUTE
    _printf_o                                0x00000000   Number         0  stubs.o ABSOLUTE
    _printf_p                                0x00000000   Number         0  stubs.o ABSOLUTE
    _printf_percent                          0x00000000   Number         0  stubs.o ABSOLUTE
    _printf_pre_padding                      0x00000000   Number         0  stubs.o ABSOLUTE
    _printf_return_value                     0x00000000   Number         0  stubs.o ABSOLUTE
    _printf_s                                0x00000000   Number         0  stubs.o ABSOLUTE
    _printf_sizespec                         0x00000000   Number         0  stubs.o ABSOLUTE
    _printf_str                              0x00000000   Number         0  stubs.o ABSOLUTE
    _printf_truncate_signed                  0x00000000   Number         0  stubs.o ABSOLUTE
    _printf_truncate_unsigned                0x00000000   Number         0  stubs.o ABSOLUTE
    _printf_u                                0x00000000   Number         0  stubs.o ABSOLUTE
    _printf_wc                               0x00000000   Number         0  stubs.o ABSOLUTE
    _printf_wctomb                           0x00000000   Number         0  stubs.o ABSOLUTE
    _printf_widthprec                        0x00000000   Number         0  stubs.o ABSOLUTE
    _printf_x                                0x00000000   Number         0  stubs.o ABSOLUTE
    __cpp_initialize__aeabi_                  - Undefined Weak Reference
    __cxa_finalize                            - Undefined Weak Reference
    __decompress                              - Undefined Weak Reference
    _clock_init                               - Undefined Weak Reference
    _microlib_exit                            - Undefined Weak Reference
    __Vectors_Size                           0x000000f4   Number         0  startup_stm32l1xx_md.o ABSOLUTE
    __Vectors                                0x08000000   Data           4  startup_stm32l1xx_md.o(RESET)
    __Vectors_End                            0x080000f4   Data           0  startup_stm32l1xx_md.o(RESET)
    __main                                   0x080000f5   Thumb Code     0  entry.o(.ARM.Collect$$$$00000000)
    _main_stk                                0x080000f5   Thumb Code     0  entry2.o(.ARM.Collect$$$$00000001)
    _main_scatterload                        0x080000f9   Thumb Code     0  entry5.o(.ARM.Collect$$$$00000004)
    __main_after_scatterload                 0x080000fd   Thumb Code     0  entry5.o(.ARM.Collect$$$$00000004)
    _main_clock                              0x080000fd   Thumb Code     0  entry7b.o(.ARM.Collect$$$$00000008)
    _main_cpp_init                           0x080000fd   Thumb Code     0  entry8b.o(.ARM.Collect$$$$0000000A)
    _main_init                               0x080000fd   Thumb Code     0  entry9a.o(.ARM.Collect$$$$0000000B)
    __rt_final_cpp                           0x08000105   Thumb Code     0  entry10a.o(.ARM.Collect$$$$0000000D)
    __rt_final_exit                          0x08000105   Thumb Code     0  entry11a.o(.ARM.Collect$$$$0000000F)
    Reset_Handler                            0x08000109   Thumb Code     8  startup_stm32l1xx_md.o(.text)
    NMI_Handler                              0x08000111   Thumb Code     2  startup_stm32l1xx_md.o(.text)
    HardFault_Handler                        0x08000113   Thumb Code     2  startup_stm32l1xx_md.o(.text)
    MemManage_Handler                        0x08000115   Thumb Code     2  startup_stm32l1xx_md.o(.text)
    BusFault_Handler                         0x08000117   Thumb Code     2  startup_stm32l1xx_md.o(.text)
    UsageFault_Handler                       0x08000119   Thumb Code     2  startup_stm32l1xx_md.o(.text)
    SVC_Handler                              0x0800011b   Thumb Code     2  startup_stm32l1xx_md.o(.text)
    DebugMon_Handler                         0x0800011d   Thumb Code     2  startup_stm32l1xx_md.o(.text)
    PendSV_Handler                           0x0800011f   Thumb Code     2  startup_stm32l1xx_md.o(.text)
    ADC1_IRQHandler                          0x08000123   Thumb Code     0  startup_stm32l1xx_md.o(.text)
    COMP_IRQHandler                          0x08000123   Thumb Code     0  startup_stm32l1xx_md.o(.text)
    DAC_IRQHandler                           0x08000123   Thumb Code     0  startup_stm32l1xx_md.o(.text)
    DMA1_Channel2_IRQHandler                 0x08000123   Thumb Code     0  startup_stm32l1xx_md.o(.text)
    DMA1_Channel3_IRQHandler                 0x08000123   Thumb Code     0  startup_stm32l1xx_md.o(.text)
    DMA1_Channel4_IRQHandler                 0x08000123   Thumb Code     0  startup_stm32l1xx_md.o(.text)
    DMA1_Channel5_IRQHandler                 0x08000123   Thumb Code     0  startup_stm32l1xx_md.o(.text)
    DMA1_Channel6_IRQHandler                 0x08000123   Thumb Code     0  startup_stm32l1xx_md.o(.text)
    DMA1_Channel7_IRQHandler                 0x08000123   Thumb Code     0  startup_stm32l1xx_md.o(.text)
    EXTI15_10_IRQHandler                     0x08000123   Thumb Code     0  startup_stm32l1xx_md.o(.text)
    EXTI1_IRQHandler                         0x08000123   Thumb Code     0  startup_stm32l1xx_md.o(.text)
    EXTI2_IRQHandler                         0x08000123   Thumb Code     0  startup_stm32l1xx_md.o(.text)
    EXTI3_IRQHandler                         0x08000123   Thumb Code     0  startup_stm32l1xx_md.o(.text)
    EXTI4_IRQHandler                         0x08000123   Thumb Code     0  startup_stm32l1xx_md.o(.text)
    EXTI9_5_IRQHandler                       0x08000123   Thumb Code     0  startup_stm32l1xx_md.o(.text)
    FLASH_IRQHandler                         0x08000123   Thumb Code     0  startup_stm32l1xx_md.o(.text)
    I2C1_ER_IRQHandler                       0x08000123   Thumb Code     0  startup_stm32l1xx_md.o(.text)
    I2C1_EV_IRQHandler                       0x08000123   Thumb Code     0  startup_stm32l1xx_md.o(.text)
    I2C2_ER_IRQHandler                       0x08000123   Thumb Code     0  startup_stm32l1xx_md.o(.text)
    I2C2_EV_IRQHandler                       0x08000123   Thumb Code     0  startup_stm32l1xx_md.o(.text)
    LCD_IRQHandler                           0x08000123   Thumb Code     0  startup_stm32l1xx_md.o(.text)
    PVD_IRQHandler                           0x08000123   Thumb Code     0  startup_stm32l1xx_md.o(.text)
    RCC_IRQHandler                           0x08000123   Thumb Code     0  startup_stm32l1xx_md.o(.text)
    RTC_Alarm_IRQHandler                     0x08000123   Thumb Code     0  startup_stm32l1xx_md.o(.text)
    RTC_WKUP_IRQHandler                      0x08000123   Thumb Code     0  startup_stm32l1xx_md.o(.text)
    SPI1_IRQHandler                          0x08000123   Thumb Code     0  startup_stm32l1xx_md.o(.text)
    SPI2_IRQHandler                          0x08000123   Thumb Code     0  startup_stm32l1xx_md.o(.text)
    TAMPER_STAMP_IRQHandler                  0x08000123   Thumb Code     0  startup_stm32l1xx_md.o(.text)
    TIM10_IRQHandler                         0x08000123   Thumb Code     0  startup_stm32l1xx_md.o(.text)
    TIM11_IRQHandler                         0x08000123   Thumb Code     0  startup_stm32l1xx_md.o(.text)
    TIM3_IRQHandler                          0x08000123   Thumb Code     0  startup_stm32l1xx_md.o(.text)
    TIM4_IRQHandler                          0x08000123   Thumb Code     0  startup_stm32l1xx_md.o(.text)
    TIM6_IRQHandler                          0x08000123   Thumb Code     0  startup_stm32l1xx_md.o(.text)
    TIM7_IRQHandler                          0x08000123   Thumb Code     0  startup_stm32l1xx_md.o(.text)
    TIM9_IRQHandler                          0x08000123   Thumb Code     0  startup_stm32l1xx_md.o(.text)
    USART1_IRQHandler                        0x08000123   Thumb Code     0  startup_stm32l1xx_md.o(.text)
    USART2_IRQHandler                        0x08000123   Thumb Code     0  startup_stm32l1xx_md.o(.text)
    USART3_IRQHandler                        0x08000123   Thumb Code     0  startup_stm32l1xx_md.o(.text)
    USB_FS_WKUP_IRQHandler                   0x08000123   Thumb Code     0  startup_stm32l1xx_md.o(.text)
    USB_HP_IRQHandler                        0x08000123   Thumb Code     0  startup_stm32l1xx_md.o(.text)
    USB_LP_IRQHandler                        0x08000123   Thumb Code     0  startup_stm32l1xx_md.o(.text)
    WWDG_IRQHandler                          0x08000123   Thumb Code     0  startup_stm32l1xx_md.o(.text)
    TimingDelay_Decrement                    0x0800012d   Thumb Code    28  main.o(.text)
    SysTick_Handler                          0x08000149   Thumb Code     8  main.o(.text)
    EXTI0_IRQHandler                         0x08000151   Thumb Code    14  main.o(.text)
    TIM2_IRQHandler                          0x0800015f   Thumb Code    36  main.o(.text)
    setADCDMA_TransferComplete               0x08000183   Thumb Code     8  main.o(.text)
    DMA1_Channel1_IRQHandler                 0x0800018b   Thumb Code    14  main.o(.text)
    uint16_time_diff                         0x08000199   Thumb Code    22  main.o(.text)
    insertionSort                            0x080001af   Thumb Code    52  main.o(.text)
    processTempData                          0x080001e3   Thumb Code   232  main.o(.text)
    Delay                                    0x080002cb   Thumb Code    16  main.o(.text)
    clearADCDMA_TransferComplete             0x080002db   Thumb Code     8  main.o(.text)
    acquireTemperatureData                   0x080002e3   Thumb Code    62  main.o(.text)
    Init_tim_cnt                             0x08000321   Thumb Code   116  main.o(.text)
    writeCalibData                           0x08000395   Thumb Code    72  main.o(.text)
    testFactoryCalibData                     0x080003dd   Thumb Code    24  main.o(.text)
    testUserCalibData                        0x080003f5   Thumb Code    20  main.o(.text)
    configureADC_Temp                        0x08000409   Thumb Code   448  main.o(.text)
    configureDMA                             0x080005c9   Thumb Code   110  main.o(.text)
    Init_GPIOs                               0x08000637   Thumb Code   254  main.o(.text)
    RCC_Configuration                        0x08000735   Thumb Code   160  main.o(.text)
    main                                     0x080007d5   Thumb Code  1092  main.o(.text)
    interquartileMean                        0x08000c19   Thumb Code    36  main.o(.text)
    DAC_Config                               0x08000c3d   Thumb Code    26  main.o(.text)
    SystemInit                               0x08000de3   Thumb Code    88  system_stm32l1xx.o(.text)
    SystemCoreClockUpdate                    0x08000e3b   Thumb Code   204  system_stm32l1xx.o(.text)
    read_cycle                               0x08000f35   Thumb Code    72  dht11.o(.text)
    DHT11_RawRead                            0x08000f7d   Thumb Code   264  dht11.o(.text)
    DHT22_Humidity                           0x08001085   Thumb Code    50  dht11.o(.text)
    DHT22_Temperature                        0x080010b7   Thumb Code    72  dht11.o(.text)
    DHT11_Humidity                           0x080010ff   Thumb Code     6  dht11.o(.text)
    DHT11_Temperature                        0x08001105   Thumb Code     6  dht11.o(.text)
    USART_open                               0x08001119   Thumb Code   208  uart.o(.text)
    USART_close                              0x080011e9   Thumb Code    44  uart.o(.text)
    USART_DMA_send                           0x08001215   Thumb Code   118  uart.o(.text)
    uart_putc                                0x0800128b   Thumb Code    28  uart.o(.text)
    USART_print                              0x080012a7   Thumb Code    48  uart.o(.text)
    uart_getc                                0x080012d7   Thumb Code    24  uart.o(.text)
    I2C_Read                                 0x08001301   Thumb Code   478  i2c.o(.text)
    I2C_Write                                0x080014df   Thumb Code   270  i2c.o(.text)
    I2C_LowLevel_Init                        0x080015ed   Thumb Code   224  i2c.o(.text)
    BMP085_RawTemperarure                    0x080016e1   Thumb Code   124  bmp085.o(.text)
    BMP085_RawPreasure                       0x0800175d   Thumb Code   150  bmp085.o(.text)
    BMP085_RawCalibData                      0x080017f3   Thumb Code   110  bmp085.o(.text)
    BMP085_Temperarure                       0x08001861   Thumb Code    62  bmp085.o(.text)
    BMP085_Preasure                          0x0800189f   Thumb Code   208  bmp085.o(.text)
    BMP085_Preasure_mm                       0x0800196f   Thumb Code    28  bmp085.o(.text)
    BMP085_UTUP                              0x0800198b   Thumb Code    30  bmp085.o(.text)
    GPIO_DeInit                              0x080019bd   Thumb Code   148  stm32l1xx_gpio.o(.text)
    GPIO_Init                                0x08001a51   Thumb Code   144  stm32l1xx_gpio.o(.text)
    GPIO_StructInit                          0x08001ae1   Thumb Code    18  stm32l1xx_gpio.o(.text)
    GPIO_PinLockConfig                       0x08001af3   Thumb Code    18  stm32l1xx_gpio.o(.text)
    GPIO_ReadInputDataBit                    0x08001b05   Thumb Code    18  stm32l1xx_gpio.o(.text)
    GPIO_ReadInputData                       0x08001b17   Thumb Code     6  stm32l1xx_gpio.o(.text)
    GPIO_ReadOutputDataBit                   0x08001b1d   Thumb Code    18  stm32l1xx_gpio.o(.text)
    GPIO_ReadOutputData                      0x08001b2f   Thumb Code     6  stm32l1xx_gpio.o(.text)
    GPIO_SetBits                             0x08001b35   Thumb Code     4  stm32l1xx_gpio.o(.text)
    GPIO_ResetBits                           0x08001b39   Thumb Code     4  stm32l1xx_gpio.o(.text)
    GPIO_WriteBit                            0x08001b3d   Thumb Code    10  stm32l1xx_gpio.o(.text)
    GPIO_Write                               0x08001b47   Thumb Code     4  stm32l1xx_gpio.o(.text)
    GPIO_PinAFConfig                         0x08001b4b   Thumb Code    70  stm32l1xx_gpio.o(.text)
    RCC_DeInit                               0x08001ba9   Thumb Code    74  stm32l1xx_rcc.o(.text)
    RCC_HSEConfig                            0x08001bf3   Thumb Code    14  stm32l1xx_rcc.o(.text)
    RCC_GetFlagStatus                        0x08001c01   Thumb Code    48  stm32l1xx_rcc.o(.text)
    RCC_WaitForHSEStartUp                    0x08001c31   Thumb Code    56  stm32l1xx_rcc.o(.text)
    RCC_AdjustMSICalibrationValue            0x08001c69   Thumb Code     8  stm32l1xx_rcc.o(.text)
    RCC_MSIRangeConfig                       0x08001c71   Thumb Code    20  stm32l1xx_rcc.o(.text)
    RCC_MSICmd                               0x08001c85   Thumb Code     6  stm32l1xx_rcc.o(.text)
    RCC_AdjustHSICalibrationValue            0x08001c8b   Thumb Code    22  stm32l1xx_rcc.o(.text)
    RCC_HSICmd                               0x08001ca1   Thumb Code     6  stm32l1xx_rcc.o(.text)
    RCC_LSEConfig                            0x08001ca7   Thumb Code    14  stm32l1xx_rcc.o(.text)
    RCC_LSICmd                               0x08001cb5   Thumb Code     6  stm32l1xx_rcc.o(.text)
    RCC_PLLConfig                            0x08001cbb   Thumb Code    16  stm32l1xx_rcc.o(.text)
    RCC_PLLCmd                               0x08001ccb   Thumb Code     6  stm32l1xx_rcc.o(.text)
    RCC_ClockSecuritySystemCmd               0x08001cd1   Thumb Code     6  stm32l1xx_rcc.o(.text)
    RCC_MCOConfig                            0x08001cd7   Thumb Code    12  stm32l1xx_rcc.o(.text)
    RCC_SYSCLKConfig                         0x08001ce3   Thumb Code    20  stm32l1xx_rcc.o(.text)
    RCC_GetSYSCLKSource                      0x08001cf7   Thumb Code    12  stm32l1xx_rcc.o(.text)
    RCC_HCLKConfig                           0x08001d03   Thumb Code    20  stm32l1xx_rcc.o(.text)
    RCC_PCLK1Config                          0x08001d17   Thumb Code    20  stm32l1xx_rcc.o(.text)
    RCC_PCLK2Config                          0x08001d2b   Thumb Code    22  stm32l1xx_rcc.o(.text)
    RCC_GetClocksFreq                        0x08001d41   Thumb Code   248  stm32l1xx_rcc.o(.text)
    RCC_RTCCLKConfig                         0x08001e39   Thumb Code    64  stm32l1xx_rcc.o(.text)
    RCC_RTCCLKCmd                            0x08001e79   Thumb Code     8  stm32l1xx_rcc.o(.text)
    RCC_RTCResetCmd                          0x08001e81   Thumb Code     8  stm32l1xx_rcc.o(.text)
    RCC_AHBPeriphClockCmd                    0x08001e89   Thumb Code    34  stm32l1xx_rcc.o(.text)
    RCC_APB2PeriphClockCmd                   0x08001eab   Thumb Code    34  stm32l1xx_rcc.o(.text)
    RCC_APB1PeriphClockCmd                   0x08001ecd   Thumb Code    34  stm32l1xx_rcc.o(.text)
    RCC_AHBPeriphResetCmd                    0x08001eef   Thumb Code    34  stm32l1xx_rcc.o(.text)
    RCC_APB2PeriphResetCmd                   0x08001f11   Thumb Code    34  stm32l1xx_rcc.o(.text)
    RCC_APB1PeriphResetCmd                   0x08001f33   Thumb Code    34  stm32l1xx_rcc.o(.text)
    RCC_AHBPeriphClockLPModeCmd              0x08001f55   Thumb Code    34  stm32l1xx_rcc.o(.text)
    RCC_APB2PeriphClockLPModeCmd             0x08001f77   Thumb Code    66  stm32l1xx_rcc.o(.text)
    RCC_APB1PeriphClockLPModeCmd             0x08001fb9   Thumb Code    34  stm32l1xx_rcc.o(.text)
    RCC_ITConfig                             0x08001fdb   Thumb Code    34  stm32l1xx_rcc.o(.text)
    RCC_ClearFlag                            0x08001ffd   Thumb Code    18  stm32l1xx_rcc.o(.text)
    RCC_GetITStatus                          0x0800200f   Thumb Code    22  stm32l1xx_rcc.o(.text)
    RCC_ClearITPendingBit                    0x08002025   Thumb Code     8  stm32l1xx_rcc.o(.text)
    SYSCFG_DeInit                            0x08002031   Thumb Code    20  stm32l1xx_syscfg.o(.text)
    SYSCFG_RIDeInit                          0x08002045   Thumb Code    28  stm32l1xx_syscfg.o(.text)
    SYSCFG_MemoryRemapConfig                 0x08002061   Thumb Code     6  stm32l1xx_syscfg.o(.text)
    SYSCFG_USBPuCmd                          0x08002067   Thumb Code    30  stm32l1xx_syscfg.o(.text)
    SYSCFG_EXTILineConfig                    0x08002085   Thumb Code    66  stm32l1xx_syscfg.o(.text)
    SYSCFG_RITIMSelect                       0x080020c7   Thumb Code    18  stm32l1xx_syscfg.o(.text)
    SYSCFG_RITIMInputCaptureConfig           0x080020d9   Thumb Code    86  stm32l1xx_syscfg.o(.text)
    SYSCFG_RIResistorConfig                  0x0800212f   Thumb Code    34  stm32l1xx_syscfg.o(.text)
    SYSCFG_RIIOSwitchConfig                  0x08002151   Thumb Code    80  stm32l1xx_syscfg.o(.text)
    SYSCFG_RISwitchControlModeCmd            0x080021a1   Thumb Code    38  stm32l1xx_syscfg.o(.text)
    SYSCFG_RIHysteresisConfig                0x080021c7   Thumb Code   200  stm32l1xx_syscfg.o(.text)
    TIM_DeInit                               0x08002299   Thumb Code   196  stm32l1xx_tim.o(.text)
    TIM_TimeBaseInit                         0x0800235d   Thumb Code    70  stm32l1xx_tim.o(.text)
    TIM_TimeBaseStructInit                   0x080023a3   Thumb Code    16  stm32l1xx_tim.o(.text)
    TIM_PrescalerConfig                      0x080023b3   Thumb Code     6  stm32l1xx_tim.o(.text)
    TIM_CounterModeConfig                    0x080023b9   Thumb Code    18  stm32l1xx_tim.o(.text)
    TIM_SetCounter                           0x080023cb   Thumb Code     4  stm32l1xx_tim.o(.text)
    TIM_SetAutoreload                        0x080023cf   Thumb Code     4  stm32l1xx_tim.o(.text)
    TIM_GetCounter                           0x080023d3   Thumb Code     6  stm32l1xx_tim.o(.text)
    TIM_GetPrescaler                         0x080023d9   Thumb Code     6  stm32l1xx_tim.o(.text)
    TIM_UpdateDisableConfig                  0x080023df   Thumb Code    24  stm32l1xx_tim.o(.text)
    TIM_UpdateRequestConfig                  0x080023f7   Thumb Code    24  stm32l1xx_tim.o(.text)
    TIM_ARRPreloadConfig                     0x0800240f   Thumb Code    24  stm32l1xx_tim.o(.text)
    TIM_SelectOnePulseMode                   0x08002427   Thumb Code    18  stm32l1xx_tim.o(.text)
    TIM_SetClockDivision                     0x08002439   Thumb Code    18  stm32l1xx_tim.o(.text)
    TIM_Cmd                                  0x0800244b   Thumb Code    24  stm32l1xx_tim.o(.text)
    TIM_OC1Init                              0x08002463   Thumb Code    56  stm32l1xx_tim.o(.text)
    TIM_OC2Init                              0x0800249b   Thumb Code    70  stm32l1xx_tim.o(.text)
    TIM_OC3Init                              0x080024e1   Thumb Code    66  stm32l1xx_tim.o(.text)
    TIM_OC4Init                              0x08002523   Thumb Code    70  stm32l1xx_tim.o(.text)
    TIM_OCStructInit                         0x08002569   Thumb Code    12  stm32l1xx_tim.o(.text)
    TIM_SelectOCxM                           0x08002575   Thumb Code    82  stm32l1xx_tim.o(.text)
    TIM_SetCompare1                          0x080025c7   Thumb Code     4  stm32l1xx_tim.o(.text)
    TIM_SetCompare2                          0x080025cb   Thumb Code     4  stm32l1xx_tim.o(.text)
    TIM_SetCompare3                          0x080025cf   Thumb Code     4  stm32l1xx_tim.o(.text)
    TIM_SetCompare4                          0x080025d3   Thumb Code     4  stm32l1xx_tim.o(.text)
    TIM_ForcedOC1Config                      0x080025d7   Thumb Code    18  stm32l1xx_tim.o(.text)
    TIM_ForcedOC2Config                      0x080025e9   Thumb Code    26  stm32l1xx_tim.o(.text)
    TIM_ForcedOC3Config                      0x08002603   Thumb Code    18  stm32l1xx_tim.o(.text)
    TIM_ForcedOC4Config                      0x08002615   Thumb Code    26  stm32l1xx_tim.o(.text)
    TIM_OC1PreloadConfig                     0x0800262f   Thumb Code    18  stm32l1xx_tim.o(.text)
    TIM_OC2PreloadConfig                     0x08002641   Thumb Code    26  stm32l1xx_tim.o(.text)
    TIM_OC3PreloadConfig                     0x0800265b   Thumb Code    18  stm32l1xx_tim.o(.text)
    TIM_OC4PreloadConfig                     0x0800266d   Thumb Code    26  stm32l1xx_tim.o(.text)
    TIM_OC1FastConfig                        0x08002687   Thumb Code    46  stm32l1xx_tim.o(.text)
    TIM_OC2FastConfig                        0x080026b5   Thumb Code    26  stm32l1xx_tim.o(.text)
    TIM_OC3FastConfig                        0x080026cf   Thumb Code    18  stm32l1xx_tim.o(.text)
    TIM_OC4FastConfig                        0x080026e1   Thumb Code    26  stm32l1xx_tim.o(.text)
    TIM_ClearOC1Ref                          0x080026fb   Thumb Code    18  stm32l1xx_tim.o(.text)
    TIM_ClearOC2Ref                          0x0800270d   Thumb Code    24  stm32l1xx_tim.o(.text)
    TIM_ClearOC3Ref                          0x08002725   Thumb Code    18  stm32l1xx_tim.o(.text)
    TIM_ClearOC4Ref                          0x08002737   Thumb Code    24  stm32l1xx_tim.o(.text)
    TIM_OC1PolarityConfig                    0x0800274f   Thumb Code    18  stm32l1xx_tim.o(.text)
    TIM_OC2PolarityConfig                    0x08002761   Thumb Code    26  stm32l1xx_tim.o(.text)
    TIM_OC3PolarityConfig                    0x0800277b   Thumb Code    26  stm32l1xx_tim.o(.text)
    TIM_OC4PolarityConfig                    0x08002795   Thumb Code    26  stm32l1xx_tim.o(.text)
    TIM_SelectOCREFClear                     0x080027af   Thumb Code    18  stm32l1xx_tim.o(.text)
    TIM_CCxCmd                               0x080027c1   Thumb Code    30  stm32l1xx_tim.o(.text)
    TIM_SetIC4Prescaler                      0x080027df   Thumb Code    26  stm32l1xx_tim.o(.text)
    TIM_SetIC3Prescaler                      0x08002849   Thumb Code    18  stm32l1xx_tim.o(.text)
    TIM_SetIC2Prescaler                      0x080028a3   Thumb Code    26  stm32l1xx_tim.o(.text)
    TIM_SetIC1Prescaler                      0x0800290d   Thumb Code    18  stm32l1xx_tim.o(.text)
    TIM_ICInit                               0x08002959   Thumb Code   110  stm32l1xx_tim.o(.text)
    TIM_ICStructInit                         0x080029c7   Thumb Code    18  stm32l1xx_tim.o(.text)
    TIM_PWMIConfig                           0x080029d9   Thumb Code   124  stm32l1xx_tim.o(.text)
    TIM_GetCapture1                          0x08002a55   Thumb Code     6  stm32l1xx_tim.o(.text)
    TIM_GetCapture2                          0x08002a5b   Thumb Code     6  stm32l1xx_tim.o(.text)
    TIM_GetCapture3                          0x08002a61   Thumb Code     6  stm32l1xx_tim.o(.text)
    TIM_GetCapture4                          0x08002a67   Thumb Code     6  stm32l1xx_tim.o(.text)
    TIM_ITConfig                             0x08002a6d   Thumb Code    18  stm32l1xx_tim.o(.text)
    TIM_GenerateEvent                        0x08002a7f   Thumb Code     4  stm32l1xx_tim.o(.text)
    TIM_GetFlagStatus                        0x08002a83   Thumb Code    18  stm32l1xx_tim.o(.text)
    TIM_ClearFlag                            0x08002a95   Thumb Code     6  stm32l1xx_tim.o(.text)
    TIM_GetITStatus                          0x08002a9b   Thumb Code    34  stm32l1xx_tim.o(.text)
    TIM_ClearITPendingBit                    0x08002abd   Thumb Code     6  stm32l1xx_tim.o(.text)
    TIM_DMAConfig                            0x08002ac3   Thumb Code    10  stm32l1xx_tim.o(.text)
    TIM_DMACmd                               0x08002acd   Thumb Code    18  stm32l1xx_tim.o(.text)
    TIM_SelectCCDMA                          0x08002adf   Thumb Code    24  stm32l1xx_tim.o(.text)
    TIM_InternalClockConfig                  0x08002af7   Thumb Code    12  stm32l1xx_tim.o(.text)
    TIM_SelectInputTrigger                   0x08002b03   Thumb Code    18  stm32l1xx_tim.o(.text)
    TIM_ITRxExternalClockConfig              0x08002b15   Thumb Code    24  stm32l1xx_tim.o(.text)
    TIM_TIxExternalClockConfig               0x08002b2d   Thumb Code    62  stm32l1xx_tim.o(.text)
    TIM_ETRConfig                            0x08002b6b   Thumb Code    28  stm32l1xx_tim.o(.text)
    TIM_ETRClockMode1Config                  0x08002b87   Thumb Code    54  stm32l1xx_tim.o(.text)
    TIM_ETRClockMode2Config                  0x08002bbd   Thumb Code    32  stm32l1xx_tim.o(.text)
    TIM_SelectOutputTrigger                  0x08002bdd   Thumb Code    18  stm32l1xx_tim.o(.text)
    TIM_SelectSlaveMode                      0x08002bef   Thumb Code    18  stm32l1xx_tim.o(.text)
    TIM_SelectMasterSlaveMode                0x08002c01   Thumb Code    18  stm32l1xx_tim.o(.text)
    TIM_EncoderInterfaceConfig               0x08002c13   Thumb Code    66  stm32l1xx_tim.o(.text)
    TIM_SelectHallSensor                     0x08002c55   Thumb Code    24  stm32l1xx_tim.o(.text)
    TIM_RemapConfig                          0x08002c6d   Thumb Code     6  stm32l1xx_tim.o(.text)
    USART_DeInit                             0x08002c75   Thumb Code    82  stm32l1xx_usart.o(.text)
    USART_Init                               0x08002cc7   Thumb Code   192  stm32l1xx_usart.o(.text)
    USART_StructInit                         0x08002d87   Thumb Code    24  stm32l1xx_usart.o(.text)
    USART_ClockInit                          0x08002d9f   Thumb Code    32  stm32l1xx_usart.o(.text)
    USART_ClockStructInit                    0x08002dbf   Thumb Code    12  stm32l1xx_usart.o(.text)
    USART_Cmd                                0x08002dcb   Thumb Code    24  stm32l1xx_usart.o(.text)
    USART_SetPrescaler                       0x08002de3   Thumb Code    16  stm32l1xx_usart.o(.text)
    USART_OverSampling8Cmd                   0x08002df3   Thumb Code    22  stm32l1xx_usart.o(.text)
    USART_OneBitMethodCmd                    0x08002e09   Thumb Code    24  stm32l1xx_usart.o(.text)
    USART_SendData                           0x08002e21   Thumb Code     8  stm32l1xx_usart.o(.text)
    USART_ReceiveData                        0x08002e29   Thumb Code    10  stm32l1xx_usart.o(.text)
    USART_SetAddress                         0x08002e33   Thumb Code    18  stm32l1xx_usart.o(.text)
    USART_ReceiverWakeUpCmd                  0x08002e45   Thumb Code    24  stm32l1xx_usart.o(.text)
    USART_WakeUpConfig                       0x08002e5d   Thumb Code    18  stm32l1xx_usart.o(.text)
    USART_LINBreakDetectLengthConfig         0x08002e6f   Thumb Code    18  stm32l1xx_usart.o(.text)
    USART_LINCmd                             0x08002e81   Thumb Code    24  stm32l1xx_usart.o(.text)
    USART_SendBreak                          0x08002e99   Thumb Code    10  stm32l1xx_usart.o(.text)
    USART_HalfDuplexCmd                      0x08002ea3   Thumb Code    24  stm32l1xx_usart.o(.text)
    USART_SetGuardTime                       0x08002ebb   Thumb Code    16  stm32l1xx_usart.o(.text)
    USART_SmartCardCmd                       0x08002ecb   Thumb Code    24  stm32l1xx_usart.o(.text)
    USART_SmartCardNACKCmd                   0x08002ee3   Thumb Code    24  stm32l1xx_usart.o(.text)
    USART_IrDAConfig                         0x08002efb   Thumb Code    18  stm32l1xx_usart.o(.text)
    USART_IrDACmd                            0x08002f0d   Thumb Code    24  stm32l1xx_usart.o(.text)
    USART_DMACmd                             0x08002f25   Thumb Code    18  stm32l1xx_usart.o(.text)
    USART_ITConfig                           0x08002f37   Thumb Code    64  stm32l1xx_usart.o(.text)
    USART_GetFlagStatus                      0x08002f77   Thumb Code    18  stm32l1xx_usart.o(.text)
    USART_ClearFlag                          0x08002f89   Thumb Code     6  stm32l1xx_usart.o(.text)
    USART_GetITStatus                        0x08002f8f   Thumb Code    76  stm32l1xx_usart.o(.text)
    USART_ClearITPendingBit                  0x08002fdb   Thumb Code    20  stm32l1xx_usart.o(.text)
    NVIC_PriorityGroupConfig                 0x08002ffd   Thumb Code    10  misc.o(.text)
    NVIC_Init                                0x08003007   Thumb Code   102  misc.o(.text)
    NVIC_SetVectorTable                      0x0800306d   Thumb Code    14  misc.o(.text)
    NVIC_SystemLPConfig                      0x0800307b   Thumb Code    34  misc.o(.text)
    SysTick_CLKSourceConfig                  0x0800309d   Thumb Code    40  misc.o(.text)
    EXTI_DeInit                              0x080030d9   Thumb Code    28  stm32l1xx_exti.o(.text)
    EXTI_Init                                0x080030f5   Thumb Code   142  stm32l1xx_exti.o(.text)
    EXTI_StructInit                          0x08003183   Thumb Code    16  stm32l1xx_exti.o(.text)
    EXTI_GenerateSWInterrupt                 0x08003193   Thumb Code    16  stm32l1xx_exti.o(.text)
    EXTI_GetFlagStatus                       0x080031a3   Thumb Code    22  stm32l1xx_exti.o(.text)
    EXTI_ClearFlag                           0x080031b9   Thumb Code     8  stm32l1xx_exti.o(.text)
    EXTI_GetITStatus                         0x080031c1   Thumb Code    34  stm32l1xx_exti.o(.text)
    EXTI_ClearITPendingBit                   0x080031e3   Thumb Code     8  stm32l1xx_exti.o(.text)
    DMA_DeInit                               0x080031f5   Thumb Code   200  stm32l1xx_dma.o(.text)
    DMA_Init                                 0x080032bd   Thumb Code    60  stm32l1xx_dma.o(.text)
    DMA_StructInit                           0x080032f9   Thumb Code    26  stm32l1xx_dma.o(.text)
    DMA_Cmd                                  0x08003313   Thumb Code    24  stm32l1xx_dma.o(.text)
    DMA_SetCurrDataCounter                   0x0800332b   Thumb Code     4  stm32l1xx_dma.o(.text)
    DMA_GetCurrDataCounter                   0x0800332f   Thumb Code     8  stm32l1xx_dma.o(.text)
    DMA_ITConfig                             0x08003337   Thumb Code    18  stm32l1xx_dma.o(.text)
    DMA_GetFlagStatus                        0x08003349   Thumb Code    30  stm32l1xx_dma.o(.text)
    DMA_ClearFlag                            0x08003367   Thumb Code    14  stm32l1xx_dma.o(.text)
    DMA_GetITStatus                          0x08003375   Thumb Code    30  stm32l1xx_dma.o(.text)
    DMA_ClearITPendingBit                    0x08003393   Thumb Code    14  stm32l1xx_dma.o(.text)
    ADC_DeInit                               0x080033a5   Thumb Code    24  stm32l1xx_adc.o(.text)
    ADC_Init                                 0x080033bd   Thumb Code    74  stm32l1xx_adc.o(.text)
    ADC_StructInit                           0x08003407   Thumb Code    26  stm32l1xx_adc.o(.text)
    ADC_CommonInit                           0x08003421   Thumb Code    22  stm32l1xx_adc.o(.text)
    ADC_CommonStructInit                     0x08003437   Thumb Code     6  stm32l1xx_adc.o(.text)
    ADC_Cmd                                  0x0800343d   Thumb Code    22  stm32l1xx_adc.o(.text)
    ADC_PowerDownCmd                         0x08003453   Thumb Code    18  stm32l1xx_adc.o(.text)
    ADC_DelaySelectionConfig                 0x08003465   Thumb Code    16  stm32l1xx_adc.o(.text)
    ADC_AnalogWatchdogCmd                    0x08003475   Thumb Code    16  stm32l1xx_adc.o(.text)
    ADC_AnalogWatchdogThresholdsConfig       0x08003485   Thumb Code     6  stm32l1xx_adc.o(.text)
    ADC_AnalogWatchdogSingleChannelConfig    0x0800348b   Thumb Code    16  stm32l1xx_adc.o(.text)
    ADC_TempSensorVrefintCmd                 0x0800349b   Thumb Code    30  stm32l1xx_adc.o(.text)
    ADC_RegularChannelConfig                 0x080034b9   Thumb Code   304  stm32l1xx_adc.o(.text)
    ADC_SoftwareStartConv                    0x080035e9   Thumb Code    10  stm32l1xx_adc.o(.text)
    ADC_GetSoftwareStartConvStatus           0x080035f3   Thumb Code    20  stm32l1xx_adc.o(.text)
    ADC_EOCOnEachRegularChannelCmd           0x08003607   Thumb Code    22  stm32l1xx_adc.o(.text)
    ADC_ContinuousModeCmd                    0x0800361d   Thumb Code    22  stm32l1xx_adc.o(.text)
    ADC_DiscModeChannelCountConfig           0x08003633   Thumb Code    24  stm32l1xx_adc.o(.text)
    ADC_DiscModeCmd                          0x0800364b   Thumb Code    22  stm32l1xx_adc.o(.text)
    ADC_GetConversionValue                   0x08003661   Thumb Code     8  stm32l1xx_adc.o(.text)
    ADC_DMACmd                               0x08003669   Thumb Code    22  stm32l1xx_adc.o(.text)
    ADC_DMARequestAfterLastTransferCmd       0x0800367f   Thumb Code    22  stm32l1xx_adc.o(.text)
    ADC_InjectedChannelConfig                0x08003695   Thumb Code   170  stm32l1xx_adc.o(.text)
    ADC_InjectedSequencerLengthConfig        0x0800373f   Thumb Code    24  stm32l1xx_adc.o(.text)
    ADC_SetInjectedOffset                    0x08003757   Thumb Code    20  stm32l1xx_adc.o(.text)
    ADC_ExternalTrigInjectedConvConfig       0x0800376b   Thumb Code    16  stm32l1xx_adc.o(.text)
    ADC_ExternalTrigInjectedConvEdgeConfig   0x0800377b   Thumb Code    16  stm32l1xx_adc.o(.text)
    ADC_SoftwareStartInjectedConv            0x0800378b   Thumb Code    10  stm32l1xx_adc.o(.text)
    ADC_GetSoftwareStartInjectedConvCmdStatus 0x08003795   Thumb Code    36  stm32l1xx_adc.o(.text)
    ADC_AutoInjectedConvCmd                  0x080037b9   Thumb Code    22  stm32l1xx_adc.o(.text)
    ADC_InjectedDiscModeCmd                  0x080037cf   Thumb Code    22  stm32l1xx_adc.o(.text)
    ADC_GetInjectedConversionValue           0x080037e5   Thumb Code    28  stm32l1xx_adc.o(.text)
    ADC_ITConfig                             0x08003801   Thumb Code    32  stm32l1xx_adc.o(.text)
    ADC_GetFlagStatus                        0x08003821   Thumb Code    18  stm32l1xx_adc.o(.text)
    ADC_ClearFlag                            0x08003833   Thumb Code     6  stm32l1xx_adc.o(.text)
    ADC_GetITStatus                          0x08003839   Thumb Code    38  stm32l1xx_adc.o(.text)
    ADC_ClearITPendingBit                    0x0800385f   Thumb Code    10  stm32l1xx_adc.o(.text)
    FLASH_SetLatency                         0x08003869   Thumb Code    18  stm32l1xx_flash.o(.text)
    FLASH_PrefetchBufferCmd                  0x0800387b   Thumb Code    30  stm32l1xx_flash.o(.text)
    FLASH_ReadAccess64Cmd                    0x08003899   Thumb Code    30  stm32l1xx_flash.o(.text)
    FLASH_SLEEPPowerDownCmd                  0x080038b7   Thumb Code    30  stm32l1xx_flash.o(.text)
    DATA_EEPROM_Unlock                       0x080038d5   Thumb Code    26  stm32l1xx_flash.o(.text)
    FLASH_Unlock                             0x080038ef   Thumb Code    32  stm32l1xx_flash.o(.text)
    FLASH_Lock                               0x0800390f   Thumb Code    18  stm32l1xx_flash.o(.text)
    FLASH_GetStatus                          0x08003921   Thumb Code    56  stm32l1xx_flash.o(.text)
    FLASH_WaitForLastOperation               0x08003959   Thumb Code    38  stm32l1xx_flash.o(.text)
    FLASH_ErasePage                          0x0800397f   Thumb Code    86  stm32l1xx_flash.o(.text)
    FLASH_FastProgramWord                    0x080039d5   Thumb Code    34  stm32l1xx_flash.o(.text)
    DATA_EEPROM_Lock                         0x080039f7   Thumb Code    18  stm32l1xx_flash.o(.text)
    DATA_EEPROM_FixedTimeProgramCmd          0x08003a09   Thumb Code    38  stm32l1xx_flash.o(.text)
    DATA_EEPROM_EraseWord                    0x08003a2f   Thumb Code    26  stm32l1xx_flash.o(.text)
    DATA_EEPROM_FastProgramWord              0x08003a49   Thumb Code    50  stm32l1xx_flash.o(.text)
    DATA_EEPROM_FastProgramByte              0x08003a7b   Thumb Code   108  stm32l1xx_flash.o(.text)
    DATA_EEPROM_FastProgramHalfWord          0x08003ae7   Thumb Code   136  stm32l1xx_flash.o(.text)
    DATA_EEPROM_ProgramByte                  0x08003b6f   Thumb Code    92  stm32l1xx_flash.o(.text)
    DATA_EEPROM_ProgramHalfWord              0x08003bcb   Thumb Code   120  stm32l1xx_flash.o(.text)
    DATA_EEPROM_ProgramWord                  0x08003c43   Thumb Code    54  stm32l1xx_flash.o(.text)
    FLASH_OB_Unlock                          0x08003c79   Thumb Code    30  stm32l1xx_flash.o(.text)
    FLASH_OB_Lock                            0x08003c97   Thumb Code    14  stm32l1xx_flash.o(.text)
    FLASH_OB_Launch                          0x08003ca5   Thumb Code    14  stm32l1xx_flash.o(.text)
    FLASH_OB_WRPConfig                       0x08003cb3   Thumb Code   142  stm32l1xx_flash.o(.text)
    FLASH_OB_RDPConfig                       0x08003d41   Thumb Code    48  stm32l1xx_flash.o(.text)
    FLASH_OB_UserConfig                      0x08003d71   Thumb Code    94  stm32l1xx_flash.o(.text)
    FLASH_OB_BORConfig                       0x08003dcf   Thumb Code    66  stm32l1xx_flash.o(.text)
    FLASH_OB_GetUser                         0x08003e11   Thumb Code    12  stm32l1xx_flash.o(.text)
    FLASH_OB_GetWRP                          0x08003e1d   Thumb Code     8  stm32l1xx_flash.o(.text)
    FLASH_OB_GetRDP                          0x08003e25   Thumb Code    22  stm32l1xx_flash.o(.text)
    FLASH_OB_GetBOR                          0x08003e3b   Thumb Code    12  stm32l1xx_flash.o(.text)
    FLASH_ITConfig                           0x08003e47   Thumb Code    26  stm32l1xx_flash.o(.text)
    FLASH_GetFlagStatus                      0x08003e61   Thumb Code    22  stm32l1xx_flash.o(.text)
    FLASH_ClearFlag                          0x08003e77   Thumb Code     8  stm32l1xx_flash.o(.text)
    PWR_DeInit                               0x08003e91   Thumb Code    22  stm32l1xx_pwr.o(.text)
    PWR_RTCAccessCmd                         0x08003ea7   Thumb Code     6  stm32l1xx_pwr.o(.text)
    PWR_PVDLevelConfig                       0x08003ead   Thumb Code    18  stm32l1xx_pwr.o(.text)
    PWR_PVDCmd                               0x08003ebf   Thumb Code     6  stm32l1xx_pwr.o(.text)
    PWR_WakeUpPinCmd                         0x08003ec5   Thumb Code    20  stm32l1xx_pwr.o(.text)
    PWR_FastWakeUpCmd                        0x08003ed9   Thumb Code     6  stm32l1xx_pwr.o(.text)
    PWR_UltraLowPowerCmd                     0x08003edf   Thumb Code     6  stm32l1xx_pwr.o(.text)
    PWR_VoltageScalingConfig                 0x08003ee5   Thumb Code    24  stm32l1xx_pwr.o(.text)
    PWR_EnterLowPowerRunMode                 0x08003efd   Thumb Code    50  stm32l1xx_pwr.o(.text)
    PWR_EnterSleepMode                       0x08003f2f   Thumb Code    42  stm32l1xx_pwr.o(.text)
    PWR_EnterSTOPMode                        0x08003f59   Thumb Code    54  stm32l1xx_pwr.o(.text)
    PWR_EnterSTANDBYMode                     0x08003f8f   Thumb Code    42  stm32l1xx_pwr.o(.text)
    PWR_GetFlagStatus                        0x08003fb9   Thumb Code    20  stm32l1xx_pwr.o(.text)
    PWR_ClearFlag                            0x08003fcd   Thumb Code    14  stm32l1xx_pwr.o(.text)
    DAC_DeInit                               0x08003fe9   Thumb Code    22  stm32l1xx_dac.o(.text)
    DAC_Init                                 0x08003fff   Thumb Code    46  stm32l1xx_dac.o(.text)
    DAC_StructInit                           0x0800402d   Thumb Code    12  stm32l1xx_dac.o(.text)
    DAC_Cmd                                  0x08004039   Thumb Code    34  stm32l1xx_dac.o(.text)
    DAC_SoftwareTriggerCmd                   0x0800405b   Thumb Code    48  stm32l1xx_dac.o(.text)
    DAC_DualSoftwareTriggerCmd               0x0800408b   Thumb Code    38  stm32l1xx_dac.o(.text)
    DAC_WaveGenerationCmd                    0x080040b1   Thumb Code    36  stm32l1xx_dac.o(.text)
    DAC_SetChannel1Data                      0x080040d5   Thumb Code    26  stm32l1xx_dac.o(.text)
    DAC_SetChannel2Data                      0x080040ef   Thumb Code    26  stm32l1xx_dac.o(.text)
    DAC_SetDualChannelData                   0x08004109   Thumb Code    32  stm32l1xx_dac.o(.text)
    DAC_GetDataOutputValue                   0x08004129   Thumb Code    32  stm32l1xx_dac.o(.text)
    DAC_DMACmd                               0x08004149   Thumb Code    38  stm32l1xx_dac.o(.text)
    DAC_ITConfig                             0x0800416f   Thumb Code    36  stm32l1xx_dac.o(.text)
    DAC_GetFlagStatus                        0x08004193   Thumb Code    28  stm32l1xx_dac.o(.text)
    DAC_ClearFlag                            0x080041af   Thumb Code    12  stm32l1xx_dac.o(.text)
    DAC_GetITStatus                          0x080041bb   Thumb Code    44  stm32l1xx_dac.o(.text)
    DAC_ClearITPendingBit                    0x080041e7   Thumb Code    12  stm32l1xx_dac.o(.text)
    I2C_DeInit                               0x080041f9   Thumb Code    50  stm32l1xx_i2c.o(.text)
    I2C_Init                                 0x0800422b   Thumb Code   218  stm32l1xx_i2c.o(.text)
    I2C_StructInit                           0x08004305   Thumb Code    30  stm32l1xx_i2c.o(.text)
    I2C_Cmd                                  0x08004323   Thumb Code    24  stm32l1xx_i2c.o(.text)
    I2C_GenerateSTART                        0x0800433b   Thumb Code    24  stm32l1xx_i2c.o(.text)
    I2C_GenerateSTOP                         0x08004353   Thumb Code    24  stm32l1xx_i2c.o(.text)
    I2C_AcknowledgeConfig                    0x0800436b   Thumb Code    24  stm32l1xx_i2c.o(.text)
    I2C_OwnAddress2Config                    0x08004383   Thumb Code    22  stm32l1xx_i2c.o(.text)
    I2C_DualAddressCmd                       0x08004399   Thumb Code    24  stm32l1xx_i2c.o(.text)
    I2C_GeneralCallCmd                       0x080043b1   Thumb Code    24  stm32l1xx_i2c.o(.text)
    I2C_SoftwareResetCmd                     0x080043c9   Thumb Code    22  stm32l1xx_i2c.o(.text)
    I2C_SMBusAlertConfig                     0x080043df   Thumb Code    28  stm32l1xx_i2c.o(.text)
    I2C_ARPCmd                               0x080043fb   Thumb Code    24  stm32l1xx_i2c.o(.text)
    I2C_StretchClockCmd                      0x08004413   Thumb Code    24  stm32l1xx_i2c.o(.text)
    I2C_FastModeDutyCycleConfig              0x0800442b   Thumb Code    28  stm32l1xx_i2c.o(.text)
    I2C_Send7bitAddress                      0x08004447   Thumb Code    16  stm32l1xx_i2c.o(.text)
    I2C_SendData                             0x08004457   Thumb Code     4  stm32l1xx_i2c.o(.text)
    I2C_ReceiveData                          0x0800445b   Thumb Code     8  stm32l1xx_i2c.o(.text)
    I2C_TransmitPEC                          0x08004463   Thumb Code    24  stm32l1xx_i2c.o(.text)
    I2C_PECPositionConfig                    0x0800447b   Thumb Code    28  stm32l1xx_i2c.o(.text)
    I2C_CalculatePEC                         0x08004497   Thumb Code    24  stm32l1xx_i2c.o(.text)
    I2C_GetPEC                               0x080044af   Thumb Code     8  stm32l1xx_i2c.o(.text)
    I2C_DMACmd                               0x080044b7   Thumb Code    24  stm32l1xx_i2c.o(.text)
    I2C_DMALastTransferCmd                   0x080044cf   Thumb Code    24  stm32l1xx_i2c.o(.text)
    I2C_ReadRegister                         0x080044e7   Thumb Code    22  stm32l1xx_i2c.o(.text)
    I2C_ITConfig                             0x080044fd   Thumb Code    18  stm32l1xx_i2c.o(.text)
    I2C_CheckEvent                           0x0800450f   Thumb Code    42  stm32l1xx_i2c.o(.text)
    I2C_GetLastEvent                         0x08004539   Thumb Code    26  stm32l1xx_i2c.o(.text)
    I2C_GetFlagStatus                        0x08004553   Thumb Code    58  stm32l1xx_i2c.o(.text)
    I2C_ClearFlag                            0x0800458d   Thumb Code    12  stm32l1xx_i2c.o(.text)
    I2C_GetITStatus                          0x08004599   Thumb Code    38  stm32l1xx_i2c.o(.text)
    I2C_ClearITPendingBit                    0x080045bf   Thumb Code    12  stm32l1xx_i2c.o(.text)
    strlen                                   0x080045dd   Thumb Code    14  strlen.o(.text)
    __aeabi_fmul                             0x080045eb   Thumb Code   108  fmul.o(.text)
    __aeabi_fdiv                             0x08004657   Thumb Code   128  fdiv.o(.text)
    __aeabi_dmul                             0x080046d7   Thumb Code   228  dmul.o(.text)
    __aeabi_ddiv                             0x080047bb   Thumb Code   222  ddiv.o(.text)
    __aeabi_i2f                              0x08004899   Thumb Code    18  fflti.o(.text)
    __aeabi_ui2d                             0x080048ab   Thumb Code    26  dfltui.o(.text)
    __aeabi_f2d                              0x080048c5   Thumb Code    38  f2d.o(.text)
    __aeabi_d2f                              0x080048eb   Thumb Code    56  d2f.o(.text)
    __aeabi_uidiv                            0x08004923   Thumb Code     0  uidiv.o(.text)
    __aeabi_uidivmod                         0x08004923   Thumb Code    44  uidiv.o(.text)
    __aeabi_uldivmod                         0x0800494f   Thumb Code    98  uldiv.o(.text)
    __I$use$fp                               0x080049b1   Thumb Code     0  iusefp.o(.text)
    _float_round                             0x080049b1   Thumb Code    18  fepilogue.o(.text)
    _float_epilogue                          0x080049c3   Thumb Code    90  fepilogue.o(.text)
    _double_round                            0x08004a1d   Thumb Code    26  depilogue.o(.text)
    _double_epilogue                         0x08004a37   Thumb Code   164  depilogue.o(.text)
    __aeabi_dadd                             0x08004adb   Thumb Code   322  dadd.o(.text)
    __aeabi_dsub                             0x08004c1d   Thumb Code     6  dadd.o(.text)
    __aeabi_drsub                            0x08004c23   Thumb Code     6  dadd.o(.text)
    __aeabi_d2ulz                            0x08004c29   Thumb Code    48  dfixul.o(.text)
    __aeabi_cdrcmple                         0x08004c59   Thumb Code    38  cdrcmple.o(.text)
    __scatterload                            0x08004c81   Thumb Code    28  init.o(.text)
    __scatterload_rt2                        0x08004c81   Thumb Code     0  init.o(.text)
    __aeabi_llsl                             0x08004ca5   Thumb Code    30  llshl.o(.text)
    _ll_shift_l                              0x08004ca5   Thumb Code     0  llshl.o(.text)
    __aeabi_llsr                             0x08004cc3   Thumb Code    32  llushr.o(.text)
    _ll_ushift_r                             0x08004cc3   Thumb Code     0  llushr.o(.text)
    __aeabi_lasr                             0x08004ce3   Thumb Code    36  llsshr.o(.text)
    _ll_sshift_r                             0x08004ce3   Thumb Code     0  llsshr.o(.text)
    __0sprintf                               0x08004d09   Thumb Code    34  printfa.o(i.__0sprintf)
    __1sprintf                               0x08004d09   Thumb Code     0  printfa.o(i.__0sprintf)
    __2sprintf                               0x08004d09   Thumb Code     0  printfa.o(i.__0sprintf)
    __c89sprintf                             0x08004d09   Thumb Code     0  printfa.o(i.__0sprintf)
    sprintf                                  0x08004d09   Thumb Code     0  printfa.o(i.__0sprintf)
    __scatterload_copy                       0x08004d31   Thumb Code    14  handlers.o(i.__scatterload_copy)
    __scatterload_null                       0x08004d3f   Thumb Code     2  handlers.o(i.__scatterload_null)
    __scatterload_zeroinit                   0x08004d41   Thumb Code    14  handlers.o(i.__scatterload_zeroinit)
    Region$$Table$$Base                      0x08005644   Number         0  anon$$obj.o(Region$$Table)
    Region$$Table$$Limit                     0x08005664   Number         0  anon$$obj.o(Region$$Table)
    systick_ms                               0x20000000   Data           2  main.o(.data)
    toggle_ms                                0x20000002   Data           2  main.o(.data)
    dirty_cycle                              0x20000004   Data           2  main.o(.data)
    period                                   0x20000006   Data           2  main.o(.data)
    mode                                     0x20000008   Data           1  main.o(.data)
    first_time_in_mode                       0x20000009   Data           1  main.o(.data)
    flag_UserButton                          0x2000000a   Data           1  main.o(.data)
    ADC_CommonInitStructure                  0x20000010   Data           4  main.o(.data)
    calibdata                                0x20000014   Data           8  main.o(.data)
    flag_ADCDMA_TransferComplete             0x2000001c   Data           1  main.o(.data)
    refAVG                                   0x20000020   Data           4  main.o(.data)
    tempAVG                                  0x20000024   Data           4  main.o(.data)
    preasureAVG                              0x20000028   Data           4  main.o(.data)
    altTempAVG                               0x2000002c   Data           4  main.o(.data)
    temperature_C                            0x20000030   Data           4  main.o(.data)
    voltage_V                                0x20000034   Data           4  main.o(.data)
    preasure_V                               0x20000038   Data           4  main.o(.data)
    altTemp_V                                0x2000003c   Data           4  main.o(.data)
    humidity                                 0x20000040   Data           4  main.o(.data)
    temperature                              0x20000044   Data           4  main.o(.data)
    temperatureP                             0x20000048   Data           4  main.o(.data)
    preasure                                 0x2000004c   Data           4  main.o(.data)
    SystemCoreClock                          0x20000050   Data           4  system_stm32l1xx.o(.data)
    PLLMulTable                              0x20000054   Data           9  system_stm32l1xx.o(.data)
    AHBPrescTable                            0x2000005d   Data          16  system_stm32l1xx.o(.data)
    RCC_Clocks                               0x20000088   Data          16  main.o(.bss)
    ADC_InitStructure                        0x20000098   Data          24  main.o(.bss)
    DMA_InitStructure                        0x200000b0   Data          44  main.o(.bss)
    ADC_ConvertedValueBuff                   0x200000dc   Data          40  main.o(.bss)
    __initial_sp                             0x20000508   Data           0  startup_stm32l1xx_md.o(STACK)



==============================================================================

Memory Map of the image

  Image Entry point : 0x08000109

  Load Region LR_1 (Base: 0x08000000, Size: 0x000056ec, Max: 0xffffffff, ABSOLUTE)

    Execution Region ER_RO (Base: 0x08000000, Size: 0x00005664, Max: 0xffffffff, ABSOLUTE)

    Base Addr    Size         Type   Attr      Idx    E Section Name        Object

    0x08000000   0x000000f4   Data   RO            3    RESET               startup_stm32l1xx_md.o
    0x080000f4   0x00000000   Code   RO          619  * .ARM.Collect$$$$00000000  mc_w.l(entry.o)
    0x080000f4   0x00000004   Code   RO          901    .ARM.Collect$$$$00000001  mc_w.l(entry2.o)
    0x080000f8   0x00000004   Code   RO          904    .ARM.Collect$$$$00000004  mc_w.l(entry5.o)
    0x080000fc   0x00000000   Code   RO          906    .ARM.Collect$$$$00000008  mc_w.l(entry7b.o)
    0x080000fc   0x00000000   Code   RO          908    .ARM.Collect$$$$0000000A  mc_w.l(entry8b.o)
    0x080000fc   0x00000008   Code   RO          909    .ARM.Collect$$$$0000000B  mc_w.l(entry9a.o)
    0x08000104   0x00000000   Code   RO          911    .ARM.Collect$$$$0000000D  mc_w.l(entry10a.o)
    0x08000104   0x00000000   Code   RO          913    .ARM.Collect$$$$0000000F  mc_w.l(entry11a.o)
    0x08000104   0x00000004   Code   RO          902    .ARM.Collect$$$$00002712  mc_w.l(entry2.o)
    0x08000108   0x00000024   Code   RO            4  * .text               startup_stm32l1xx_md.o
    0x0800012c   0x00000bf0   Code   RO           12    .text               main.o
    0x08000d1c   0x00000218   Code   RO          149    .text               system_stm32l1xx.o
    0x08000f34   0x000001e4   Code   RO          248    .text               dht11.o
    0x08001118   0x000001e8   Code   RO          272    .text               uart.o
    0x08001300   0x000003e0   Code   RO          292    .text               i2c.o
    0x080016e0   0x000002dc   Code   RO          315    .text               bmp085.o
    0x080019bc   0x000001ec   Code   RO          335    .text               stm32l1xx_gpio.o
    0x08001ba8   0x00000488   Code   RO          359    .text               stm32l1xx_rcc.o
    0x08002030   0x00000268   Code   RO          401    .text               stm32l1xx_syscfg.o
    0x08002298   0x000009da   Code   RO          421    .text               stm32l1xx_tim.o
    0x08002c72   0x00000002   PAD
    0x08002c74   0x00000388   Code   RO          441    .text               stm32l1xx_usart.o
    0x08002ffc   0x000000dc   Code   RO          461    .text               misc.o
    0x080030d8   0x0000011c   Code   RO          481    .text               stm32l1xx_exti.o
    0x080031f4   0x000001b0   Code   RO          501    .text               stm32l1xx_dma.o
    0x080033a4   0x000004c4   Code   RO          521    .text               stm32l1xx_adc.o
    0x08003868   0x00000628   Code   RO          541    .text               stm32l1xx_flash.o
    0x08003e90   0x00000158   Code   RO          561    .text               stm32l1xx_pwr.o
    0x08003fe8   0x00000210   Code   RO          581    .text               stm32l1xx_dac.o
    0x080041f8   0x000003e4   Code   RO          601    .text               stm32l1xx_i2c.o
    0x080045dc   0x0000000e   Code   RO          622    .text               mc_w.l(strlen.o)
    0x080045ea   0x0000006c   Code   RO          885    .text               mf_w.l(fmul.o)
    0x08004656   0x00000080   Code   RO          887    .text               mf_w.l(fdiv.o)
    0x080046d6   0x000000e4   Code   RO          889    .text               mf_w.l(dmul.o)
    0x080047ba   0x000000de   Code   RO          891    .text               mf_w.l(ddiv.o)
    0x08004898   0x00000012   Code   RO          893    .text               mf_w.l(fflti.o)
    0x080048aa   0x0000001a   Code   RO          895    .text               mf_w.l(dfltui.o)
    0x080048c4   0x00000026   Code   RO          897    .text               mf_w.l(f2d.o)
    0x080048ea   0x00000038   Code   RO          899    .text               mf_w.l(d2f.o)
    0x08004922   0x0000002c   Code   RO          918    .text               mc_w.l(uidiv.o)
    0x0800494e   0x00000062   Code   RO          920    .text               mc_w.l(uldiv.o)
    0x080049b0   0x00000000   Code   RO          922    .text               mc_w.l(iusefp.o)
    0x080049b0   0x0000006c   Code   RO          923    .text               mf_w.l(fepilogue.o)
    0x08004a1c   0x000000be   Code   RO          925    .text               mf_w.l(depilogue.o)
    0x08004ada   0x0000014e   Code   RO          927    .text               mf_w.l(dadd.o)
    0x08004c28   0x00000030   Code   RO          929    .text               mf_w.l(dfixul.o)
    0x08004c58   0x00000028   Code   RO          931    .text               mf_w.l(cdrcmple.o)
    0x08004c80   0x00000024   Code   RO          933    .text               mc_w.l(init.o)
    0x08004ca4   0x0000001e   Code   RO          936    .text               mc_w.l(llshl.o)
    0x08004cc2   0x00000020   Code   RO          938    .text               mc_w.l(llushr.o)
    0x08004ce2   0x00000024   Code   RO          940    .text               mc_w.l(llsshr.o)
    0x08004d06   0x00000002   PAD
    0x08004d08   0x00000028   Code   RO          859    i.__0sprintf        mc_w.l(printfa.o)
    0x08004d30   0x0000000e   Code   RO          945    i.__scatterload_copy  mc_w.l(handlers.o)
    0x08004d3e   0x00000002   Code   RO          946    i.__scatterload_null  mc_w.l(handlers.o)
    0x08004d40   0x0000000e   Code   RO          947    i.__scatterload_zeroinit  mc_w.l(handlers.o)
    0x08004d4e   0x00000002   PAD
    0x08004d50   0x0000015c   Code   RO          864    i._fp_digits        mc_w.l(printfa.o)
    0x08004eac   0x000006f0   Code   RO          865    i._printf_core      mc_w.l(printfa.o)
    0x0800559c   0x00000026   Code   RO          866    i._printf_post_padding  mc_w.l(printfa.o)
    0x080055c2   0x00000030   Code   RO          867    i._printf_pre_padding  mc_w.l(printfa.o)
    0x080055f2   0x0000000a   Code   RO          869    i._sputc            mc_w.l(printfa.o)
    0x080055fc   0x00000047   Data   RO           14    .constdata          main.o
    0x08005643   0x00000001   PAD
    0x08005644   0x00000020   Data   RO          943    Region$$Table       anon$$obj.o


    Execution Region ER_RW (Base: 0x20000000, Size: 0x00000088, Max: 0xffffffff, ABSOLUTE)

    Base Addr    Size         Type   Attr      Idx    E Section Name        Object

    0x20000000   0x00000050   Data   RW           15    .data               main.o
    0x20000050   0x0000001d   Data   RW          150    .data               system_stm32l1xx.o
    0x2000006d   0x00000019   Data   RW          360    .data               stm32l1xx_rcc.o


    Execution Region ER_ZI (Base: 0x20000088, Size: 0x00000480, Max: 0xffffffff, ABSOLUTE)

    Base Addr    Size         Type   Attr      Idx    E Section Name        Object

    0x20000088   0x0000007c   Zero   RW           13    .bss                main.o
    0x20000104   0x00000004   PAD
    0x20000108   0x00000400   Zero   RW            1    STACK               startup_stm32l1xx_md.o


==============================================================================

Image component sizes


      Code (inc. data)   RO Data    RW Data    ZI Data      Debug   Object Name

       732         20          0          0          0       2737   bmp085.o
       484         14          0          0          0       2173   dht11.o
       992         20          0          0          0       2235   i2c.o
      3056        492         71         80        124     295143   main.o
       220         20          0          0          0       1753   misc.o
        36          8        244          0       1024        752   startup_stm32l1xx_md.o
      1220         16          0          0          0      10324   stm32l1xx_adc.o
       528          6          0          0          0       4785   stm32l1xx_dac.o
       432          4          0          0          0       3710   stm32l1xx_dma.o
       284         10          0          0          0       2187   stm32l1xx_exti.o
      1576         38          0          0          0       7835   stm32l1xx_flash.o
       492         24          0          0          0       3597   stm32l1xx_gpio.o
       996         18          0          0          0       7664   stm32l1xx_i2c.o
       344         14          0          0          0       3940   stm32l1xx_pwr.o
      1160         40          0         25          0       9043   stm32l1xx_rcc.o
       616         10          0          0          0       2785   stm32l1xx_syscfg.o
      2522         28          0          0          0      19892   stm32l1xx_tim.o
       904         14          0          0          0       7424   stm32l1xx_usart.o
       536         46          0         29          0     259831   system_stm32l1xx.o
       488         18          0          0          0       2056   uart.o

    ----------------------------------------------------------------------
     17620        860        348        136       1152     649866   Object Totals
         0          0         32          0          0          0   (incl. Generated)
         2          0          1          2          4          0   (incl. Padding)

    ----------------------------------------------------------------------

      Code (inc. data)   RO Data    RW Data    ZI Data      Debug   Library Member Name

         0          0          0          0          0          0   entry.o
         0          0          0          0          0          0   entry10a.o
         0          0          0          0          0          0   entry11a.o
         8          4          0          0          0          0   entry2.o
         4          0          0          0          0          0   entry5.o
         0          0          0          0          0          0   entry7b.o
         0          0          0          0          0          0   entry8b.o
         8          4          0          0          0          0   entry9a.o
        30          0          0          0          0          0   handlers.o
        36          8          0          0          0         68   init.o
         0          0          0          0          0          0   iusefp.o
        30          0          0          0          0         68   llshl.o
        36          0          0          0          0         68   llsshr.o
        32          0          0          0          0         68   llushr.o
      2260         86          0          0          0        512   printfa.o
        14          0          0          0          0         68   strlen.o
        44          0          0          0          0         80   uidiv.o
        98          0          0          0          0         92   uldiv.o
        40          2          0          0          0         68   cdrcmple.o
        56          0          0          0          0         88   d2f.o
       334          0          0          0          0        148   dadd.o
       222          0          0          0          0        100   ddiv.o
       190          0          0          0          0        176   depilogue.o
        48          0          0          0          0         68   dfixul.o
        26          0          0          0          0         76   dfltui.o
       228          0          0          0          0         96   dmul.o
        38          0          0          0          0         68   f2d.o
       128          0          0          0          0         88   fdiv.o
       108          0          0          0          0        168   fepilogue.o
        18          0          0          0          0         68   fflti.o
       108          0          0          0          0         76   fmul.o

    ----------------------------------------------------------------------
      4148        104          0          0          0       2312   Library Totals
         4          0          0          0          0          0   (incl. Padding)

    ----------------------------------------------------------------------

      Code (inc. data)   RO Data    RW Data    ZI Data      Debug   Library Name

      2600        102          0          0          0       1024   mc_w.l
      1544          2          0          0          0       1288   mf_w.l

    ----------------------------------------------------------------------
      4148        104          0          0          0       2312   Library Totals

    ----------------------------------------------------------------------

==============================================================================


      Code (inc. data)   RO Data    RW Data    ZI Data      Debug   

     21768        964        348        136       1152     648538   Grand Totals
     21768        964        348        136       1152     648538   ELF Image Totals
     21768        964        348        136          0          0   ROM Totals

==============================================================================

    Total RO  Size (Code + RO Data)                22116 (  21.60kB)
    Total RW  Size (RW Data + ZI Data)              1288 (   1.26kB)
    Total ROM Size (Code + RO Data + RW Data)      22252 (  21.73kB)

==============================================================================

