<html>
<body>
<pre>
<h1>µVision Build Log</h1>
<h2>Project:</h2>
C:\Keil\ARM\Boards\ST\STM32L-Discovery\BMP085\dht22tocom.uvproj
Project File Date:  01/02/2015

<h2>Output:</h2>
Build target 'Target 1'
linking...
Program Size: Code=21944 RO-data=348 RW-data=136 ZI-data=1152  
".\obj\dhttocom.axf" - 0 Error(s), 0 Warning(s).
Load "C:\\Keil\\ARM\\Boards\\ST\\STM32L-Discovery\\BMP085\\obj\\dhttocom.axf" 
Erase Done.
Programming Done.
e.
Programming Done.

Programming Done.
  bmp085.X1, bmp085.X2, bmp085.B5);               
main.c: 0 warnings, 2 errors
compiling bmp085.c...
".\obj\dhttocom.axf" - 2 Error(s), 0 Warning(s).
Target not created
image map.
Finished: 2 information, 0 warning and 1 error messages.
".\obj\dhttocom.axf" - 1 Error(s), 1 Warning(s).
Target not created
