ARM Linker, 5.03 [Build 76] [MDK-ARM Lite]

==============================================================================

Section Cross References

    startup_stm32l1xx_md.o(RESET) refers to startup_stm32l1xx_md.o(STACK) for __initial_sp
    startup_stm32l1xx_md.o(RESET) refers to startup_stm32l1xx_md.o(.text) for Reset_Handler
    startup_stm32l1xx_md.o(RESET) refers to main.o(.text) for SysTick_Handler
    startup_stm32l1xx_md.o(.text) refers to system_stm32l1xx.o(.text) for SystemInit
    startup_stm32l1xx_md.o(.text) refers to entry.o(.ARM.Collect$$$$00000000) for __main
    main.o(.text) refers to stm32l1xx_exti.o(.text) for EXTI_ClearITPendingBit
    main.o(.text) refers to stm32l1xx_tim.o(.text) for TIM_ClearITPendingBit
    main.o(.text) refers to stm32l1xx_dma.o(.text) for DMA_ClearFlag
    main.o(.text) refers to stm32l1xx_rcc.o(.text) for RCC_GetClocksFreq
    main.o(.text) refers to button.o(.text) for button_init_irq
    main.o(.text) refers to leds.o(.text) for led_init
    main.o(.text) refers to rtc.o(.text) for rtc_init
    main.o(.text) refers to uart.o(.text) for USART_open
    main.o(.text) refers to adc.o(.text) for configureDMA
    main.o(.text) refers to i2c.o(.text) for I2C_LowLevel_Init
    main.o(.text) refers to bmp085.o(.text) for BMP085_RawCalibData
    main.o(.text) refers to printfa.o(i.__0sprintf) for __2sprintf
    main.o(.text) refers to strlen.o(.text) for strlen
    main.o(.text) refers to dht11.o(.text) for DHT11_RawRead
    main.o(.text) refers to 18b20.o(.text) for GetSingleTemperature
    main.o(.text) refers to stm32l1xx_rtc.o(.text) for RTC_GetTime
    main.o(.text) refers to stm32l1xx_usart.o(.text) for USART_GetFlagStatus
    main.o(.text) refers to f2d.o(.text) for __aeabi_f2d
    main.o(.text) refers to main.o(.data) for TimingDelay
    main.o(.text) refers to main.o(.bss) for RCC_Clocks
    main.o(.text) refers to main.o(.constdata) for .constdata
    system_stm32l1xx.o(.text) refers to system_stm32l1xx.o(.data) for SystemCoreClock
    dht11.o(.text) refers to stm32l1xx_gpio.o(.text) for GPIO_ReadInputDataBit
    dht11.o(.text) refers to pin.o(.text) for pin_mode
    dht11.o(.text) refers to main.o(.text) for Delay
    dht11.o(.text) refers to fflti.o(.text) for __aeabi_i2f
    dht11.o(.text) refers to f2d.o(.text) for __aeabi_f2d
    dht11.o(.text) refers to ddiv.o(.text) for __aeabi_ddiv
    dht11.o(.text) refers to d2f.o(.text) for __aeabi_d2f
    dht11.o(.text) refers to fmul.o(.text) for __aeabi_fmul
    uart.o(.text) refers to stm32l1xx_rcc.o(.text) for RCC_AHBPeriphClockCmd
    uart.o(.text) refers to stm32l1xx_gpio.o(.text) for GPIO_Init
    uart.o(.text) refers to stm32l1xx_usart.o(.text) for USART_Init
    uart.o(.text) refers to stm32l1xx_dma.o(.text) for DMA_DeInit
    uart.o(.text) refers to main.o(.text) for Delay
    i2c.o(.text) refers to stm32l1xx_i2c.o(.text) for I2C_GetFlagStatus
    i2c.o(.text) refers to stm32l1xx_rcc.o(.text) for RCC_AHBPeriphClockCmd
    i2c.o(.text) refers to stm32l1xx_gpio.o(.text) for GPIO_StructInit
    bmp085.o(.text) refers to i2c.o(.text) for I2C_Write
    bmp085.o(.text) refers to main.o(.text) for Delay
    bmp085.o(.text) refers to fflti.o(.text) for __aeabi_i2f
    bmp085.o(.text) refers to fdiv.o(.text) for __aeabi_fdiv
    bmp085.o(.text) refers to fmul.o(.text) for __aeabi_fmul
    onewire.o(.text) refers to stm32l1xx_usart.o(.text) for USART_Init
    onewire.o(.text) refers to stm32l1xx_dma.o(.text) for DMA_DeInit
    onewire.o(.text) refers to onewire.o(.data) for ow_buf
    18b20.o(.text) refers to dfltui.o(.text) for __aeabi_ui2d
    18b20.o(.text) refers to dmul.o(.text) for __aeabi_dmul
    18b20.o(.text) refers to d2f.o(.text) for __aeabi_d2f
    18b20.o(.text) refers to fadd.o(.text) for __aeabi_fsub
    18b20.o(.text) refers to cfrcmple.o(.text) for __aeabi_cfrcmple
    18b20.o(.text) refers to onewire.o(.text) for OW_Send
    18b20.o(.text) refers to main.o(.text) for Delay
    leds.o(.text) refers to pin.o(.text) for pin_mode
    adc.o(.text) refers to stm32l1xx_dma.o(.text) for DMA_DeInit
    adc.o(.text) refers to stm32l1xx_adc.o(.text) for ADC_DMACmd
    adc.o(.text) refers to dfltui.o(.text) for __aeabi_ui2d
    adc.o(.text) refers to ddiv.o(.text) for __aeabi_ddiv
    adc.o(.text) refers to dmul.o(.text) for __aeabi_dmul
    adc.o(.text) refers to d2f.o(.text) for __aeabi_d2f
    adc.o(.text) refers to stm32l1xx_flash.o(.text) for DATA_EEPROM_Unlock
    adc.o(.text) refers to stm32l1xx_rcc.o(.text) for RCC_APB2PeriphClockCmd
    adc.o(.text) refers to stm32l1xx_gpio.o(.text) for GPIO_Init
    adc.o(.text) refers to misc.o(.text) for NVIC_Init
    adc.o(.text) refers to adc.o(.bss) for DMA_InitStructure
    adc.o(.text) refers to adc.o(.data) for calibdata
    rtc.o(.text) refers to stm32l1xx_pwr.o(.text) for PWR_RTCAccessCmd
    rtc.o(.text) refers to stm32l1xx_rcc.o(.text) for RCC_LSEConfig
    pin.o(.text) refers to stm32l1xx_rcc.o(.text) for RCC_AHBPeriphClockCmd
[...]
    Removing adc.o(.revsh_text), (4 bytes).
    Removing rtc.o(.rev16_text), (4 bytes).
    Removing rtc.o(.revsh_text), (4 bytes).
    Removing pin.o(.rev16_text), (4 bytes).
    Removing pin.o(.revsh_text), (4 bytes).
    Removing button.o(.rev16_text), (4 bytes).
    Removing button.o(.revsh_text), (4 bytes).
    Removing stm32l1xx_gpio.o(.rev16_text), (4 bytes).
    Removing stm32l1xx_gpio.o(.revsh_text), (4 bytes).
    Removing stm32l1xx_rcc.o(.rev16_text), (4 bytes).
    Removing stm32l1xx_rcc.o(.revsh_text), (4 bytes).
    Removing stm32l1xx_rtc.o(.rev16_text), (4 bytes).
    Removing stm32l1xx_rtc.o(.revsh_text), (4 bytes).
    Removing stm32l1xx_syscfg.o(.rev16_text), (4 bytes).
    Removing stm32l1xx_syscfg.o(.revsh_text), (4 bytes).
    Removing stm32l1xx_tim.o(.rev16_text), (4 bytes).
    Removing stm32l1xx_tim.o(.revsh_text), (4 bytes).
    Removing stm32l1xx_usart.o(.rev16_text), (4 bytes).
    Removing stm32l1xx_usart.o(.revsh_text), (4 bytes).
    Removing misc.o(.rev16_text), (4 bytes).
    Removing misc.o(.revsh_text), (4 bytes).
    Removing stm32l1xx_exti.o(.rev16_text), (4 bytes).
    Removing stm32l1xx_exti.o(.revsh_text), (4 bytes).
    Removing stm32l1xx_dma.o(.rev16_text), (4 bytes).
    Removing stm32l1xx_dma.o(.revsh_text), (4 bytes).
    Removing stm32l1xx_adc.o(.rev16_text), (4 bytes).
    Removing stm32l1xx_adc.o(.revsh_text), (4 bytes).
    Removing stm32l1xx_flash.o(.rev16_text), (4 bytes).
    Removing stm32l1xx_flash.o(.revsh_text), (4 bytes).
    Removing stm32l1xx_pwr.o(.rev16_text), (4 bytes).
    Removing stm32l1xx_pwr.o(.revsh_text), (4 bytes).
    Removing stm32l1xx_dac.o(.rev16_text), (4 bytes).
    Removing stm32l1xx_dac.o(.revsh_text), (4 bytes).
    Removing stm32l1xx_dac.o(.text), (528 bytes).
    Removing stm32l1xx_i2c.o(.rev16_text), (4 bytes).
    Removing stm32l1xx_i2c.o(.revsh_text), (4 bytes).

56 unused section(s) (total 1256 bytes) removed from the image.

==============================================================================

Image Symbol Table

    Local Symbols

    Symbol Name                              Value     Ov Type        Size  Object(Section)

    ../clib/microlib/division.c              0x00000000   Number         0  uidiv.o ABSOLUTE
    ../clib/microlib/division.c              0x00000000   Number         0  uldiv.o ABSOLUTE
    ../clib/microlib/init/entry.s            0x00000000   Number         0  entry10b.o ABSOLUTE
    ../clib/microlib/init/entry.s            0x00000000   Number         0  entry8a.o ABSOLUTE
    ../clib/microlib/init/entry.s            0x00000000   Number         0  entry5.o ABSOLUTE
    ../clib/microlib/init/entry.s            0x00000000   Number         0  entry11a.o ABSOLUTE
    ../clib/microlib/init/entry.s            0x00000000   Number         0  entry10a.o ABSOLUTE
    ../clib/microlib/init/entry.s            0x00000000   Number         0  entry9b.o ABSOLUTE
    ../clib/microlib/init/entry.s            0x00000000   Number         0  entry7a.o ABSOLUTE
    ../clib/microlib/init/entry.s            0x00000000   Number         0  entry7b.o ABSOLUTE
    ../clib/microlib/init/entry.s            0x00000000   Number         0  entry2.o ABSOLUTE
    ../clib/microlib/init/entry.s            0x00000000   Number         0  entry9a.o ABSOLUTE
    ../clib/microlib/init/entry.s            0x00000000   Number         0  entry.o ABSOLUTE
    ../clib/microlib/init/entry.s            0x00000000   Number         0  entry8b.o ABSOLUTE
    ../clib/microlib/init/entry.s            0x00000000   Number         0  entry11b.o ABSOLUTE
    ../clib/microlib/longlong.c              0x00000000   Number         0  llshl.o ABSOLUTE
    ../clib/microlib/longlong.c              0x00000000   Number         0  llushr.o ABSOLUTE
    ../clib/microlib/longlong.c              0x00000000   Number         0  llsshr.o ABSOLUTE
    ../clib/microlib/printf/printf.c         0x00000000   Number         0  printf2.o ABSOLUTE
    ../clib/microlib/printf/printf.c         0x00000000   Number         0  printf8.o ABSOLUTE
    ../clib/microlib/printf/printf.c         0x00000000   Number         0  printfa.o ABSOLUTE
    ../clib/microlib/printf/printf.c         0x00000000   Number         0  printf3.o ABSOLUTE
    ../clib/microlib/printf/printf.c         0x00000000   Number         0  printf4.o ABSOLUTE
    ../clib/microlib/printf/printf.c         0x00000000   Number         0  printf5.o ABSOLUTE
    ../clib/microlib/printf/printf.c         0x00000000   Number         0  printf6.o ABSOLUTE
    ../clib/microlib/printf/printf.c         0x00000000   Number         0  printf7.o ABSOLUTE
    ../clib/microlib/printf/printf.c         0x00000000   Number         0  printfb.o ABSOLUTE
    ../clib/microlib/printf/printf.c         0x00000000   Number         0  printf0.o ABSOLUTE
    ../clib/microlib/printf/printf.c         0x00000000   Number         0  printf1.o ABSOLUTE
    ../clib/microlib/printf/stubs.s          0x00000000   Number         0  stubs.o ABSOLUTE
    ../clib/microlib/stdio/fputc.c           0x00000000   Number         0  fputc.o ABSOLUTE
    ../clib/microlib/stdio/semi.s            0x00000000   Number         0  semi.o ABSOLUTE
    ../clib/microlib/stdio/streams.c         0x00000000   Number         0  stdout.o ABSOLUTE
    ../clib/microlib/string/strlen.c         0x00000000   Number         0  strlen.o ABSOLUTE
    ../clib/microlib/stubs.s                 0x00000000   Number         0  iusefp.o ABSOLUTE
    ../clib/microlib/stubs.s                 0x00000000   Number         0  iusesemip.o ABSOLUTE
    ../fplib/microlib/d2f.c                  0x00000000   Number         0  d2f.o ABSOLUTE
    ../fplib/microlib/f2d.c                  0x00000000   Number         0  f2d.o ABSOLUTE
    ../fplib/microlib/fpadd.c                0x00000000   Number         0  fadd.o ABSOLUTE
    ../fplib/microlib/fpadd.c                0x00000000   Number         0  dadd.o ABSOLUTE
    ../fplib/microlib/fpdiv.c                0x00000000   Number         0  ddiv.o ABSOLUTE
    ../fplib/microlib/fpdiv.c                0x00000000   Number         0  fdiv.o ABSOLUTE
    ../fplib/microlib/fpepilogue.c           0x00000000   Number         0  fepilogue.o ABSOLUTE
    ../fplib/microlib/fpepilogue.c           0x00000000   Number         0  depilogue.o ABSOLUTE
    ../fplib/microlib/fpfix.c                0x00000000   Number         0  dfixul.o ABSOLUTE
    ../fplib/microlib/fpflt.c                0x00000000   Number         0  fflti.o ABSOLUTE
    ../fplib/microlib/fpflt.c                0x00000000   Number         0  dfltui.o ABSOLUTE
    ../fplib/microlib/fpmul.c                0x00000000   Number         0  dmul.o ABSOLUTE
    ../fplib/microlib/fpmul.c                0x00000000   Number         0  fmul.o ABSOLUTE
    ..\STM32L1xx_StdPeriph_Driver\src\misc.c 0x00000000   Number         0  misc.o ABSOLUTE
    ..\STM32L1xx_StdPeriph_Driver\src\stm32l1xx_adc.c 0x00000000   Number         0  stm32l1xx_adc.o ABSOLUTE
    ..\STM32L1xx_StdPeriph_Driver\src\stm32l1xx_dac.c 0x00000000   Number         0  stm32l1xx_dac.o ABSOLUTE
    ..\STM32L1xx_StdPeriph_Driver\src\stm32l1xx_dma.c 0x00000000   Number         0  stm32l1xx_dma.o ABSOLUTE
    ..\STM32L1xx_StdPeriph_Driver\src\stm32l1xx_exti.c 0x00000000   Number         0  stm32l1xx_exti.o ABSOLUTE
    ..\STM32L1xx_StdPeriph_Driver\src\stm32l1xx_flash.c 0x00000000   Number         0  stm32l1xx_flash.o ABSOLUTE
    ..\STM32L1xx_StdPeriph_Driver\src\stm32l1xx_gpio.c 0x00000000   Number         0  stm32l1xx_gpio.o ABSOLUTE
    ..\STM32L1xx_StdPeriph_Driver\src\stm32l1xx_i2c.c 0x00000000   Number         0  stm32l1xx_i2c.o ABSOLUTE
    ..\STM32L1xx_StdPeriph_Driver\src\stm32l1xx_pwr.c 0x00000000   Number         0  stm32l1xx_pwr.o ABSOLUTE
    ..\STM32L1xx_StdPeriph_Driver\src\stm32l1xx_rcc.c 0x00000000   Number         0  stm32l1xx_rcc.o ABSOLUTE
    ..\STM32L1xx_StdPeriph_Driver\src\stm32l1xx_rtc.c 0x00000000   Number         0  stm32l1xx_rtc.o ABSOLUTE
    ..\STM32L1xx_StdPeriph_Driver\src\stm32l1xx_syscfg.c 0x00000000   Number         0  stm32l1xx_syscfg.o ABSOLUTE
    ..\STM32L1xx_StdPeriph_Driver\src\stm32l1xx_tim.c 0x00000000   Number         0  stm32l1xx_tim.o ABSOLUTE
    ..\STM32L1xx_StdPeriph_Driver\src\stm32l1xx_usart.c 0x00000000   Number         0  stm32l1xx_usart.o ABSOLUTE
    ..\\STM32L1xx_StdPeriph_Driver\\src\\misc.c 0x00000000   Number         0  misc.o ABSOLUTE
    ..\\STM32L1xx_StdPeriph_Driver\\src\\stm32l1xx_adc.c 0x00000000   Number         0  stm32l1xx_adc.o ABSOLUTE
    ..\\STM32L1xx_StdPeriph_Driver\\src\\stm32l1xx_dac.c 0x00000000   Number         0  stm32l1xx_dac.o ABSOLUTE
    ..\\STM32L1xx_StdPeriph_Driver\\src\\stm32l1xx_dma.c 0x00000000   Number         0  stm32l1xx_dma.o ABSOLUTE
    ..\\STM32L1xx_StdPeriph_Driver\\src\\stm32l1xx_exti.c 0x00000000   Number         0  stm32l1xx_exti.o ABSOLUTE
    ..\\STM32L1xx_StdPeriph_Driver\\src\\stm32l1xx_flash.c 0x00000000   Number         0  stm32l1xx_flash.o ABSOLUTE
    ..\\STM32L1xx_StdPeriph_Driver\\src\\stm32l1xx_gpio.c 0x00000000   Number         0  stm32l1xx_gpio.o ABSOLUTE
    ..\\STM32L1xx_StdPeriph_Driver\\src\\stm32l1xx_i2c.c 0x00000000   Number         0  stm32l1xx_i2c.o ABSOLUTE
    ..\\STM32L1xx_StdPeriph_Driver\\src\\stm32l1xx_pwr.c 0x00000000   Number         0  stm32l1xx_pwr.o ABSOLUTE
    ..\\STM32L1xx_StdPeriph_Driver\\src\\stm32l1xx_rcc.c 0x00000000   Number         0  stm32l1xx_rcc.o ABSOLUTE
    ..\\STM32L1xx_StdPeriph_Driver\\src\\stm32l1xx_rtc.c 0x00000000   Number         0  stm32l1xx_rtc.o ABSOLUTE
    ..\\STM32L1xx_StdPeriph_Driver\\src\\stm32l1xx_syscfg.c 0x00000000   Number         0  stm32l1xx_syscfg.o ABSOLUTE
    ..\\STM32L1xx_StdPeriph_Driver\\src\\stm32l1xx_tim.c 0x00000000   Number         0  stm32l1xx_tim.o ABSOLUTE
    ..\\STM32L1xx_StdPeriph_Driver\\src\\stm32l1xx_usart.c 0x00000000   Number         0  stm32l1xx_usart.o ABSOLUTE
    18b20.c                                  0x00000000   Number         0  18b20.o ABSOLUTE
    18b20.c                                  0x00000000   Number         0  18b20.o ABSOLUTE
    adc.c                                    0x00000000   Number         0  adc.o ABSOLUTE
    adc.c                                    0x00000000   Number         0  adc.o ABSOLUTE
    bmp085.c                                 0x00000000   Number         0  bmp085.o ABSOLUTE
    bmp085.c                                 0x00000000   Number         0  bmp085.o ABSOLUTE
    button.c                                 0x00000000   Number         0  button.o ABSOLUTE
    button.c                                 0x00000000   Number         0  button.o ABSOLUTE
    cdrcmple.s                               0x00000000   Number         0  cdrcmple.o ABSOLUTE
    cfrcmple.s                               0x00000000   Number         0  cfrcmple.o ABSOLUTE
    dc.s                                     0x00000000   Number         0  dc.o ABSOLUTE
    dht11.c                                  0x00000000   Number         0  dht11.o ABSOLUTE
    dht11.c                                  0x00000000   Number         0  dht11.o ABSOLUTE
    handlers.s                               0x00000000   Number         0  handlers.o ABSOLUTE
    i2c.c                                    0x00000000   Number         0  i2c.o ABSOLUTE
    i2c.c                                    0x00000000   Number         0  i2c.o ABSOLUTE
    init.s                                   0x00000000   Number         0  init.o ABSOLUTE
    leds.c                                   0x00000000   Number         0  leds.o ABSOLUTE
    leds.c                                   0x00000000   Number         0  leds.o ABSOLUTE
    main.c                                   0x00000000   Number         0  main.o ABSOLUTE
    main.c                                   0x00000000   Number         0  main.o ABSOLUTE
    onewire.c                                0x00000000   Number         0  onewire.o ABSOLUTE
    onewire.c                                0x00000000   Number         0  onewire.o ABSOLUTE
    pin.c                                    0x00000000   Number         0  pin.o ABSOLUTE
    pin.c                                    0x00000000   Number         0  pin.o ABSOLUTE
    rtc.c                                    0x00000000   Number         0  rtc.o ABSOLUTE
    rtc.c                                    0x00000000   Number         0  rtc.o ABSOLUTE
    startup_stm32l1xx_md.s                   0x00000000   Number         0  startup_stm32l1xx_md.o ABSOLUTE
    system_stm32l1xx.c                       0x00000000   Number         0  system_stm32l1xx.o ABSOLUTE
    system_stm32l1xx.c                       0x00000000   Number         0  system_stm32l1xx.o ABSOLUTE
    uart.c                                   0x00000000   Number         0  uart.o ABSOLUTE
    uart.c                                   0x00000000   Number         0  uart.o ABSOLUTE
    RESET                                    0x08000000   Section      244  startup_stm32l1xx_md.o(RESET)
    .ARM.Collect$$$$00000000                 0x080000f4   Section        0  entry.o(.ARM.Collect$$$$00000000)
    .ARM.Collect$$$$00000001                 0x080000f4   Section        4  entry2.o(.ARM.Collect$$$$00000001)
    .ARM.Collect$$$$00000004                 0x080000f8   Section        4  entry5.o(.ARM.Collect$$$$00000004)
    .ARM.Collect$$$$00000008                 0x080000fc   Section        0  entry7b.o(.ARM.Collect$$$$00000008)
    .ARM.Collect$$$$0000000A                 0x080000fc   Section        0  entry8b.o(.ARM.Collect$$$$0000000A)
    .ARM.Collect$$$$0000000B                 0x080000fc   Section        8  entry9a.o(.ARM.Collect$$$$0000000B)
    .ARM.Collect$$$$0000000D                 0x08000104   Section        0  entry10a.o(.ARM.Collect$$$$0000000D)
    .ARM.Collect$$$$0000000F                 0x08000104   Section        0  entry11a.o(.ARM.Collect$$$$0000000F)
    .ARM.Collect$$$$00002712                 0x08000104   Section        4  entry2.o(.ARM.Collect$$$$00002712)
    __lit__00000000                          0x08000104   Data           4  entry2.o(.ARM.Collect$$$$00002712)
    .text                                    0x08000108   Section       36  startup_stm32l1xx_md.o(.text)
    .text                                    0x0800012c   Section        0  main.o(.text)
    .text                                    0x080007d8   Section        0  system_stm32l1xx.o(.text)
    SetSysClock                              0x080007d9   Thumb Code   198  system_stm32l1xx.o(.text)
    .text                                    0x080009f0   Section        0  dht11.o(.text)
    .text                                    0x08000bb0   Section        0  uart.o(.text)
    .text                                    0x08000dfc   Section        0  i2c.o(.text)
    .text                                    0x080011dc   Section        0  bmp085.o(.text)
    .text                                    0x080014b8   Section        0  onewire.o(.text)
    .text                                    0x080017cc   Section        0  18b20.o(.text)
    .text                                    0x080018dc   Section        0  leds.o(.text)
    .text                                    0x080018fc   Section        0  adc.o(.text)
    .text                                    0x08001d88   Section        0  rtc.o(.text)
    .text                                    0x08001db4   Section        0  pin.o(.text)
    .text                                    0x08001e90   Section        0  button.o(.text)
    .text                                    0x08001ef0   Section        0  stm32l1xx_gpio.o(.text)
    .text                                    0x080020dc   Section        0  stm32l1xx_rcc.o(.text)
    .text                                    0x08002564   Section        0  stm32l1xx_rtc.o(.text)
    RTC_ByteToBcd2                           0x080027ab   Thumb Code    28  stm32l1xx_rtc.o(.text)
    RTC_Bcd2ToByte                           0x080027c7   Thumb Code    22  stm32l1xx_rtc.o(.text)
    .text                                    0x0800304c   Section        0  stm32l1xx_syscfg.o(.text)
    .text                                    0x080032b4   Section        0  stm32l1xx_tim.o(.text)
    TI4_Config                               0x08003815   Thumb Code    80  stm32l1xx_tim.o(.text)
    TI3_Config                               0x08003877   Thumb Code    72  stm32l1xx_tim.o(.text)
    TI2_Config                               0x080038d9   Thumb Code    80  stm32l1xx_tim.o(.text)
    TI1_Config                               0x0800393b   Thumb Code    58  stm32l1xx_tim.o(.text)
    .text                                    0x08003c90   Section        0  stm32l1xx_usart.o(.text)
    .text                                    0x08004018   Section        0  misc.o(.text)
    .text                                    0x080040f4   Section        0  stm32l1xx_exti.o(.text)
    .text                                    0x08004210   Section        0  stm32l1xx_dma.o(.text)
    .text                                    0x080043c0   Section        0  stm32l1xx_adc.o(.text)
    .text                                    0x08004884   Section        0  stm32l1xx_flash.o(.text)
    .text                                    0x08004eac   Section        0  stm32l1xx_pwr.o(.text)
    .text                                    0x08005004   Section        0  stm32l1xx_i2c.o(.text)
    .text                                    0x080053e8   Section        0  strlen.o(.text)
    .text                                    0x080053f6   Section        0  fadd.o(.text)
    .text                                    0x080054a6   Section        0  fmul.o(.text)
    .text                                    0x08005512   Section        0  fdiv.o(.text)
    .text                                    0x08005592   Section        0  dmul.o(.text)
    .text                                    0x08005676   Section        0  ddiv.o(.text)
    .text                                    0x08005754   Section        0  fflti.o(.text)
    .text                                    0x08005766   Section        0  dfltui.o(.text)
    .text                                    0x08005780   Section        0  f2d.o(.text)
    .text                                    0x080057a6   Section        0  d2f.o(.text)
    .text                                    0x080057e0   Section       20  cfrcmple.o(.text)
    .text                                    0x080057f4   Section        0  uidiv.o(.text)
    .text                                    0x08005820   Section        0  uldiv.o(.text)
    .text                                    0x08005882   Section        0  iusefp.o(.text)
    .text                                    0x08005882   Section        0  fepilogue.o(.text)
    .text                                    0x080058ee   Section        0  depilogue.o(.text)
    .text                                    0x080059ac   Section        0  dadd.o(.text)
    .text                                    0x08005afa   Section        0  dfixul.o(.text)
    .text                                    0x08005b2c   Section       40  cdrcmple.o(.text)
    .text                                    0x08005b54   Section       36  init.o(.text)
    .text                                    0x08005b78   Section        0  llshl.o(.text)
    .text                                    0x08005b96   Section        0  llushr.o(.text)
    .text                                    0x08005bb6   Section        0  llsshr.o(.text)
    i.__0sprintf                             0x08005bdc   Section        0  printfa.o(i.__0sprintf)
    i.__scatterload_copy                     0x08005c04   Section       14  handlers.o(i.__scatterload_copy)
    i.__scatterload_null                     0x08005c12   Section        2  handlers.o(i.__scatterload_null)
    i.__scatterload_zeroinit                 0x08005c14   Section       14  handlers.o(i.__scatterload_zeroinit)
    i._fp_digits                             0x08005c24   Section        0  printfa.o(i._fp_digits)
    _fp_digits                               0x08005c25   Thumb Code   326  printfa.o(i._fp_digits)
    i._printf_core                           0x08005d80   Section        0  printfa.o(i._printf_core)
    _printf_core                             0x08005d81   Thumb Code  1762  printfa.o(i._printf_core)
    i._printf_post_padding                   0x08006470   Section        0  printfa.o(i._printf_post_padding)
    _printf_post_padding                     0x08006471   Thumb Code    38  printfa.o(i._printf_post_padding)
    i._printf_pre_padding                    0x08006496   Section        0  printfa.o(i._printf_pre_padding)
    _printf_pre_padding                      0x08006497   Thumb Code    48  printfa.o(i._printf_pre_padding)
    i._sputc                                 0x080064c6   Section        0  printfa.o(i._sputc)
    _sputc                                   0x080064c7   Thumb Code    10  printfa.o(i._sputc)
    .constdata                               0x080064d0   Section       71  main.o(.constdata)
    .data                                    0x20000000   Section       36  main.o(.data)
    TimingDelay                              0x2000000c   Data           4  main.o(.data)
    .data                                    0x20000024   Section       29  system_stm32l1xx.o(.data)
    .data                                    0x20000041   Section        8  onewire.o(.data)
    .data                                    0x2000004a   Section        8  adc.o(.data)
    .data                                    0x20000052   Section       25  stm32l1xx_rcc.o(.data)
    PLLMulTable                              0x20000052   Data           9  stm32l1xx_rcc.o(.data)
    APBAHBPrescTable                         0x2000005b   Data          16  stm32l1xx_rcc.o(.data)
    .bss                                     0x2000006c   Section       16  main.o(.bss)
    .bss                                     0x2000007c   Section       84  adc.o(.bss)
    STACK                                    0x200000d0   Section     1024  startup_stm32l1xx_md.o(STACK)

    Global Symbols

    Symbol Name                              Value     Ov Type        Size  Object(Section)

    BuildAttributes$$THM_ISAv4$P$D$K$B$S$PE$A:L22UL41UL21$X:L11$S22US41US21$IEEE1$IW$USESV6$~STKCKD$USESV7$~SHL$OTIME$ROPI$EBA8$MICROLIB$REQ8$PRES8$EABIv2 0x00000000   Number         0  anon$$obj.o ABSOLUTE
    __ARM_use_no_argv                        0x00000000   Number         0  main.o ABSOLUTE
    _printf_a                                0x00000000   Number         0  stubs.o ABSOLUTE
    _printf_c                                0x00000000   Number         0  stubs.o ABSOLUTE
    _printf_charcount                        0x00000000   Number         0  stubs.o ABSOLUTE
    _printf_d                                0x00000000   Number         0  stubs.o ABSOLUTE
    _printf_e                                0x00000000   Number         0  stubs.o ABSOLUTE
    _printf_f                                0x00000000   Number         0  stubs.o ABSOLUTE
    _printf_flags                            0x00000000   Number         0  stubs.o ABSOLUTE
    _printf_fp_dec                           0x00000000   Number         0  stubs.o ABSOLUTE
    _printf_fp_hex                           0x00000000   Number         0  stubs.o ABSOLUTE
    _printf_g                                0x00000000   Number         0  stubs.o ABSOLUTE
    _printf_i                                0x00000000   Number         0  stubs.o ABSOLUTE
    _printf_int_dec                          0x00000000   Number         0  stubs.o ABSOLUTE
    _printf_l                                0x00000000   Number         0  stubs.o ABSOLUTE
    _printf_lc                               0x00000000   Number         0  stubs.o ABSOLUTE
    _printf_ll                               0x00000000   Number         0  stubs.o ABSOLUTE
    _printf_lld                              0x00000000   Number         0  stubs.o ABSOLUTE
    _printf_lli                              0x00000000   Number         0  stubs.o ABSOLUTE
    _printf_llo                              0x00000000   Number         0  stubs.o ABSOLUTE
    _printf_llu                              0x00000000   Number         0  stubs.o ABSOLUTE
    _printf_llx                              0x00000000   Number         0  stubs.o ABSOLUTE
    _printf_longlong_dec                     0x00000000   Number         0  stubs.o ABSOLUTE
    _printf_longlong_hex                     0x00000000   Number         0  stubs.o ABSOLUTE
    _printf_longlong_oct                     0x00000000   Number         0  stubs.o ABSOLUTE
    _printf_ls                               0x00000000   Number         0  stubs.o ABSOLUTE
    _printf_mbtowc                           0x00000000   Number         0  stubs.o ABSOLUTE
    _printf_n                                0x00000000   Number         0  stubs.o ABSOLUTE
    _printf_o                                0x00000000   Number         0  stubs.o ABSOLUTE
    _printf_p                                0x00000000   Number         0  stubs.o ABSOLUTE
    _printf_percent                          0x00000000   Number         0  stubs.o ABSOLUTE
    _printf_pre_padding                      0x00000000   Number         0  stubs.o ABSOLUTE
    _printf_return_value                     0x00000000   Number         0  stubs.o ABSOLUTE
    _printf_s                                0x00000000   Number         0  stubs.o ABSOLUTE
    _printf_sizespec                         0x00000000   Number         0  stubs.o ABSOLUTE
    _printf_str                              0x00000000   Number         0  stubs.o ABSOLUTE
    _printf_truncate_signed                  0x00000000   Number         0  stubs.o ABSOLUTE
    _printf_truncate_unsigned                0x00000000   Number         0  stubs.o ABSOLUTE
    _printf_u                                0x00000000   Number         0  stubs.o ABSOLUTE
    _printf_wc                               0x00000000   Number         0  stubs.o ABSOLUTE
    _printf_wctomb                           0x00000000   Number         0  stubs.o ABSOLUTE
    _printf_widthprec                        0x00000000   Number         0  stubs.o ABSOLUTE
    _printf_x                                0x00000000   Number         0  stubs.o ABSOLUTE
    __cpp_initialize__aeabi_                  - Undefined Weak Reference
    __cxa_finalize                            - Undefined Weak Reference
    __decompress                              - Undefined Weak Reference
    _clock_init                               - Undefined Weak Reference
    _microlib_exit                            - Undefined Weak Reference
    __Vectors_Size                           0x000000f4   Number         0  startup_stm32l1xx_md.o ABSOLUTE
    __Vectors                                0x08000000   Data           4  startup_stm32l1xx_md.o(RESET)
    __Vectors_End                            0x080000f4   Data           0  startup_stm32l1xx_md.o(RESET)
    __main                                   0x080000f5   Thumb Code     0  entry.o(.ARM.Collect$$$$00000000)
    _main_stk                                0x080000f5   Thumb Code     0  entry2.o(.ARM.Collect$$$$00000001)
    _main_scatterload                        0x080000f9   Thumb Code     0  entry5.o(.ARM.Collect$$$$00000004)
    __main_after_scatterload                 0x080000fd   Thumb Code     0  entry5.o(.ARM.Collect$$$$00000004)
    _main_clock                              0x080000fd   Thumb Code     0  entry7b.o(.ARM.Collect$$$$00000008)
    _main_cpp_init                           0x080000fd   Thumb Code     0  entry8b.o(.ARM.Collect$$$$0000000A)
    _main_init                               0x080000fd   Thumb Code     0  entry9a.o(.ARM.Collect$$$$0000000B)
    __rt_final_cpp                           0x08000105   Thumb Code     0  entry10a.o(.ARM.Collect$$$$0000000D)
    __rt_final_exit                          0x08000105   Thumb Code     0  entry11a.o(.ARM.Collect$$$$0000000F)
    Reset_Handler                            0x08000109   Thumb Code     8  startup_stm32l1xx_md.o(.text)
    NMI_Handler                              0x08000111   Thumb Code     2  startup_stm32l1xx_md.o(.text)
    HardFault_Handler                        0x08000113   Thumb Code     2  startup_stm32l1xx_md.o(.text)
    MemManage_Handler                        0x08000115   Thumb Code     2  startup_stm32l1xx_md.o(.text)
    BusFault_Handler                         0x08000117   Thumb Code     2  startup_stm32l1xx_md.o(.text)
    UsageFault_Handler                       0x08000119   Thumb Code     2  startup_stm32l1xx_md.o(.text)
    SVC_Handler                              0x0800011b   Thumb Code     2  startup_stm32l1xx_md.o(.text)
    DebugMon_Handler                         0x0800011d   Thumb Code     2  startup_stm32l1xx_md.o(.text)
    PendSV_Handler                           0x0800011f   Thumb Code     2  startup_stm32l1xx_md.o(.text)
    ADC1_IRQHandler                          0x08000123   Thumb Code     0  startup_stm32l1xx_md.o(.text)
    COMP_IRQHandler                          0x08000123   Thumb Code     0  startup_stm32l1xx_md.o(.text)
    DAC_IRQHandler                           0x08000123   Thumb Code     0  startup_stm32l1xx_md.o(.text)
    DMA1_Channel2_IRQHandler                 0x08000123   Thumb Code     0  startup_stm32l1xx_md.o(.text)
    DMA1_Channel3_IRQHandler                 0x08000123   Thumb Code     0  startup_stm32l1xx_md.o(.text)
    DMA1_Channel4_IRQHandler                 0x08000123   Thumb Code     0  startup_stm32l1xx_md.o(.text)
    DMA1_Channel5_IRQHandler                 0x08000123   Thumb Code     0  startup_stm32l1xx_md.o(.text)
    DMA1_Channel6_IRQHandler                 0x08000123   Thumb Code     0  startup_stm32l1xx_md.o(.text)
    DMA1_Channel7_IRQHandler                 0x08000123   Thumb Code     0  startup_stm32l1xx_md.o(.text)
    EXTI15_10_IRQHandler                     0x08000123   Thumb Code     0  startup_stm32l1xx_md.o(.text)
    EXTI1_IRQHandler                         0x08000123   Thumb Code     0  startup_stm32l1xx_md.o(.text)
    EXTI2_IRQHandler                         0x08000123   Thumb Code     0  startup_stm32l1xx_md.o(.text)
    EXTI3_IRQHandler                         0x08000123   Thumb Code     0  startup_stm32l1xx_md.o(.text)
    EXTI4_IRQHandler                         0x08000123   Thumb Code     0  startup_stm32l1xx_md.o(.text)
    EXTI9_5_IRQHandler                       0x08000123   Thumb Code     0  startup_stm32l1xx_md.o(.text)
    FLASH_IRQHandler                         0x08000123   Thumb Code     0  startup_stm32l1xx_md.o(.text)
    I2C1_ER_IRQHandler                       0x08000123   Thumb Code     0  startup_stm32l1xx_md.o(.text)
    I2C1_EV_IRQHandler                       0x08000123   Thumb Code     0  startup_stm32l1xx_md.o(.text)
    I2C2_ER_IRQHandler                       0x08000123   Thumb Code     0  startup_stm32l1xx_md.o(.text)
    I2C2_EV_IRQHandler                       0x08000123   Thumb Code     0  startup_stm32l1xx_md.o(.text)
    LCD_IRQHandler                           0x08000123   Thumb Code     0  startup_stm32l1xx_md.o(.text)
    PVD_IRQHandler                           0x08000123   Thumb Code     0  startup_stm32l1xx_md.o(.text)
    RCC_IRQHandler                           0x08000123   Thumb Code     0  startup_stm32l1xx_md.o(.text)
    RTC_Alarm_IRQHandler                     0x08000123   Thumb Code     0  startup_stm32l1xx_md.o(.text)
    RTC_WKUP_IRQHandler                      0x08000123   Thumb Code     0  startup_stm32l1xx_md.o(.text)
    SPI1_IRQHandler                          0x08000123   Thumb Code     0  startup_stm32l1xx_md.o(.text)
    SPI2_IRQHandler                          0x08000123   Thumb Code     0  startup_stm32l1xx_md.o(.text)
    TAMPER_STAMP_IRQHandler                  0x08000123   Thumb Code     0  startup_stm32l1xx_md.o(.text)
    TIM10_IRQHandler                         0x08000123   Thumb Code     0  startup_stm32l1xx_md.o(.text)
    TIM11_IRQHandler                         0x08000123   Thumb Code     0  startup_stm32l1xx_md.o(.text)
    TIM3_IRQHandler                          0x08000123   Thumb Code     0  startup_stm32l1xx_md.o(.text)
    TIM4_IRQHandler                          0x08000123   Thumb Code     0  startup_stm32l1xx_md.o(.text)
    TIM6_IRQHandler                          0x08000123   Thumb Code     0  startup_stm32l1xx_md.o(.text)
    TIM7_IRQHandler                          0x08000123   Thumb Code     0  startup_stm32l1xx_md.o(.text)
    TIM9_IRQHandler                          0x08000123   Thumb Code     0  startup_stm32l1xx_md.o(.text)
    USART1_IRQHandler                        0x08000123   Thumb Code     0  startup_stm32l1xx_md.o(.text)
    USART2_IRQHandler                        0x08000123   Thumb Code     0  startup_stm32l1xx_md.o(.text)
    USART3_IRQHandler                        0x08000123   Thumb Code     0  startup_stm32l1xx_md.o(.text)
    USB_FS_WKUP_IRQHandler                   0x08000123   Thumb Code     0  startup_stm32l1xx_md.o(.text)
    USB_HP_IRQHandler                        0x08000123   Thumb Code     0  startup_stm32l1xx_md.o(.text)
    USB_LP_IRQHandler                        0x08000123   Thumb Code     0  startup_stm32l1xx_md.o(.text)
    WWDG_IRQHandler                          0x08000123   Thumb Code     0  startup_stm32l1xx_md.o(.text)
    TimingDelay_Decrement                    0x0800012d   Thumb Code    28  main.o(.text)
    SysTick_Handler                          0x08000149   Thumb Code     8  main.o(.text)
    EXTI0_IRQHandler                         0x08000151   Thumb Code    14  main.o(.text)
    TIM2_IRQHandler                          0x0800015f   Thumb Code    36  main.o(.text)
    setADCDMA_TransferComplete               0x08000183   Thumb Code     8  main.o(.text)
    DMA1_Channel1_IRQHandler                 0x0800018b   Thumb Code    14  main.o(.text)
    clearADCDMA_TransferComplete             0x08000199   Thumb Code     8  main.o(.text)
    uint16_time_diff                         0x080001a1   Thumb Code    22  main.o(.text)
    RCC_Configuration                        0x080001b7   Thumb Code    96  main.o(.text)
    main                                     0x08000217   Thumb Code  1302  main.o(.text)
    Delay                                    0x0800072d   Thumb Code    16  main.o(.text)
    SystemInit                               0x0800089f   Thumb Code    88  system_stm32l1xx.o(.text)
    SystemCoreClockUpdate                    0x080008f7   Thumb Code   204  system_stm32l1xx.o(.text)
    read_cycle                               0x080009f1   Thumb Code    72  dht11.o(.text)
    DHT11_RawRead                            0x08000a39   Thumb Code   228  dht11.o(.text)
    DHT22_Humidity                           0x08000b1d   Thumb Code    50  dht11.o(.text)
    DHT22_Temperature                        0x08000b4f   Thumb Code    72  dht11.o(.text)
    DHT11_Humidity                           0x08000b97   Thumb Code     6  dht11.o(.text)
    DHT11_Temperature                        0x08000b9d   Thumb Code     6  dht11.o(.text)
    USART_open                               0x08000bb1   Thumb Code   300  uart.o(.text)
    USART_close                              0x08000cdd   Thumb Code    44  uart.o(.text)
    USART_DMA_send                           0x08000d09   Thumb Code   118  uart.o(.text)
    uart_putc                                0x08000d7f   Thumb Code    28  uart.o(.text)
    USART_print                              0x08000d9b   Thumb Code    48  uart.o(.text)
    uart_getc                                0x08000dcb   Thumb Code    24  uart.o(.text)
    I2C_Read                                 0x08000dfd   Thumb Code   478  i2c.o(.text)
    I2C_Write                                0x08000fdb   Thumb Code   270  i2c.o(.text)
    I2C_LowLevel_Init                        0x080010e9   Thumb Code   224  i2c.o(.text)
    BMP085_RawTemperarure                    0x080011dd   Thumb Code   124  bmp085.o(.text)
    BMP085_RawPreasure                       0x08001259   Thumb Code   150  bmp085.o(.text)
    BMP085_RawCalibData                      0x080012ef   Thumb Code   110  bmp085.o(.text)
    BMP085_Temperarure                       0x0800135d   Thumb Code    62  bmp085.o(.text)
    BMP085_Preasure                          0x0800139b   Thumb Code   208  bmp085.o(.text)
    BMP085_Preasure_mm                       0x0800146b   Thumb Code    28  bmp085.o(.text)
    BMP085_UTUP                              0x08001487   Thumb Code    30  bmp085.o(.text)
    OW_toBits                                0x080014b9   Thumb Code    34  onewire.o(.text)
    OW_toByte                                0x080014db   Thumb Code    32  onewire.o(.text)
    OW_Reset                                 0x080014fb   Thumb Code   130  onewire.o(.text)
    OW_SendBits                              0x0800157d   Thumb Code   190  onewire.o(.text)
    OW_Send                                  0x0800163b   Thumb Code   100  onewire.o(.text)
    OW_Scan                                  0x0800169f   Thumb Code   286  onewire.o(.text)
    CalculateTemperature                     0x080017cd   Thumb Code    68  18b20.o(.text)
    GetTemperature                           0x08001811   Thumb Code   120  18b20.o(.text)
    GetSingleTemperature                     0x08001889   Thumb Code    64  18b20.o(.text)
    led_init                                 0x080018dd   Thumb Code    26  leds.o(.text)
    acquireTemperatureData                   0x080018fd   Thumb Code    58  adc.o(.text)
    insertionSort                            0x08001937   Thumb Code    52  adc.o(.text)
    interquartileMean                        0x0800196b   Thumb Code    36  adc.o(.text)
    processTempData                          0x0800198f   Thumb Code   148  adc.o(.text)
    testUserCalibData                        0x08001a23   Thumb Code    20  adc.o(.text)
    testFactoryCalibData                     0x08001a37   Thumb Code    24  adc.o(.text)
    writeCalibData                           0x08001a4f   Thumb Code    72  adc.o(.text)
    adc_init                                 0x08001a97   Thumb Code   422  adc.o(.text)
    configureDMA                             0x08001c3d   Thumb Code   110  adc.o(.text)
    adc_coretemp_simple                      0x08001cab   Thumb Code   214  adc.o(.text)
    rtc_init                                 0x08001d89   Thumb Code    42  rtc.o(.text)
    pin_mode                                 0x08001db5   Thumb Code   206  pin.o(.text)
    button_init_irq                          0x08001e91   Thumb Code    78  button.o(.text)
    button_init                              0x08001edf   Thumb Code    14  button.o(.text)
    GPIO_DeInit                              0x08001ef1   Thumb Code   148  stm32l1xx_gpio.o(.text)
    GPIO_Init                                0x08001f85   Thumb Code   144  stm32l1xx_gpio.o(.text)
    GPIO_StructInit                          0x08002015   Thumb Code    18  stm32l1xx_gpio.o(.text)
    GPIO_PinLockConfig                       0x08002027   Thumb Code    18  stm32l1xx_gpio.o(.text)
    GPIO_ReadInputDataBit                    0x08002039   Thumb Code    18  stm32l1xx_gpio.o(.text)
    GPIO_ReadInputData                       0x0800204b   Thumb Code     6  stm32l1xx_gpio.o(.text)
    GPIO_ReadOutputDataBit                   0x08002051   Thumb Code    18  stm32l1xx_gpio.o(.text)
    GPIO_ReadOutputData                      0x08002063   Thumb Code     6  stm32l1xx_gpio.o(.text)
    GPIO_SetBits                             0x08002069   Thumb Code     4  stm32l1xx_gpio.o(.text)
    GPIO_ResetBits                           0x0800206d   Thumb Code     4  stm32l1xx_gpio.o(.text)
    GPIO_WriteBit                            0x08002071   Thumb Code    10  stm32l1xx_gpio.o(.text)
    GPIO_Write                               0x0800207b   Thumb Code     4  stm32l1xx_gpio.o(.text)
    GPIO_PinAFConfig                         0x0800207f   Thumb Code    70  stm32l1xx_gpio.o(.text)
    RCC_DeInit                               0x080020dd   Thumb Code    74  stm32l1xx_rcc.o(.text)
    RCC_HSEConfig                            0x08002127   Thumb Code    14  stm32l1xx_rcc.o(.text)
    RCC_GetFlagStatus                        0x08002135   Thumb Code    48  stm32l1xx_rcc.o(.text)
    RCC_WaitForHSEStartUp                    0x08002165   Thumb Code    56  stm32l1xx_rcc.o(.text)
    RCC_AdjustMSICalibrationValue            0x0800219d   Thumb Code     8  stm32l1xx_rcc.o(.text)
    RCC_MSIRangeConfig                       0x080021a5   Thumb Code    20  stm32l1xx_rcc.o(.text)
    RCC_MSICmd                               0x080021b9   Thumb Code     6  stm32l1xx_rcc.o(.text)
    RCC_AdjustHSICalibrationValue            0x080021bf   Thumb Code    22  stm32l1xx_rcc.o(.text)
    RCC_HSICmd                               0x080021d5   Thumb Code     6  stm32l1xx_rcc.o(.text)
    RCC_LSEConfig                            0x080021db   Thumb Code    14  stm32l1xx_rcc.o(.text)
    RCC_LSICmd                               0x080021e9   Thumb Code     6  stm32l1xx_rcc.o(.text)
    RCC_PLLConfig                            0x080021ef   Thumb Code    16  stm32l1xx_rcc.o(.text)
    RCC_PLLCmd                               0x080021ff   Thumb Code     6  stm32l1xx_rcc.o(.text)
    RCC_ClockSecuritySystemCmd               0x08002205   Thumb Code     6  stm32l1xx_rcc.o(.text)
    RCC_MCOConfig                            0x0800220b   Thumb Code    12  stm32l1xx_rcc.o(.text)
    RCC_SYSCLKConfig                         0x08002217   Thumb Code    20  stm32l1xx_rcc.o(.text)
    RCC_GetSYSCLKSource                      0x0800222b   Thumb Code    12  stm32l1xx_rcc.o(.text)
    RCC_HCLKConfig                           0x08002237   Thumb Code    20  stm32l1xx_rcc.o(.text)
    RCC_PCLK1Config                          0x0800224b   Thumb Code    20  stm32l1xx_rcc.o(.text)
    RCC_PCLK2Config                          0x0800225f   Thumb Code    22  stm32l1xx_rcc.o(.text)
    RCC_GetClocksFreq                        0x08002275   Thumb Code   248  stm32l1xx_rcc.o(.text)
    RCC_RTCCLKConfig                         0x0800236d   Thumb Code    64  stm32l1xx_rcc.o(.text)
    RCC_RTCCLKCmd                            0x080023ad   Thumb Code     8  stm32l1xx_rcc.o(.text)
    RCC_RTCResetCmd                          0x080023b5   Thumb Code     8  stm32l1xx_rcc.o(.text)
    RCC_AHBPeriphClockCmd                    0x080023bd   Thumb Code    34  stm32l1xx_rcc.o(.text)
    RCC_APB2PeriphClockCmd                   0x080023df   Thumb Code    34  stm32l1xx_rcc.o(.text)
    RCC_APB1PeriphClockCmd                   0x08002401   Thumb Code    34  stm32l1xx_rcc.o(.text)
    RCC_AHBPeriphResetCmd                    0x08002423   Thumb Code    34  stm32l1xx_rcc.o(.text)
    RCC_APB2PeriphResetCmd                   0x08002445   Thumb Code    34  stm32l1xx_rcc.o(.text)
    RCC_APB1PeriphResetCmd                   0x08002467   Thumb Code    34  stm32l1xx_rcc.o(.text)
    RCC_AHBPeriphClockLPModeCmd              0x08002489   Thumb Code    34  stm32l1xx_rcc.o(.text)
    RCC_APB2PeriphClockLPModeCmd             0x080024ab   Thumb Code    66  stm32l1xx_rcc.o(.text)
    RCC_APB1PeriphClockLPModeCmd             0x080024ed   Thumb Code    34  stm32l1xx_rcc.o(.text)
    RCC_ITConfig                             0x0800250f   Thumb Code    34  stm32l1xx_rcc.o(.text)
    RCC_ClearFlag                            0x08002531   Thumb Code    18  stm32l1xx_rcc.o(.text)
    RCC_GetITStatus                          0x08002543   Thumb Code    22  stm32l1xx_rcc.o(.text)
    RCC_ClearITPendingBit                    0x08002559   Thumb Code     8  stm32l1xx_rcc.o(.text)
    RTC_WaitForSynchro                       0x08002565   Thumb Code    92  stm32l1xx_rtc.o(.text)
    RTC_EnterInitMode                        0x080025c1   Thumb Code    84  stm32l1xx_rtc.o(.text)
    RTC_DeInit                               0x08002615   Thumb Code   182  stm32l1xx_rtc.o(.text)
    RTC_ExitInitMode                         0x080026cb   Thumb Code    18  stm32l1xx_rtc.o(.text)
    RTC_Init                                 0x080026dd   Thumb Code    94  stm32l1xx_rtc.o(.text)
    RTC_StructInit                           0x0800273b   Thumb Code    14  stm32l1xx_rtc.o(.text)
    RTC_WriteProtectionCmd                   0x08002749   Thumb Code    22  stm32l1xx_rtc.o(.text)
    RTC_RefClockCmd                          0x0800275f   Thumb Code    76  stm32l1xx_rtc.o(.text)
    RTC_SetTime                              0x080027dd   Thumb Code   184  stm32l1xx_rtc.o(.text)
    RTC_TimeStructInit                       0x08002895   Thumb Code    12  stm32l1xx_rtc.o(.text)
    RTC_GetTime                              0x080028a1   Thumb Code    74  stm32l1xx_rtc.o(.text)
    RTC_SetDate                              0x080028eb   Thumb Code   190  stm32l1xx_rtc.o(.text)
    RTC_DateStructInit                       0x080029a9   Thumb Code    14  stm32l1xx_rtc.o(.text)
    RTC_GetDate                              0x080029b7   Thumb Code    72  stm32l1xx_rtc.o(.text)
    RTC_SetAlarm                             0x080029ff   Thumb Code   234  stm32l1xx_rtc.o(.text)
    RTC_AlarmStructInit                      0x08002ae9   Thumb Code    22  stm32l1xx_rtc.o(.text)
    RTC_GetAlarm                             0x08002aff   Thumb Code   114  stm32l1xx_rtc.o(.text)
    RTC_AlarmCmd                             0x08002b71   Thumb Code   116  stm32l1xx_rtc.o(.text)
    RTC_WakeUpClockConfig                    0x08002be5   Thumb Code    46  stm32l1xx_rtc.o(.text)
    RTC_SetWakeUpCounter                     0x08002c13   Thumb Code    24  stm32l1xx_rtc.o(.text)
    RTC_GetWakeUpCounter                     0x08002c2b   Thumb Code    10  stm32l1xx_rtc.o(.text)
    RTC_WakeUpCmd                            0x08002c35   Thumb Code   120  stm32l1xx_rtc.o(.text)
    RTC_DayLightSavingConfig                 0x08002cad   Thumb Code    54  stm32l1xx_rtc.o(.text)
    RTC_GetStoreOperation                    0x08002ce3   Thumb Code    12  stm32l1xx_rtc.o(.text)
    RTC_OutputConfig                         0x08002cef   Thumb Code    54  stm32l1xx_rtc.o(.text)
    RTC_DigitalCalibConfig                   0x08002d25   Thumb Code    64  stm32l1xx_rtc.o(.text)
    RTC_DigitalCalibCmd                      0x08002d65   Thumb Code    76  stm32l1xx_rtc.o(.text)
    RTC_CalibOutputCmd                       0x08002db1   Thumb Code    54  stm32l1xx_rtc.o(.text)
    RTC_TimeStampCmd                         0x08002de7   Thumb Code    54  stm32l1xx_rtc.o(.text)
    RTC_GetTimeStamp                         0x08002e1d   Thumb Code   144  stm32l1xx_rtc.o(.text)
    RTC_TamperTriggerConfig                  0x08002ead   Thumb Code    38  stm32l1xx_rtc.o(.text)
    RTC_TamperCmd                            0x08002ed3   Thumb Code    34  stm32l1xx_rtc.o(.text)
    RTC_WriteBackupRegister                  0x08002ef5   Thumb Code    26  stm32l1xx_rtc.o(.text)
    RTC_ReadBackupRegister                   0x08002f0f   Thumb Code    28  stm32l1xx_rtc.o(.text)
    RTC_OutputTypeConfig                     0x08002f2b   Thumb Code    26  stm32l1xx_rtc.o(.text)
    RTC_ITConfig                             0x08002f45   Thumb Code    94  stm32l1xx_rtc.o(.text)
    RTC_GetFlagStatus                        0x08002fa3   Thumb Code    34  stm32l1xx_rtc.o(.text)
    RTC_ClearFlag                            0x08002fc5   Thumb Code    28  stm32l1xx_rtc.o(.text)
    RTC_GetITStatus                          0x08002fe1   Thumb Code    62  stm32l1xx_rtc.o(.text)
    RTC_ClearITPendingBit                    0x0800301f   Thumb Code    32  stm32l1xx_rtc.o(.text)
    SYSCFG_DeInit                            0x0800304d   Thumb Code    20  stm32l1xx_syscfg.o(.text)
    SYSCFG_RIDeInit                          0x08003061   Thumb Code    28  stm32l1xx_syscfg.o(.text)
    SYSCFG_MemoryRemapConfig                 0x0800307d   Thumb Code     6  stm32l1xx_syscfg.o(.text)
    SYSCFG_USBPuCmd                          0x08003083   Thumb Code    30  stm32l1xx_syscfg.o(.text)
    SYSCFG_EXTILineConfig                    0x080030a1   Thumb Code    66  stm32l1xx_syscfg.o(.text)
    SYSCFG_RITIMSelect                       0x080030e3   Thumb Code    18  stm32l1xx_syscfg.o(.text)
    SYSCFG_RITIMInputCaptureConfig           0x080030f5   Thumb Code    86  stm32l1xx_syscfg.o(.text)
    SYSCFG_RIResistorConfig                  0x0800314b   Thumb Code    34  stm32l1xx_syscfg.o(.text)
    SYSCFG_RIIOSwitchConfig                  0x0800316d   Thumb Code    80  stm32l1xx_syscfg.o(.text)
    SYSCFG_RISwitchControlModeCmd            0x080031bd   Thumb Code    38  stm32l1xx_syscfg.o(.text)
    SYSCFG_RIHysteresisConfig                0x080031e3   Thumb Code   200  stm32l1xx_syscfg.o(.text)
    TIM_DeInit                               0x080032b5   Thumb Code   196  stm32l1xx_tim.o(.text)
    TIM_TimeBaseInit                         0x08003379   Thumb Code    70  stm32l1xx_tim.o(.text)
    TIM_TimeBaseStructInit                   0x080033bf   Thumb Code    16  stm32l1xx_tim.o(.text)
    TIM_PrescalerConfig                      0x080033cf   Thumb Code     6  stm32l1xx_tim.o(.text)
    TIM_CounterModeConfig                    0x080033d5   Thumb Code    18  stm32l1xx_tim.o(.text)
    TIM_SetCounter                           0x080033e7   Thumb Code     4  stm32l1xx_tim.o(.text)
    TIM_SetAutoreload                        0x080033eb   Thumb Code     4  stm32l1xx_tim.o(.text)
    TIM_GetCounter                           0x080033ef   Thumb Code     6  stm32l1xx_tim.o(.text)
    TIM_GetPrescaler                         0x080033f5   Thumb Code     6  stm32l1xx_tim.o(.text)
    TIM_UpdateDisableConfig                  0x080033fb   Thumb Code    24  stm32l1xx_tim.o(.text)
    TIM_UpdateRequestConfig                  0x08003413   Thumb Code    24  stm32l1xx_tim.o(.text)
    TIM_ARRPreloadConfig                     0x0800342b   Thumb Code    24  stm32l1xx_tim.o(.text)
    TIM_SelectOnePulseMode                   0x08003443   Thumb Code    18  stm32l1xx_tim.o(.text)
    TIM_SetClockDivision                     0x08003455   Thumb Code    18  stm32l1xx_tim.o(.text)
    TIM_Cmd                                  0x08003467   Thumb Code    24  stm32l1xx_tim.o(.text)
    TIM_OC1Init                              0x0800347f   Thumb Code    56  stm32l1xx_tim.o(.text)
    TIM_OC2Init                              0x080034b7   Thumb Code    70  stm32l1xx_tim.o(.text)
    TIM_OC3Init                              0x080034fd   Thumb Code    66  stm32l1xx_tim.o(.text)
    TIM_OC4Init                              0x0800353f   Thumb Code    70  stm32l1xx_tim.o(.text)
    TIM_OCStructInit                         0x08003585   Thumb Code    12  stm32l1xx_tim.o(.text)
    TIM_SelectOCxM                           0x08003591   Thumb Code    82  stm32l1xx_tim.o(.text)
    TIM_SetCompare1                          0x080035e3   Thumb Code     4  stm32l1xx_tim.o(.text)
    TIM_SetCompare2                          0x080035e7   Thumb Code     4  stm32l1xx_tim.o(.text)
    TIM_SetCompare3                          0x080035eb   Thumb Code     4  stm32l1xx_tim.o(.text)
    TIM_SetCompare4                          0x080035ef   Thumb Code     4  stm32l1xx_tim.o(.text)
    TIM_ForcedOC1Config                      0x080035f3   Thumb Code    18  stm32l1xx_tim.o(.text)
    TIM_ForcedOC2Config                      0x08003605   Thumb Code    26  stm32l1xx_tim.o(.text)
    TIM_ForcedOC3Config                      0x0800361f   Thumb Code    18  stm32l1xx_tim.o(.text)
    TIM_ForcedOC4Config                      0x08003631   Thumb Code    26  stm32l1xx_tim.o(.text)
    TIM_OC1PreloadConfig                     0x0800364b   Thumb Code    18  stm32l1xx_tim.o(.text)
    TIM_OC2PreloadConfig                     0x0800365d   Thumb Code    26  stm32l1xx_tim.o(.text)
    TIM_OC3PreloadConfig                     0x08003677   Thumb Code    18  stm32l1xx_tim.o(.text)
    TIM_OC4PreloadConfig                     0x08003689   Thumb Code    26  stm32l1xx_tim.o(.text)
    TIM_OC1FastConfig                        0x080036a3   Thumb Code    46  stm32l1xx_tim.o(.text)
    TIM_OC2FastConfig                        0x080036d1   Thumb Code    26  stm32l1xx_tim.o(.text)
    TIM_OC3FastConfig                        0x080036eb   Thumb Code    18  stm32l1xx_tim.o(.text)
    TIM_OC4FastConfig                        0x080036fd   Thumb Code    26  stm32l1xx_tim.o(.text)
    TIM_ClearOC1Ref                          0x08003717   Thumb Code    18  stm32l1xx_tim.o(.text)
    TIM_ClearOC2Ref                          0x08003729   Thumb Code    24  stm32l1xx_tim.o(.text)
    TIM_ClearOC3Ref                          0x08003741   Thumb Code    18  stm32l1xx_tim.o(.text)
    TIM_ClearOC4Ref                          0x08003753   Thumb Code    24  stm32l1xx_tim.o(.text)
    TIM_OC1PolarityConfig                    0x0800376b   Thumb Code    18  stm32l1xx_tim.o(.text)
    TIM_OC2PolarityConfig                    0x0800377d   Thumb Code    26  stm32l1xx_tim.o(.text)
    TIM_OC3PolarityConfig                    0x08003797   Thumb Code    26  stm32l1xx_tim.o(.text)
    TIM_OC4PolarityConfig                    0x080037b1   Thumb Code    26  stm32l1xx_tim.o(.text)
    TIM_SelectOCREFClear                     0x080037cb   Thumb Code    18  stm32l1xx_tim.o(.text)
    TIM_CCxCmd                               0x080037dd   Thumb Code    30  stm32l1xx_tim.o(.text)
    TIM_SetIC4Prescaler                      0x080037fb   Thumb Code    26  stm32l1xx_tim.o(.text)
    TIM_SetIC3Prescaler                      0x08003865   Thumb Code    18  stm32l1xx_tim.o(.text)
    TIM_SetIC2Prescaler                      0x080038bf   Thumb Code    26  stm32l1xx_tim.o(.text)
    TIM_SetIC1Prescaler                      0x08003929   Thumb Code    18  stm32l1xx_tim.o(.text)
    TIM_ICInit                               0x08003975   Thumb Code   110  stm32l1xx_tim.o(.text)
    TIM_ICStructInit                         0x080039e3   Thumb Code    18  stm32l1xx_tim.o(.text)
    TIM_PWMIConfig                           0x080039f5   Thumb Code   124  stm32l1xx_tim.o(.text)
    TIM_GetCapture1                          0x08003a71   Thumb Code     6  stm32l1xx_tim.o(.text)
    TIM_GetCapture2                          0x08003a77   Thumb Code     6  stm32l1xx_tim.o(.text)
    TIM_GetCapture3                          0x08003a7d   Thumb Code     6  stm32l1xx_tim.o(.text)
    TIM_GetCapture4                          0x08003a83   Thumb Code     6  stm32l1xx_tim.o(.text)
    TIM_ITConfig                             0x08003a89   Thumb Code    18  stm32l1xx_tim.o(.text)
    TIM_GenerateEvent                        0x08003a9b   Thumb Code     4  stm32l1xx_tim.o(.text)
    TIM_GetFlagStatus                        0x08003a9f   Thumb Code    18  stm32l1xx_tim.o(.text)
    TIM_ClearFlag                            0x08003ab1   Thumb Code     6  stm32l1xx_tim.o(.text)
    TIM_GetITStatus                          0x08003ab7   Thumb Code    34  stm32l1xx_tim.o(.text)
    TIM_ClearITPendingBit                    0x08003ad9   Thumb Code     6  stm32l1xx_tim.o(.text)
    TIM_DMAConfig                            0x08003adf   Thumb Code    10  stm32l1xx_tim.o(.text)
    TIM_DMACmd                               0x08003ae9   Thumb Code    18  stm32l1xx_tim.o(.text)
    TIM_SelectCCDMA                          0x08003afb   Thumb Code    24  stm32l1xx_tim.o(.text)
    TIM_InternalClockConfig                  0x08003b13   Thumb Code    12  stm32l1xx_tim.o(.text)
    TIM_SelectInputTrigger                   0x08003b1f   Thumb Code    18  stm32l1xx_tim.o(.text)
    TIM_ITRxExternalClockConfig              0x08003b31   Thumb Code    24  stm32l1xx_tim.o(.text)
    TIM_TIxExternalClockConfig               0x08003b49   Thumb Code    62  stm32l1xx_tim.o(.text)
    TIM_ETRConfig                            0x08003b87   Thumb Code    28  stm32l1xx_tim.o(.text)
    TIM_ETRClockMode1Config                  0x08003ba3   Thumb Code    54  stm32l1xx_tim.o(.text)
    TIM_ETRClockMode2Config                  0x08003bd9   Thumb Code    32  stm32l1xx_tim.o(.text)
    TIM_SelectOutputTrigger                  0x08003bf9   Thumb Code    18  stm32l1xx_tim.o(.text)
    TIM_SelectSlaveMode                      0x08003c0b   Thumb Code    18  stm32l1xx_tim.o(.text)
    TIM_SelectMasterSlaveMode                0x08003c1d   Thumb Code    18  stm32l1xx_tim.o(.text)
    TIM_EncoderInterfaceConfig               0x08003c2f   Thumb Code    66  stm32l1xx_tim.o(.text)
    TIM_SelectHallSensor                     0x08003c71   Thumb Code    24  stm32l1xx_tim.o(.text)
    TIM_RemapConfig                          0x08003c89   Thumb Code     6  stm32l1xx_tim.o(.text)
    USART_DeInit                             0x08003c91   Thumb Code    82  stm32l1xx_usart.o(.text)
    USART_Init                               0x08003ce3   Thumb Code   192  stm32l1xx_usart.o(.text)
    USART_StructInit                         0x08003da3   Thumb Code    24  stm32l1xx_usart.o(.text)
    USART_ClockInit                          0x08003dbb   Thumb Code    32  stm32l1xx_usart.o(.text)
    USART_ClockStructInit                    0x08003ddb   Thumb Code    12  stm32l1xx_usart.o(.text)
    USART_Cmd                                0x08003de7   Thumb Code    24  stm32l1xx_usart.o(.text)
    USART_SetPrescaler                       0x08003dff   Thumb Code    16  stm32l1xx_usart.o(.text)
    USART_OverSampling8Cmd                   0x08003e0f   Thumb Code    22  stm32l1xx_usart.o(.text)
    USART_OneBitMethodCmd                    0x08003e25   Thumb Code    24  stm32l1xx_usart.o(.text)
    USART_SendData                           0x08003e3d   Thumb Code     8  stm32l1xx_usart.o(.text)
    USART_ReceiveData                        0x08003e45   Thumb Code    10  stm32l1xx_usart.o(.text)
    USART_SetAddress                         0x08003e4f   Thumb Code    18  stm32l1xx_usart.o(.text)
    USART_ReceiverWakeUpCmd                  0x08003e61   Thumb Code    24  stm32l1xx_usart.o(.text)
    USART_WakeUpConfig                       0x08003e79   Thumb Code    18  stm32l1xx_usart.o(.text)
    USART_LINBreakDetectLengthConfig         0x08003e8b   Thumb Code    18  stm32l1xx_usart.o(.text)
    USART_LINCmd                             0x08003e9d   Thumb Code    24  stm32l1xx_usart.o(.text)
    USART_SendBreak                          0x08003eb5   Thumb Code    10  stm32l1xx_usart.o(.text)
    USART_HalfDuplexCmd                      0x08003ebf   Thumb Code    24  stm32l1xx_usart.o(.text)
    USART_SetGuardTime                       0x08003ed7   Thumb Code    16  stm32l1xx_usart.o(.text)
    USART_SmartCardCmd                       0x08003ee7   Thumb Code    24  stm32l1xx_usart.o(.text)
    USART_SmartCardNACKCmd                   0x08003eff   Thumb Code    24  stm32l1xx_usart.o(.text)
    USART_IrDAConfig                         0x08003f17   Thumb Code    18  stm32l1xx_usart.o(.text)
    USART_IrDACmd                            0x08003f29   Thumb Code    24  stm32l1xx_usart.o(.text)
    USART_DMACmd                             0x08003f41   Thumb Code    18  stm32l1xx_usart.o(.text)
    USART_ITConfig                           0x08003f53   Thumb Code    64  stm32l1xx_usart.o(.text)
    USART_GetFlagStatus                      0x08003f93   Thumb Code    18  stm32l1xx_usart.o(.text)
    USART_ClearFlag                          0x08003fa5   Thumb Code     6  stm32l1xx_usart.o(.text)
    USART_GetITStatus                        0x08003fab   Thumb Code    76  stm32l1xx_usart.o(.text)
    USART_ClearITPendingBit                  0x08003ff7   Thumb Code    20  stm32l1xx_usart.o(.text)
    NVIC_PriorityGroupConfig                 0x08004019   Thumb Code    10  misc.o(.text)
    NVIC_Init                                0x08004023   Thumb Code   102  misc.o(.text)
    NVIC_SetVectorTable                      0x08004089   Thumb Code    14  misc.o(.text)
    NVIC_SystemLPConfig                      0x08004097   Thumb Code    34  misc.o(.text)
    SysTick_CLKSourceConfig                  0x080040b9   Thumb Code    40  misc.o(.text)
    EXTI_DeInit                              0x080040f5   Thumb Code    28  stm32l1xx_exti.o(.text)
    EXTI_Init                                0x08004111   Thumb Code   142  stm32l1xx_exti.o(.text)
    EXTI_StructInit                          0x0800419f   Thumb Code    16  stm32l1xx_exti.o(.text)
    EXTI_GenerateSWInterrupt                 0x080041af   Thumb Code    16  stm32l1xx_exti.o(.text)
    EXTI_GetFlagStatus                       0x080041bf   Thumb Code    22  stm32l1xx_exti.o(.text)
    EXTI_ClearFlag                           0x080041d5   Thumb Code     8  stm32l1xx_exti.o(.text)
    EXTI_GetITStatus                         0x080041dd   Thumb Code    34  stm32l1xx_exti.o(.text)
    EXTI_ClearITPendingBit                   0x080041ff   Thumb Code     8  stm32l1xx_exti.o(.text)
    DMA_DeInit                               0x08004211   Thumb Code   200  stm32l1xx_dma.o(.text)
    DMA_Init                                 0x080042d9   Thumb Code    60  stm32l1xx_dma.o(.text)
    DMA_StructInit                           0x08004315   Thumb Code    26  stm32l1xx_dma.o(.text)
    DMA_Cmd                                  0x0800432f   Thumb Code    24  stm32l1xx_dma.o(.text)
    DMA_SetCurrDataCounter                   0x08004347   Thumb Code     4  stm32l1xx_dma.o(.text)
    DMA_GetCurrDataCounter                   0x0800434b   Thumb Code     8  stm32l1xx_dma.o(.text)
    DMA_ITConfig                             0x08004353   Thumb Code    18  stm32l1xx_dma.o(.text)
    DMA_GetFlagStatus                        0x08004365   Thumb Code    30  stm32l1xx_dma.o(.text)
    DMA_ClearFlag                            0x08004383   Thumb Code    14  stm32l1xx_dma.o(.text)
    DMA_GetITStatus                          0x08004391   Thumb Code    30  stm32l1xx_dma.o(.text)
    DMA_ClearITPendingBit                    0x080043af   Thumb Code    14  stm32l1xx_dma.o(.text)
    ADC_DeInit                               0x080043c1   Thumb Code    24  stm32l1xx_adc.o(.text)
    ADC_Init                                 0x080043d9   Thumb Code    74  stm32l1xx_adc.o(.text)
    ADC_StructInit                           0x08004423   Thumb Code    26  stm32l1xx_adc.o(.text)
    ADC_CommonInit                           0x0800443d   Thumb Code    22  stm32l1xx_adc.o(.text)
    ADC_CommonStructInit                     0x08004453   Thumb Code     6  stm32l1xx_adc.o(.text)
    ADC_Cmd                                  0x08004459   Thumb Code    22  stm32l1xx_adc.o(.text)
    ADC_PowerDownCmd                         0x0800446f   Thumb Code    18  stm32l1xx_adc.o(.text)
    ADC_DelaySelectionConfig                 0x08004481   Thumb Code    16  stm32l1xx_adc.o(.text)
    ADC_AnalogWatchdogCmd                    0x08004491   Thumb Code    16  stm32l1xx_adc.o(.text)
    ADC_AnalogWatchdogThresholdsConfig       0x080044a1   Thumb Code     6  stm32l1xx_adc.o(.text)
    ADC_AnalogWatchdogSingleChannelConfig    0x080044a7   Thumb Code    16  stm32l1xx_adc.o(.text)
    ADC_TempSensorVrefintCmd                 0x080044b7   Thumb Code    30  stm32l1xx_adc.o(.text)
    ADC_RegularChannelConfig                 0x080044d5   Thumb Code   304  stm32l1xx_adc.o(.text)
    ADC_SoftwareStartConv                    0x08004605   Thumb Code    10  stm32l1xx_adc.o(.text)
    ADC_GetSoftwareStartConvStatus           0x0800460f   Thumb Code    20  stm32l1xx_adc.o(.text)
    ADC_EOCOnEachRegularChannelCmd           0x08004623   Thumb Code    22  stm32l1xx_adc.o(.text)
    ADC_ContinuousModeCmd                    0x08004639   Thumb Code    22  stm32l1xx_adc.o(.text)
    ADC_DiscModeChannelCountConfig           0x0800464f   Thumb Code    24  stm32l1xx_adc.o(.text)
    ADC_DiscModeCmd                          0x08004667   Thumb Code    22  stm32l1xx_adc.o(.text)
    ADC_GetConversionValue                   0x0800467d   Thumb Code     8  stm32l1xx_adc.o(.text)
    ADC_DMACmd                               0x08004685   Thumb Code    22  stm32l1xx_adc.o(.text)
    ADC_DMARequestAfterLastTransferCmd       0x0800469b   Thumb Code    22  stm32l1xx_adc.o(.text)
    ADC_InjectedChannelConfig                0x080046b1   Thumb Code   170  stm32l1xx_adc.o(.text)
    ADC_InjectedSequencerLengthConfig        0x0800475b   Thumb Code    24  stm32l1xx_adc.o(.text)
    ADC_SetInjectedOffset                    0x08004773   Thumb Code    20  stm32l1xx_adc.o(.text)
    ADC_ExternalTrigInjectedConvConfig       0x08004787   Thumb Code    16  stm32l1xx_adc.o(.text)
    ADC_ExternalTrigInjectedConvEdgeConfig   0x08004797   Thumb Code    16  stm32l1xx_adc.o(.text)
    ADC_SoftwareStartInjectedConv            0x080047a7   Thumb Code    10  stm32l1xx_adc.o(.text)
    ADC_GetSoftwareStartInjectedConvCmdStatus 0x080047b1   Thumb Code    36  stm32l1xx_adc.o(.text)
    ADC_AutoInjectedConvCmd                  0x080047d5   Thumb Code    22  stm32l1xx_adc.o(.text)
    ADC_InjectedDiscModeCmd                  0x080047eb   Thumb Code    22  stm32l1xx_adc.o(.text)
    ADC_GetInjectedConversionValue           0x08004801   Thumb Code    28  stm32l1xx_adc.o(.text)
    ADC_ITConfig                             0x0800481d   Thumb Code    32  stm32l1xx_adc.o(.text)
    ADC_GetFlagStatus                        0x0800483d   Thumb Code    18  stm32l1xx_adc.o(.text)
    ADC_ClearFlag                            0x0800484f   Thumb Code     6  stm32l1xx_adc.o(.text)
    ADC_GetITStatus                          0x08004855   Thumb Code    38  stm32l1xx_adc.o(.text)
    ADC_ClearITPendingBit                    0x0800487b   Thumb Code    10  stm32l1xx_adc.o(.text)
    FLASH_SetLatency                         0x08004885   Thumb Code    18  stm32l1xx_flash.o(.text)
    FLASH_PrefetchBufferCmd                  0x08004897   Thumb Code    30  stm32l1xx_flash.o(.text)
    FLASH_ReadAccess64Cmd                    0x080048b5   Thumb Code    30  stm32l1xx_flash.o(.text)
    FLASH_SLEEPPowerDownCmd                  0x080048d3   Thumb Code    30  stm32l1xx_flash.o(.text)
    DATA_EEPROM_Unlock                       0x080048f1   Thumb Code    26  stm32l1xx_flash.o(.text)
    FLASH_Unlock                             0x0800490b   Thumb Code    32  stm32l1xx_flash.o(.text)
    FLASH_Lock                               0x0800492b   Thumb Code    18  stm32l1xx_flash.o(.text)
    FLASH_GetStatus                          0x0800493d   Thumb Code    56  stm32l1xx_flash.o(.text)
    FLASH_WaitForLastOperation               0x08004975   Thumb Code    38  stm32l1xx_flash.o(.text)
    FLASH_ErasePage                          0x0800499b   Thumb Code    86  stm32l1xx_flash.o(.text)
    FLASH_FastProgramWord                    0x080049f1   Thumb Code    34  stm32l1xx_flash.o(.text)
    DATA_EEPROM_Lock                         0x08004a13   Thumb Code    18  stm32l1xx_flash.o(.text)
    DATA_EEPROM_FixedTimeProgramCmd          0x08004a25   Thumb Code    38  stm32l1xx_flash.o(.text)
    DATA_EEPROM_EraseWord                    0x08004a4b   Thumb Code    26  stm32l1xx_flash.o(.text)
    DATA_EEPROM_FastProgramWord              0x08004a65   Thumb Code    50  stm32l1xx_flash.o(.text)
    DATA_EEPROM_FastProgramByte              0x08004a97   Thumb Code   108  stm32l1xx_flash.o(.text)
    DATA_EEPROM_FastProgramHalfWord          0x08004b03   Thumb Code   136  stm32l1xx_flash.o(.text)
    DATA_EEPROM_ProgramByte                  0x08004b8b   Thumb Code    92  stm32l1xx_flash.o(.text)
    DATA_EEPROM_ProgramHalfWord              0x08004be7   Thumb Code   120  stm32l1xx_flash.o(.text)
    DATA_EEPROM_ProgramWord                  0x08004c5f   Thumb Code    54  stm32l1xx_flash.o(.text)
    FLASH_OB_Unlock                          0x08004c95   Thumb Code    30  stm32l1xx_flash.o(.text)
    FLASH_OB_Lock                            0x08004cb3   Thumb Code    14  stm32l1xx_flash.o(.text)
    FLASH_OB_Launch                          0x08004cc1   Thumb Code    14  stm32l1xx_flash.o(.text)
    FLASH_OB_WRPConfig                       0x08004ccf   Thumb Code   142  stm32l1xx_flash.o(.text)
    FLASH_OB_RDPConfig                       0x08004d5d   Thumb Code    48  stm32l1xx_flash.o(.text)
    FLASH_OB_UserConfig                      0x08004d8d   Thumb Code    94  stm32l1xx_flash.o(.text)
    FLASH_OB_BORConfig                       0x08004deb   Thumb Code    66  stm32l1xx_flash.o(.text)
    FLASH_OB_GetUser                         0x08004e2d   Thumb Code    12  stm32l1xx_flash.o(.text)
    FLASH_OB_GetWRP                          0x08004e39   Thumb Code     8  stm32l1xx_flash.o(.text)
    FLASH_OB_GetRDP                          0x08004e41   Thumb Code    22  stm32l1xx_flash.o(.text)
    FLASH_OB_GetBOR                          0x08004e57   Thumb Code    12  stm32l1xx_flash.o(.text)
    FLASH_ITConfig                           0x08004e63   Thumb Code    26  stm32l1xx_flash.o(.text)
    FLASH_GetFlagStatus                      0x08004e7d   Thumb Code    22  stm32l1xx_flash.o(.text)
    FLASH_ClearFlag                          0x08004e93   Thumb Code     8  stm32l1xx_flash.o(.text)
    PWR_DeInit                               0x08004ead   Thumb Code    22  stm32l1xx_pwr.o(.text)
    PWR_RTCAccessCmd                         0x08004ec3   Thumb Code     6  stm32l1xx_pwr.o(.text)
    PWR_PVDLevelConfig                       0x08004ec9   Thumb Code    18  stm32l1xx_pwr.o(.text)
    PWR_PVDCmd                               0x08004edb   Thumb Code     6  stm32l1xx_pwr.o(.text)
    PWR_WakeUpPinCmd                         0x08004ee1   Thumb Code    20  stm32l1xx_pwr.o(.text)
    PWR_FastWakeUpCmd                        0x08004ef5   Thumb Code     6  stm32l1xx_pwr.o(.text)
    PWR_UltraLowPowerCmd                     0x08004efb   Thumb Code     6  stm32l1xx_pwr.o(.text)
    PWR_VoltageScalingConfig                 0x08004f01   Thumb Code    24  stm32l1xx_pwr.o(.text)
    PWR_EnterLowPowerRunMode                 0x08004f19   Thumb Code    50  stm32l1xx_pwr.o(.text)
    PWR_EnterSleepMode                       0x08004f4b   Thumb Code    42  stm32l1xx_pwr.o(.text)
    PWR_EnterSTOPMode                        0x08004f75   Thumb Code    54  stm32l1xx_pwr.o(.text)
    PWR_EnterSTANDBYMode                     0x08004fab   Thumb Code    42  stm32l1xx_pwr.o(.text)
    PWR_GetFlagStatus                        0x08004fd5   Thumb Code    20  stm32l1xx_pwr.o(.text)
    PWR_ClearFlag                            0x08004fe9   Thumb Code    14  stm32l1xx_pwr.o(.text)
    I2C_DeInit                               0x08005005   Thumb Code    50  stm32l1xx_i2c.o(.text)
    I2C_Init                                 0x08005037   Thumb Code   218  stm32l1xx_i2c.o(.text)
    I2C_StructInit                           0x08005111   Thumb Code    30  stm32l1xx_i2c.o(.text)
    I2C_Cmd                                  0x0800512f   Thumb Code    24  stm32l1xx_i2c.o(.text)
    I2C_GenerateSTART                        0x08005147   Thumb Code    24  stm32l1xx_i2c.o(.text)
    I2C_GenerateSTOP                         0x0800515f   Thumb Code    24  stm32l1xx_i2c.o(.text)
    I2C_AcknowledgeConfig                    0x08005177   Thumb Code    24  stm32l1xx_i2c.o(.text)
    I2C_OwnAddress2Config                    0x0800518f   Thumb Code    22  stm32l1xx_i2c.o(.text)
    I2C_DualAddressCmd                       0x080051a5   Thumb Code    24  stm32l1xx_i2c.o(.text)
    I2C_GeneralCallCmd                       0x080051bd   Thumb Code    24  stm32l1xx_i2c.o(.text)
    I2C_SoftwareResetCmd                     0x080051d5   Thumb Code    22  stm32l1xx_i2c.o(.text)
    I2C_SMBusAlertConfig                     0x080051eb   Thumb Code    28  stm32l1xx_i2c.o(.text)
    I2C_ARPCmd                               0x08005207   Thumb Code    24  stm32l1xx_i2c.o(.text)
    I2C_StretchClockCmd                      0x0800521f   Thumb Code    24  stm32l1xx_i2c.o(.text)
    I2C_FastModeDutyCycleConfig              0x08005237   Thumb Code    28  stm32l1xx_i2c.o(.text)
    I2C_Send7bitAddress                      0x08005253   Thumb Code    16  stm32l1xx_i2c.o(.text)
    I2C_SendData                             0x08005263   Thumb Code     4  stm32l1xx_i2c.o(.text)
    I2C_ReceiveData                          0x08005267   Thumb Code     8  stm32l1xx_i2c.o(.text)
    I2C_TransmitPEC                          0x0800526f   Thumb Code    24  stm32l1xx_i2c.o(.text)
    I2C_PECPositionConfig                    0x08005287   Thumb Code    28  stm32l1xx_i2c.o(.text)
    I2C_CalculatePEC                         0x080052a3   Thumb Code    24  stm32l1xx_i2c.o(.text)
    I2C_GetPEC                               0x080052bb   Thumb Code     8  stm32l1xx_i2c.o(.text)
    I2C_DMACmd                               0x080052c3   Thumb Code    24  stm32l1xx_i2c.o(.text)
    I2C_DMALastTransferCmd                   0x080052db   Thumb Code    24  stm32l1xx_i2c.o(.text)
    I2C_ReadRegister                         0x080052f3   Thumb Code    22  stm32l1xx_i2c.o(.text)
    I2C_ITConfig                             0x08005309   Thumb Code    18  stm32l1xx_i2c.o(.text)
    I2C_CheckEvent                           0x0800531b   Thumb Code    42  stm32l1xx_i2c.o(.text)
    I2C_GetLastEvent                         0x08005345   Thumb Code    26  stm32l1xx_i2c.o(.text)
    I2C_GetFlagStatus                        0x0800535f   Thumb Code    58  stm32l1xx_i2c.o(.text)
    I2C_ClearFlag                            0x08005399   Thumb Code    12  stm32l1xx_i2c.o(.text)
    I2C_GetITStatus                          0x080053a5   Thumb Code    38  stm32l1xx_i2c.o(.text)
    I2C_ClearITPendingBit                    0x080053cb   Thumb Code    12  stm32l1xx_i2c.o(.text)
    strlen                                   0x080053e9   Thumb Code    14  strlen.o(.text)
    __aeabi_fadd                             0x080053f7   Thumb Code   164  fadd.o(.text)
    __aeabi_fsub                             0x0800549b   Thumb Code     6  fadd.o(.text)
    __aeabi_frsub                            0x080054a1   Thumb Code     6  fadd.o(.text)
    __aeabi_fmul                             0x080054a7   Thumb Code   108  fmul.o(.text)
    __aeabi_fdiv                             0x08005513   Thumb Code   128  fdiv.o(.text)
    __aeabi_dmul                             0x08005593   Thumb Code   228  dmul.o(.text)
    __aeabi_ddiv                             0x08005677   Thumb Code   222  ddiv.o(.text)
    __aeabi_i2f                              0x08005755   Thumb Code    18  fflti.o(.text)
    __aeabi_ui2d                             0x08005767   Thumb Code    26  dfltui.o(.text)
    __aeabi_f2d                              0x08005781   Thumb Code    38  f2d.o(.text)
    __aeabi_d2f                              0x080057a7   Thumb Code    56  d2f.o(.text)
    __aeabi_cfrcmple                         0x080057e1   Thumb Code    20  cfrcmple.o(.text)
    __aeabi_uidiv                            0x080057f5   Thumb Code     0  uidiv.o(.text)
    __aeabi_uidivmod                         0x080057f5   Thumb Code    44  uidiv.o(.text)
    __aeabi_uldivmod                         0x08005821   Thumb Code    98  uldiv.o(.text)
    __I$use$fp                               0x08005883   Thumb Code     0  iusefp.o(.text)
    _float_round                             0x08005883   Thumb Code    18  fepilogue.o(.text)
    _float_epilogue                          0x08005895   Thumb Code    90  fepilogue.o(.text)
    _double_round                            0x080058ef   Thumb Code    26  depilogue.o(.text)
    _double_epilogue                         0x08005909   Thumb Code   164  depilogue.o(.text)
    __aeabi_dadd                             0x080059ad   Thumb Code   322  dadd.o(.text)
    __aeabi_dsub                             0x08005aef   Thumb Code     6  dadd.o(.text)
    __aeabi_drsub                            0x08005af5   Thumb Code     6  dadd.o(.text)
    __aeabi_d2ulz                            0x08005afb   Thumb Code    48  dfixul.o(.text)
    __aeabi_cdrcmple                         0x08005b2d   Thumb Code    38  cdrcmple.o(.text)
    __scatterload                            0x08005b55   Thumb Code    28  init.o(.text)
    __scatterload_rt2                        0x08005b55   Thumb Code     0  init.o(.text)
    __aeabi_llsl                             0x08005b79   Thumb Code    30  llshl.o(.text)
    _ll_shift_l                              0x08005b79   Thumb Code     0  llshl.o(.text)
    __aeabi_llsr                             0x08005b97   Thumb Code    32  llushr.o(.text)
    _ll_ushift_r                             0x08005b97   Thumb Code     0  llushr.o(.text)
    __aeabi_lasr                             0x08005bb7   Thumb Code    36  llsshr.o(.text)
    _ll_sshift_r                             0x08005bb7   Thumb Code     0  llsshr.o(.text)
    __0sprintf                               0x08005bdd   Thumb Code    34  printfa.o(i.__0sprintf)
    __1sprintf                               0x08005bdd   Thumb Code     0  printfa.o(i.__0sprintf)
    __2sprintf                               0x08005bdd   Thumb Code     0  printfa.o(i.__0sprintf)
    __c89sprintf                             0x08005bdd   Thumb Code     0  printfa.o(i.__0sprintf)
    sprintf                                  0x08005bdd   Thumb Code     0  printfa.o(i.__0sprintf)
    __scatterload_copy                       0x08005c05   Thumb Code    14  handlers.o(i.__scatterload_copy)
    __scatterload_null                       0x08005c13   Thumb Code     2  handlers.o(i.__scatterload_null)
    __scatterload_zeroinit                   0x08005c15   Thumb Code    14  handlers.o(i.__scatterload_zeroinit)
    Region$$Table$$Base                      0x08006518   Number         0  anon$$obj.o(Region$$Table)
    Region$$Table$$Limit                     0x08006538   Number         0  anon$$obj.o(Region$$Table)
    systick_ms                               0x20000000   Data           2  main.o(.data)
    toggle_ms                                0x20000002   Data           2  main.o(.data)
    dirty_cycle                              0x20000004   Data           2  main.o(.data)
    period                                   0x20000006   Data           2  main.o(.data)
    mode                                     0x20000008   Data           1  main.o(.data)
    first_time_in_mode                       0x20000009   Data           1  main.o(.data)
    flag_UserButton                          0x2000000a   Data           1  main.o(.data)
    flag_ADCDMA_TransferComplete             0x20000010   Data           1  main.o(.data)
    humidity                                 0x20000014   Data           4  main.o(.data)
    temperature                              0x20000018   Data           4  main.o(.data)
    temperatureP                             0x2000001c   Data           4  main.o(.data)
    preasure                                 0x20000020   Data           4  main.o(.data)
    SystemCoreClock                          0x20000024   Data           4  system_stm32l1xx.o(.data)
    PLLMulTable                              0x20000028   Data           9  system_stm32l1xx.o(.data)
    AHBPrescTable                            0x20000031   Data          16  system_stm32l1xx.o(.data)
    ow_buf                                   0x20000041   Data           8  onewire.o(.data)
    calibdata                                0x2000004a   Data           8  adc.o(.data)
    RCC_Clocks                               0x2000006c   Data          16  main.o(.bss)
    DMA_InitStructure                        0x2000007c   Data          44  adc.o(.bss)
    ADC_ConvertedValueBuff                   0x200000a8   Data          40  adc.o(.bss)
    __initial_sp                             0x200004d0   Data           0  startup_stm32l1xx_md.o(STACK)



==============================================================================

Memory Map of the image

  Image Entry point : 0x08000109

  Load Region LR_1 (Base: 0x08000000, Size: 0x000065a4, Max: 0xffffffff, ABSOLUTE)

    Execution Region ER_RO (Base: 0x08000000, Size: 0x00006538, Max: 0xffffffff, ABSOLUTE)

    Base Addr    Size         Type   Attr      Idx    E Section Name        Object

    0x08000000   0x000000f4   Data   RO            3    RESET               startup_stm32l1xx_md.o
    0x080000f4   0x00000000   Code   RO          790  * .ARM.Collect$$$$00000000  mc_w.l(entry.o)
    0x080000f4   0x00000004   Code   RO         1076    .ARM.Collect$$$$00000001  mc_w.l(entry2.o)
    0x080000f8   0x00000004   Code   RO         1079    .ARM.Collect$$$$00000004  mc_w.l(entry5.o)
    0x080000fc   0x00000000   Code   RO         1081    .ARM.Collect$$$$00000008  mc_w.l(entry7b.o)
    0x080000fc   0x00000000   Code   RO         1083    .ARM.Collect$$$$0000000A  mc_w.l(entry8b.o)
    0x080000fc   0x00000008   Code   RO         1084    .ARM.Collect$$$$0000000B  mc_w.l(entry9a.o)
    0x08000104   0x00000000   Code   RO         1086    .ARM.Collect$$$$0000000D  mc_w.l(entry10a.o)
    0x08000104   0x00000000   Code   RO         1088    .ARM.Collect$$$$0000000F  mc_w.l(entry11a.o)
    0x08000104   0x00000004   Code   RO         1077    .ARM.Collect$$$$00002712  mc_w.l(entry2.o)
    0x08000108   0x00000024   Code   RO            4  * .text               startup_stm32l1xx_md.o
    0x0800012c   0x000006ac   Code   RO           12    .text               main.o
    0x080007d8   0x00000218   Code   RO          173    .text               system_stm32l1xx.o
    0x080009f0   0x000001c0   Code   RO          272    .text               dht11.o
    0x08000bb0   0x0000024c   Code   RO          296    .text               uart.o
    0x08000dfc   0x000003e0   Code   RO          316    .text               i2c.o
    0x080011dc   0x000002dc   Code   RO          339    .text               bmp085.o
    0x080014b8   0x00000314   Code   RO          359    .text               onewire.o
    0x080017cc   0x00000110   Code   RO          382    .text               18b20.o
    0x080018dc   0x00000020   Code   RO          402    .text               leds.o
    0x080018fc   0x0000048c   Code   RO          422    .text               adc.o
    0x08001d88   0x0000002a   Code   RO          446    .text               rtc.o
    0x08001db2   0x00000002   PAD
    0x08001db4   0x000000dc   Code   RO          466    .text               pin.o
    0x08001e90   0x00000060   Code   RO          486    .text               button.o
    0x08001ef0   0x000001ec   Code   RO          506    .text               stm32l1xx_gpio.o
    0x080020dc   0x00000488   Code   RO          530    .text               stm32l1xx_rcc.o
    0x08002564   0x00000ae8   Code   RO          552    .text               stm32l1xx_rtc.o
    0x0800304c   0x00000268   Code   RO          572    .text               stm32l1xx_syscfg.o
    0x080032b4   0x000009da   Code   RO          592    .text               stm32l1xx_tim.o
    0x08003c8e   0x00000002   PAD
    0x08003c90   0x00000388   Code   RO          612    .text               stm32l1xx_usart.o
    0x08004018   0x000000dc   Code   RO          632    .text               misc.o
    0x080040f4   0x0000011c   Code   RO          652    .text               stm32l1xx_exti.o
    0x08004210   0x000001b0   Code   RO          672    .text               stm32l1xx_dma.o
    0x080043c0   0x000004c4   Code   RO          692    .text               stm32l1xx_adc.o
    0x08004884   0x00000628   Code   RO          712    .text               stm32l1xx_flash.o
    0x08004eac   0x00000158   Code   RO          732    .text               stm32l1xx_pwr.o
    0x08005004   0x000003e4   Code   RO          772    .text               stm32l1xx_i2c.o
    0x080053e8   0x0000000e   Code   RO          793    .text               mc_w.l(strlen.o)
    0x080053f6   0x000000b0   Code   RO         1056    .text               mf_w.l(fadd.o)
    0x080054a6   0x0000006c   Code   RO         1058    .text               mf_w.l(fmul.o)
    0x08005512   0x00000080   Code   RO         1060    .text               mf_w.l(fdiv.o)
    0x08005592   0x000000e4   Code   RO         1062    .text               mf_w.l(dmul.o)
    0x08005676   0x000000de   Code   RO         1064    .text               mf_w.l(ddiv.o)
    0x08005754   0x00000012   Code   RO         1066    .text               mf_w.l(fflti.o)
    0x08005766   0x0000001a   Code   RO         1068    .text               mf_w.l(dfltui.o)
    0x08005780   0x00000026   Code   RO         1070    .text               mf_w.l(f2d.o)
    0x080057a6   0x00000038   Code   RO         1072    .text               mf_w.l(d2f.o)
    0x080057de   0x00000002   PAD
    0x080057e0   0x00000014   Code   RO         1074    .text               mf_w.l(cfrcmple.o)
    0x080057f4   0x0000002c   Code   RO         1093    .text               mc_w.l(uidiv.o)
    0x08005820   0x00000062   Code   RO         1095    .text               mc_w.l(uldiv.o)
    0x08005882   0x00000000   Code   RO         1097    .text               mc_w.l(iusefp.o)
    0x08005882   0x0000006c   Code   RO         1098    .text               mf_w.l(fepilogue.o)
    0x080058ee   0x000000be   Code   RO         1100    .text               mf_w.l(depilogue.o)
    0x080059ac   0x0000014e   Code   RO         1102    .text               mf_w.l(dadd.o)
    0x08005afa   0x00000030   Code   RO         1104    .text               mf_w.l(dfixul.o)
    0x08005b2a   0x00000002   PAD
    0x08005b2c   0x00000028   Code   RO         1106    .text               mf_w.l(cdrcmple.o)
    0x08005b54   0x00000024   Code   RO         1108    .text               mc_w.l(init.o)
    0x08005b78   0x0000001e   Code   RO         1111    .text               mc_w.l(llshl.o)
    0x08005b96   0x00000020   Code   RO         1113    .text               mc_w.l(llushr.o)
    0x08005bb6   0x00000024   Code   RO         1115    .text               mc_w.l(llsshr.o)
    0x08005bda   0x00000002   PAD
    0x08005bdc   0x00000028   Code   RO         1030    i.__0sprintf        mc_w.l(printfa.o)
    0x08005c04   0x0000000e   Code   RO         1120    i.__scatterload_copy  mc_w.l(handlers.o)
    0x08005c12   0x00000002   Code   RO         1121    i.__scatterload_null  mc_w.l(handlers.o)
    0x08005c14   0x0000000e   Code   RO         1122    i.__scatterload_zeroinit  mc_w.l(handlers.o)
    0x08005c22   0x00000002   PAD
    0x08005c24   0x0000015c   Code   RO         1035    i._fp_digits        mc_w.l(printfa.o)
    0x08005d80   0x000006f0   Code   RO         1036    i._printf_core      mc_w.l(printfa.o)
    0x08006470   0x00000026   Code   RO         1037    i._printf_post_padding  mc_w.l(printfa.o)
    0x08006496   0x00000030   Code   RO         1038    i._printf_pre_padding  mc_w.l(printfa.o)
    0x080064c6   0x0000000a   Code   RO         1040    i._sputc            mc_w.l(printfa.o)
    0x080064d0   0x00000047   Data   RO           14    .constdata          main.o
    0x08006517   0x00000001   PAD
    0x08006518   0x00000020   Data   RO         1118    Region$$Table       anon$$obj.o


    Execution Region ER_RW (Base: 0x20000000, Size: 0x0000006c, Max: 0xffffffff, ABSOLUTE)

    Base Addr    Size         Type   Attr      Idx    E Section Name        Object

    0x20000000   0x00000024   Data   RW           15    .data               main.o
    0x20000024   0x0000001d   Data   RW          174    .data               system_stm32l1xx.o
    0x20000041   0x00000008   Data   RW          360    .data               onewire.o
    0x20000049   0x00000001   PAD
    0x2000004a   0x00000008   Data   RW          424    .data               adc.o
    0x20000052   0x00000019   Data   RW          531    .data               stm32l1xx_rcc.o


    Execution Region ER_ZI (Base: 0x2000006c, Size: 0x00000464, Max: 0xffffffff, ABSOLUTE)

    Base Addr    Size         Type   Attr      Idx    E Section Name        Object

    0x2000006c   0x00000010   Zero   RW           13    .bss                main.o
    0x2000007c   0x00000054   Zero   RW          423    .bss                adc.o
    0x200000d0   0x00000400   Zero   RW            1    STACK               startup_stm32l1xx_md.o


==============================================================================

Image component sizes


      Code (inc. data)   RO Data    RW Data    ZI Data      Debug   Object Name

       272         20          0          0          0       1279   18b20.o
      1164         60          0          8         84       3510   adc.o
       732         20          0          0          0       2737   bmp085.o
        96          4          0          0          0        590   button.o
       448         14          0          0          0       2117   dht11.o
       992         20          0          0          0       2235   i2c.o
        32          6          0          0          0        363   leds.o
      1708        410         71         36         16     281044   main.o
       220         20          0          0          0       1753   misc.o
       788         16          0          8          0       2928   onewire.o
       220         14          0          0          0        939   pin.o
        42          0          0          0          0        375   rtc.o
        36          8        244          0       1024        752   startup_stm32l1xx_md.o
      1220         16          0          0          0      10324   stm32l1xx_adc.o
       432          4          0          0          0       3710   stm32l1xx_dma.o
       284         10          0          0          0       2187   stm32l1xx_exti.o
      1576         38          0          0          0       7835   stm32l1xx_flash.o
       492         24          0          0          0       3597   stm32l1xx_gpio.o
       996         18          0          0          0       7664   stm32l1xx_i2c.o
       344         14          0          0          0       3940   stm32l1xx_pwr.o
      1160         40          0         25          0       9043   stm32l1xx_rcc.o
      2792         36          0          0          0      11382   stm32l1xx_rtc.o
       616         10          0          0          0       2785   stm32l1xx_syscfg.o
      2522         28          0          0          0      19892   stm32l1xx_tim.o
       904         14          0          0          0       7424   stm32l1xx_usart.o
       536         46          0         29          0     264679   system_stm32l1xx.o
       588         26          0          0          0       2108   uart.o

    ----------------------------------------------------------------------
     21216        936        348        108       1124     657192   Object Totals
         0          0         32          0          0          0   (incl. Generated)
         4          0          1          2          0          0   (incl. Padding)

    ----------------------------------------------------------------------

      Code (inc. data)   RO Data    RW Data    ZI Data      Debug   Library Member Name

         0          0          0          0          0          0   entry.o
         0          0          0          0          0          0   entry10a.o
         0          0          0          0          0          0   entry11a.o
         8          4          0          0          0          0   entry2.o
         4          0          0          0          0          0   entry5.o
         0          0          0          0          0          0   entry7b.o
         0          0          0          0          0          0   entry8b.o
         8          4          0          0          0          0   entry9a.o
        30          0          0          0          0          0   handlers.o
        36          8          0          0          0         68   init.o
         0          0          0          0          0          0   iusefp.o
        30          0          0          0          0         68   llshl.o
        36          0          0          0          0         68   llsshr.o
        32          0          0          0          0         68   llushr.o
      2260         86          0          0          0        512   printfa.o
        14          0          0          0          0         68   strlen.o
        44          0          0          0          0         80   uidiv.o
        98          0          0          0          0         92   uldiv.o
        40          2          0          0          0         68   cdrcmple.o
        20          0          0          0          0         68   cfrcmple.o
        56          0          0          0          0         88   d2f.o
       334          0          0          0          0        148   dadd.o
       222          0          0          0          0        100   ddiv.o
       190          0          0          0          0        176   depilogue.o
        48          0          0          0          0         68   dfixul.o
        26          0          0          0          0         76   dfltui.o
       228          0          0          0          0         96   dmul.o
        38          0          0          0          0         68   f2d.o
       176          0          0          0          0        140   fadd.o
       128          0          0          0          0         88   fdiv.o
       108          0          0          0          0        168   fepilogue.o
        18          0          0          0          0         68   fflti.o
       108          0          0          0          0         76   fmul.o

    ----------------------------------------------------------------------
      4348        104          0          0          0       2520   Library Totals
         8          0          0          0          0          0   (incl. Padding)

    ----------------------------------------------------------------------

      Code (inc. data)   RO Data    RW Data    ZI Data      Debug   Library Name

      2600        102          0          0          0       1024   mc_w.l
      1740          2          0          0          0       1496   mf_w.l

    ----------------------------------------------------------------------
      4348        104          0          0          0       2520   Library Totals

    ----------------------------------------------------------------------

==============================================================================


      Code (inc. data)   RO Data    RW Data    ZI Data      Debug   

     25564       1040        348        108       1124     655552   Grand Totals
     25564       1040        348        108       1124     655552   ELF Image Totals
     25564       1040        348        108          0          0   ROM Totals

==============================================================================

    Total RO  Size (Code + RO Data)                25912 (  25.30kB)
    Total RW  Size (RW Data + ZI Data)              1232 (   1.20kB)
    Total ROM Size (Code + RO Data + RW Data)      26020 (  25.41kB)

==============================================================================

