<html>
<body>
<pre>
<h1>µVision Build Log</h1>
<h2>Project:</h2>
C:\Keil\ARM\Boards\ST\STM32L-Discovery\BMP085\dht22tocom.uvproj
Project File Date:  01/07/2015

<h2>Output:</h2>
Build target 'Target 1'
linking...
Program Size: Code=25564 RO-data=348 RW-data=108 ZI-data=1124  
".\obj\dhttocom.axf" - 0 Error(s), 0 Warning(s).
Load "C:\\Keil\\ARM\\Boards\\ST\\STM32L-Discovery\\BMP085\\obj\\dhttocom.axf" 
Erase Done.
Programming Done.

Programming Failed!
Error: Flash Download failed  -  "Cortex-M3"
Load "C:\\Keil\\ARM\\Boards\\ST\\STM32L-Discovery\\BMP085\\obj\\dhttocom.axf" 
Erase Done.
Programming Done.
Load "C:\\Keil\\ARM\\Boards\\ST\\STM32L-Discovery\\BMP085\\obj\\dhttocom.axf" 
Erase Done.
Programming Done.
: error:  #20: identifier "ADC_ConvertedValueBuff" is undefined
                processTempData(&calibdata, ADC_ConvertedValueBuff, &ADC_RES);
main.c(107): error:  #140: too many arguments in function call
                processTempData(&calibdata, ADC_ConvertedValueBuff, &ADC_RES);
main.c: 1 warning, 5 errors
compiling adc.c...
adc.h(56): warning:  #1295-D: Deprecated declaration adc_init - give arg types
  void adc_init();
adc.c: 1 warning, 0 errors
".\obj\dhttocom.axf" - 5 Error(s), 2 Warning(s).
Target not created
 2 warnings, 0 errors
".\obj\dhttocom.axf" - 4 Error(s), 4 Warning(s).
Target not created
ing(s).
Target not created
