<html>
<body>
<pre>
<h1>µVision Build Log</h1>
<h2>Project:</h2>
C:\PRG\keil\ARM\Boards\ST\STM32L-Discovery\DHT22TOCOM\dht22tocom.uvproj
Project File Date:  01/04/2013

<h2>Output:</h2>
Build target 'Target 1'
assembling startup_stm32l1xx_md.s...
compiling ext_glcd.c...
compiling main.c...
main.c(79): warning:  #223-D: function "Init_Ext_GLCD" declared implicitly
main.c(81): warning:  #223-D: function "GotoXY" declared implicitly
main.c(82): warning:  #223-D: function "Write_GLCD" declared implicitly
main.c(112): warning:  #223-D: function "GetTemperature" declared implicitly
main.c(113): warning:  #223-D: function "CalculateTemperature" declared implicitly
main.c(120): error:  #20: identifier "rd" is undefined
compiling system_stm32l1xx.c...
compiling onewire.c...
compiling 18b20.c...
compiling dht11.c...
compiling ds2417.c...
compiling stm32l1xx_gpio.c...
compiling stm32l1xx_rcc.c...
compiling stm32l1xx_rtc.c...
compiling stm32l1xx_syscfg.c...
compiling stm32l1xx_tim.c...
compiling stm32l1xx_usart.c...
compiling misc.c...
compiling stm32l1xx_exti.c...
compiling stm32l1xx_dma.c...
compiling stm32l1xx_adc.c...
compiling stm32l1xx_flash.c...
compiling stm32l1xx_pwr.c...
compiling stm32l1xx_dac.c...
Target not created
Build target 'Target 1'
compiling main.c...
linking...
Program Size: Code=17664 RO-data=276 RW-data=136 ZI-data=1168  
".\obj\dhttocom.axf" - 0 Error(s), 0 Warning(s).
Build target 'Target 1'
linking...
Program Size: Code=17664 RO-data=276 RW-data=136 ZI-data=1168  
".\obj\dhttocom.axf" - 0 Error(s), 0 Warning(s).
Load "C:\\PRG\\keil\\ARM\\Boards\\ST\\STM32L-Discovery\\DHT22TOCOM\\obj\\dhttocom.AXF" 
Erase Done.
Programming Done.
Verify OK.
Build target 'Target 1'
compiling main.c...
linking...
Program Size: Code=18004 RO-data=276 RW-data=136 ZI-data=1168  
".\obj\dhttocom.axf" - 0 Error(s), 0 Warning(s).
Load "C:\\PRG\\keil\\ARM\\Boards\\ST\\STM32L-Discovery\\DHT22TOCOM\\obj\\dhttocom.AXF" 
Erase Done.
Programming Done.
Verify OK.
Build target 'Target 1'
compiling main.c...
linking...
Program Size: Code=18020 RO-data=276 RW-data=136 ZI-data=1168  
".\obj\dhttocom.axf" - 0 Error(s), 0 Warning(s).
Load "C:\\PRG\\keil\\ARM\\Boards\\ST\\STM32L-Discovery\\DHT22TOCOM\\obj\\dhttocom.AXF" 
Erase Done.
Programming Done.
Verify OK.
Build target 'Target 1'
compiling main.c...
linking...
Program Size: Code=17964 RO-data=276 RW-data=136 ZI-data=1168  
".\obj\dhttocom.axf" - 0 Error(s), 0 Warning(s).
Build target 'Target 1'
linking...
Program Size: Code=17964 RO-data=276 RW-data=136 ZI-data=1168  
".\obj\dhttocom.axf" - 0 Error(s), 0 Warning(s).
Load "C:\\PRG\\keil\\ARM\\Boards\\ST\\STM32L-Discovery\\DHT22TOCOM\\obj\\dhttocom.AXF" 
Erase Done.
Programming Done.
Verify OK.
Build target 'Target 1'
compiling main.c...
linking...
Program Size: Code=17972 RO-data=276 RW-data=136 ZI-data=1168  
".\obj\dhttocom.axf" - 0 Error(s), 0 Warning(s).
Load "C:\\PRG\\keil\\ARM\\Boards\\ST\\STM32L-Discovery\\DHT22TOCOM\\obj\\dhttocom.AXF" 
Erase Done.
Programming Done.
Verify OK.
Build target 'Target 1'
compiling main.c...
linking...
Program Size: Code=18152 RO-data=276 RW-data=128 ZI-data=1152  
".\obj\dhttocom.axf" - 0 Error(s), 0 Warning(s).
Load "C:\\PRG\\keil\\ARM\\Boards\\ST\\STM32L-Discovery\\DHT22TOCOM\\obj\\dhttocom.AXF" 
Erase Done.
Programming Done.
Verify OK.
Build target 'Target 1'
compiling main.c...
main.c(119): warning:  #181-D: argument is incompatible with corresponding format string conversion
main.c(134): warning:  #181-D: argument is incompatible with corresponding format string conversion
linking...
Program Size: Code=18212 RO-data=276 RW-data=128 ZI-data=1152  
".\obj\dhttocom.axf" - 0 Error(s), 2 Warning(s).
Build target 'Target 1'
compiling main.c...
linking...
Program Size: Code=18204 RO-data=276 RW-data=128 ZI-data=1152  
".\obj\dhttocom.axf" - 0 Error(s), 0 Warning(s).
Load "C:\\PRG\\keil\\ARM\\Boards\\ST\\STM32L-Discovery\\DHT22TOCOM\\obj\\dhttocom.AXF" 
Erase Done.
Programming Done.
Verify OK.
Build target 'Target 1'
compiling main.c...
linking...
Program Size: Code=18208 RO-data=276 RW-data=128 ZI-data=1152  
".\obj\dhttocom.axf" - 0 Error(s), 0 Warning(s).
Load "C:\\PRG\\keil\\ARM\\Boards\\ST\\STM32L-Discovery\\DHT22TOCOM\\obj\\dhttocom.AXF" 
Erase Done.
Programming Done.
Verify OK.
Build target 'Target 1'
compiling main.c...
linking...
Program Size: Code=18272 RO-data=276 RW-data=128 ZI-data=1152  
".\obj\dhttocom.axf" - 0 Error(s), 0 Warning(s).
Load "C:\\PRG\\keil\\ARM\\Boards\\ST\\STM32L-Discovery\\DHT22TOCOM\\obj\\dhttocom.AXF" 
Erase Done.
Programming Done.
Verify OK.
Build target 'Target 1'
compiling main.c...
linking...
Program Size: Code=18272 RO-data=276 RW-data=128 ZI-data=1152  
".\obj\dhttocom.axf" - 0 Error(s), 0 Warning(s).
Load "C:\\PRG\\keil\\ARM\\Boards\\ST\\STM32L-Discovery\\DHT22TOCOM\\obj\\dhttocom.AXF" 
Erase Done.
Programming Done.
Verify OK.
Build target 'Target 1'
compiling main.c...
linking...
Program Size: Code=18272 RO-data=276 RW-data=128 ZI-data=1152  
".\obj\dhttocom.axf" - 0 Error(s), 0 Warning(s).
Load "C:\\PRG\\keil\\ARM\\Boards\\ST\\STM32L-Discovery\\DHT22TOCOM\\obj\\dhttocom.AXF" 
Erase Done.
Programming Done.
Verify OK.
